Archive member included because of file (symbol)

/Applications/Arduino.app/Contents/Resources/Java/hardware/arduino/sam/variants/arduino_due_x/libsam_sam3x8e_gcc_rel.a(pio.o)
                              Builds/variant.o (PIO_Configure)
/Applications/Arduino.app/Contents/Resources/Java/hardware/arduino/sam/variants/arduino_due_x/libsam_sam3x8e_gcc_rel.a(pmc.o)
                              Builds/variant.o (pmc_enable_periph_clk)
/Applications/Arduino.app/Contents/Resources/Java/hardware/arduino/sam/variants/arduino_due_x/libsam_sam3x8e_gcc_rel.a(wdt.o)
                              Builds/variant.o (WDT_Disable)
/Applications/Arduino.app/Contents/Resources/Java/hardware/arduino/sam/variants/arduino_due_x/libsam_sam3x8e_gcc_rel.a(system_sam3xa.o)
                              Builds/variant.o (SystemInit)
/Applications/Arduino.app/Contents/Resources/Java/hardware/arduino/sam/variants/arduino_due_x/libsam_sam3x8e_gcc_rel.a(startup_sam3xa.o)
                              (Reset_Handler)
/Applications/Arduino.app/Contents/Resources/Java/hardware/arduino/sam/variants/arduino_due_x/libsam_sam3x8e_gcc_rel.a(adc.o)
                              Builds/variant.o (adc_init)
/Applications/Arduino.app/Contents/Resources/Java/hardware/arduino/sam/variants/arduino_due_x/libsam_sam3x8e_gcc_rel.a(uotghs.o)
                              /Applications/Arduino.app/Contents/Resources/Java/hardware/arduino/sam/variants/arduino_due_x/libsam_sam3x8e_gcc_rel.a(startup_sam3xa.o) (UOTGHS_Handler)
Builds/embeddedcomputing.a(WInterrupts.o)
                              /Applications/Arduino.app/Contents/Resources/Java/hardware/arduino/sam/variants/arduino_due_x/libsam_sam3x8e_gcc_rel.a(startup_sam3xa.o) (PIOA_Handler)
Builds/embeddedcomputing.a(cortex_handlers.o)
                              /Applications/Arduino.app/Contents/Resources/Java/hardware/arduino/sam/variants/arduino_due_x/libsam_sam3x8e_gcc_rel.a(startup_sam3xa.o) (SysTick_Handler)
Builds/embeddedcomputing.a(hooks.o)
                              Builds/embeddedcomputing.a(cortex_handlers.o) (sysTickHook)
Builds/embeddedcomputing.a(wiring.o)
                              Builds/main.o (delay)
Builds/embeddedcomputing.a(wiring_analog.o)
                              Builds/variant.o (analogOutputInit)
Builds/embeddedcomputing.a(wiring_digital.o)
                              Builds/variant.o (digitalWrite)
Builds/embeddedcomputing.a(Reset.o)
                              Builds/embeddedcomputing.a(cortex_handlers.o) (tickReset)
Builds/embeddedcomputing.a(RingBuffer.o)
                              Builds/variant.o (_ZN10RingBufferC1Ev)
Builds/embeddedcomputing.a(UARTClass.o)
                              Builds/variant.o (_ZN9UARTClassC1EP4Uart4IRQnmP10RingBuffer)
Builds/embeddedcomputing.a(USARTClass.o)
                              Builds/variant.o (_ZN10USARTClassC1EP5Usart4IRQnmP10RingBuffer)
Builds/embeddedcomputing.a(cxxabi-compat.o)
                              Builds/embeddedcomputing.a(UARTClass.o) (__cxa_pure_virtual)
Builds/embeddedcomputing.a(USBCore.o)
                              Builds/main.o (_ZN10USBDevice_6attachEv)
Builds/embeddedcomputing.a(Print.o)
                              Builds/embeddedcomputing.a(UARTClass.o) (_ZN5Print5writeEPKhj)
Builds/embeddedcomputing.a(CDC.o)
                              Builds/embeddedcomputing.a(USBCore.o) (_ZN7Serial_6acceptEv)
Builds/embeddedcomputing.a(HID.o)
                              Builds/embeddedcomputing.a(USBCore.o) (_Z9HID_SetupR5Setup)
/Applications/Arduino.app/Contents/Resources/Java/hardware/arduino/sam/variants/arduino_due_x/libsam_sam3x8e_gcc_rel.a(pwmc.o)
                              Builds/embeddedcomputing.a(wiring_analog.o) (PWMC_ConfigureChannel)
/Applications/Arduino.app/Contents/Resources/Java/hardware/arduino/sam/variants/arduino_due_x/libsam_sam3x8e_gcc_rel.a(tc.o)
                              Builds/embeddedcomputing.a(wiring_analog.o) (TC_Configure)
/Applications/Arduino.app/Contents/Resources/Java/hardware/arduino/sam/variants/arduino_due_x/libsam_sam3x8e_gcc_rel.a(timetick.o)
                              Builds/embeddedcomputing.a(cortex_handlers.o) (TimeTick_Increment)
/Applications/Arduino.app/Contents/Resources/Java/hardware/arduino/sam/variants/arduino_due_x/libsam_sam3x8e_gcc_rel.a(interrupt_sam_nvic.o)
                              Builds/embeddedcomputing.a(USBCore.o) (g_interrupt_enabled)
/Applications/Arduino.app/Contents/Resources/Java/hardware/arduino/sam/variants/arduino_due_x/libsam_sam3x8e_gcc_rel.a(uotghs_device.o)
                              Builds/embeddedcomputing.a(USBCore.o) (UDD_SetStack)
/Applications/Arduino.app/Contents/Resources/Java/hardware/arduino/sam/variants/arduino_due_x/libsam_sam3x8e_gcc_rel.a(dacc.o)
                              Builds/embeddedcomputing.a(wiring_analog.o) (dacc_reset)
[...]
Memory Configuration

Name             Origin             Length             Attributes
rom              0x00080000         0x00080000         xr
sram0            0x20000000         0x00010000         xrw
sram1            0x20080000         0x00008000         xrw
ram              0x20070000         0x00018000         xrw
*default*        0x00000000         0xffffffff

Linker script and memory map

LOAD /Applications/Arduino.app/Contents/Resources/Java/hardware/tools/g++_arm_none_eabi/bin/../lib/gcc/arm-none-eabi/4.4.1/thumb2/crti.o
LOAD /Applications/Arduino.app/Contents/Resources/Java/hardware/tools/g++_arm_none_eabi/bin/../lib/gcc/arm-none-eabi/4.4.1/thumb2/crtbegin.o
LOAD Builds/variant.o
LOAD /Applications/Arduino.app/Contents/Resources/Java/hardware/tools/g++_arm_none_eabi/bin/../lib/gcc/arm-none-eabi/4.4.1/thumb2/libgcc.a
START GROUP
LOAD Builds/syscalls_sam3.o
LOAD /Applications/Arduino.app/Contents/Resources/Java/hardware/arduino/sam/variants/arduino_due_x/libsam_sam3x8e_gcc_rel.a
LOAD Builds/LocalLibrary.o
LOAD Builds/RXPacket.o
LOAD Builds/TXPacket.o
LOAD Builds/main.o
LOAD Builds/embeddedcomputing.a
END GROUP
LOAD /Applications/Arduino.app/Contents/Resources/Java/hardware/tools/g++_arm_none_eabi/bin/../lib/gcc/arm-none-eabi/4.4.1/../../../../arm-none-eabi/lib/thumb2/libstdc++.a
LOAD /Applications/Arduino.app/Contents/Resources/Java/hardware/tools/g++_arm_none_eabi/bin/../lib/gcc/arm-none-eabi/4.4.1/../../../../arm-none-eabi/lib/thumb2/libm.a
START GROUP
LOAD /Applications/Arduino.app/Contents/Resources/Java/hardware/tools/g++_arm_none_eabi/bin/../lib/gcc/arm-none-eabi/4.4.1/thumb2/libgcc.a
LOAD /Applications/Arduino.app/Contents/Resources/Java/hardware/tools/g++_arm_none_eabi/bin/../lib/gcc/arm-none-eabi/4.4.1/../../../../arm-none-eabi/lib/thumb2/libc.a
END GROUP
LOAD /Applications/Arduino.app/Contents/Resources/Java/hardware/tools/g++_arm_none_eabi/bin/../lib/gcc/arm-none-eabi/4.4.1/thumb2/crtend.o
LOAD /Applications/Arduino.app/Contents/Resources/Java/hardware/tools/g++_arm_none_eabi/bin/../lib/gcc/arm-none-eabi/4.4.1/thumb2/crtn.o

.text           0x00080000     0x2b90
                0x00080000                . = ALIGN (0x4)
                0x00080000                _sfixed = .
 *(.vectors .vectors.*)
 .vectors       0x00080000       0xf4 /Applications/Arduino.app/Contents/Resources/Java/hardware/arduino/sam/variants/arduino_due_x/libsam_sam3x8e_gcc_rel.a(startup_sam3xa.o)
                0x00080000                exception_table
 *(.text .text.* .gnu.linkonce.t.*)
 .text          0x000800f4       0x30 /Applications/Arduino.app/Contents/Resources/Java/hardware/tools/g++_arm_none_eabi/bin/../lib/gcc/arm-none-eabi/4.4.1/thumb2/crtbegin.o
 .text._Z11serialEventv
                0x00080124        0x2 Builds/variant.o
                0x00080124                _Z11serialEventv
 .text._Z12serialEvent1v
                0x00080126        0x2 Builds/variant.o
                0x00080126                _Z12serialEvent1v
 .text._Z12serialEvent2v
                0x00080128        0x2 Builds/variant.o
                0x00080128                _Z12serialEvent2v
 .text._Z12serialEvent3v
                0x0008012a        0x2 Builds/variant.o
                0x0008012a                _Z12serialEvent3v
 .text.init     0x0008012c      0x134 Builds/variant.o
                0x0008012c                init
 .text._Z14serialEventRunv
                0x00080260       0x48 Builds/variant.o
                0x00080260                _Z14serialEventRunv
 .text.USART3_Handler
                0x000802a8        0xc Builds/variant.o
                0x000802a8                USART3_Handler
 .text.USART1_Handler
                0x000802b4        0xc Builds/variant.o
                0x000802b4                USART1_Handler
 .text.USART0_Handler
                0x000802c0        0xc Builds/variant.o
                0x000802c0                USART0_Handler
 .text.UART_Handler
                0x000802cc        0xc Builds/variant.o
                0x000802cc                UART_Handler
 .text._GLOBAL__I_g_APinDescription
                0x000802d8       0x8c Builds/variant.o
 .text.PIO_DisableInterrupt
                0x00080364        0x4 /Applications/Arduino.app/Contents/Resources/Java/hardware/arduino/sam/variants/arduino_due_x/libsam_sam3x8e_gcc_rel.a(pio.o)
                0x00080364                PIO_DisableInterrupt
 .text.PIO_PullUp
                0x00080368        0xa /Applications/Arduino.app/Contents/Resources/Java/hardware/arduino/sam/variants/arduino_due_x/libsam_sam3x8e_gcc_rel.a(pio.o)
                0x00080368                PIO_PullUp
 .text.PIO_SetPeripheral
                0x00080372       0x2a /Applications/Arduino.app/Contents/Resources/Java/hardware/arduino/sam/variants/arduino_due_x/libsam_sam3x8e_gcc_rel.a(pio.o)
                0x00080372                PIO_SetPeripheral
 .text.PIO_SetInput
                0x0008039c       0x40 /Applications/Arduino.app/Contents/Resources/Java/hardware/arduino/sam/variants/arduino_due_x/libsam_sam3x8e_gcc_rel.a(pio.o)
                0x0008039c                PIO_SetInput
 .text.PIO_SetOutput
                0x000803dc       0x38 /Applications/Arduino.app/Contents/Resources/Java/hardware/arduino/sam/variants/arduino_due_x/libsam_sam3x8e_gcc_rel.a(pio.o)
                0x000803dc                PIO_SetOutput
 .text.PIO_Configure
                0x00080414       0x74 /Applications/Arduino.app/Contents/Resources/Java/hardware/arduino/sam/variants/arduino_due_x/libsam_sam3x8e_gcc_rel.a(pio.o)
                0x00080414                PIO_Configure
 .text.PIO_GetOutputDataStatus
                0x00080488       0x16 /Applications/Arduino.app/Contents/Resources/Java/hardware/arduino/sam/variants/arduino_due_x/libsam_sam3x8e_gcc_rel.a(pio.o)
                0x00080488                PIO_GetOutputDataStatus
 *fill*         0x0008049e        0x2 00
 .text.pmc_enable_upll_clock
                0x000804a0       0x18 /Applications/Arduino.app/Contents/Resources/Java/hardware/arduino/sam/variants/arduino_due_x/libsam_sam3x8e_gcc_rel.a(pmc.o)
                0x000804a0                pmc_enable_upll_clock
 .text.pmc_enable_periph_clk
                0x000804b8       0x48 /Applications/Arduino.app/Contents/Resources/Java/hardware/arduino/sam/variants/arduino_due_x/libsam_sam3x8e_gcc_rel.a(pmc.o)
                0x000804b8                pmc_enable_periph_clk
 .text.pmc_disable_periph_clk
                0x00080500       0x48 /Applications/Arduino.app/Contents/Resources/Java/hardware/arduino/sam/variants/arduino_due_x/libsam_sam3x8e_gcc_rel.a(pmc.o)
                0x00080500                pmc_disable_periph_clk
 .text.pmc_switch_udpck_to_upllck
                0x00080548       0x14 /Applications/Arduino.app/Contents/Resources/Java/hardware/arduino/sam/variants/arduino_due_x/libsam_sam3x8e_gcc_rel.a(pmc.o)
                0x00080548                pmc_switch_udpck_to_upllck
 .text.pmc_enable_udpck
                0x0008055c        0xc /Applications/Arduino.app/Contents/Resources/Java/hardware/arduino/sam/variants/arduino_due_x/libsam_sam3x8e_gcc_rel.a(pmc.o)
                0x0008055c                pmc_enable_udpck
 .text.WDT_Disable
                0x00080568        0x8 /Applications/Arduino.app/Contents/Resources/Java/hardware/arduino/sam/variants/arduino_due_x/libsam_sam3x8e_gcc_rel.a(wdt.o)
                0x00080568                WDT_Disable
 .text.SystemInit
                0x00080570       0x9c /Applications/Arduino.app/Contents/Resources/Java/hardware/arduino/sam/variants/arduino_due_x/libsam_sam3x8e_gcc_rel.a(system_sam3xa.o)
                0x00080570                SystemInit
 .text.Reset_Handler
                0x0008060c       0x70 /Applications/Arduino.app/Contents/Resources/Java/hardware/arduino/sam/variants/arduino_due_x/libsam_sam3x8e_gcc_rel.a(startup_sam3xa.o)
                0x0008060c                Reset_Handler
 .text.adc_init
                0x0008067c       0xa0 /Applications/Arduino.app/Contents/Resources/Java/hardware/arduino/sam/variants/arduino_due_x/libsam_sam3x8e_gcc_rel.a(adc.o)
                0x0008067c                adc_init
 .text.adc_configure_trigger
                0x0008071c       0x10 /Applications/Arduino.app/Contents/Resources/Java/hardware/arduino/sam/variants/arduino_due_x/libsam_sam3x8e_gcc_rel.a(adc.o)
                0x0008071c                adc_configure_trigger
 .text.adc_configure_timing
                0x0008072c       0x1a /Applications/Arduino.app/Contents/Resources/Java/hardware/arduino/sam/variants/arduino_due_x/libsam_sam3x8e_gcc_rel.a(adc.o)
                0x0008072c                adc_configure_timing
 .text.adc_disable_all_channel
                0x00080746        0x8 /Applications/Arduino.app/Contents/Resources/Java/hardware/arduino/sam/variants/arduino_due_x/libsam_sam3x8e_gcc_rel.a(adc.o)
                0x00080746                adc_disable_all_channel
 .text.adc_disable_interrupt
                0x0008074e        0x4 /Applications/Arduino.app/Contents/Resources/Java/hardware/arduino/sam/variants/arduino_due_x/libsam_sam3x8e_gcc_rel.a(adc.o)
                0x0008074e                adc_disable_interrupt
 *fill*         0x00080752        0x2 00
 .text.UOTGHS_Handler
                0x00080754       0x10 /Applications/Arduino.app/Contents/Resources/Java/hardware/arduino/sam/variants/arduino_due_x/libsam_sam3x8e_gcc_rel.a(uotghs.o)
                0x00080754                UOTGHS_Handler
 .text._ZN8RXPacketC1Ev
                0x00080764       0x1c Builds/RXPacket.o
                0x00080764                _ZN8RXPacketC1Ev
 .text._ZN8RXPacket7setVelXEa
                0x00080780        0x4 Builds/RXPacket.o
                0x00080780                _ZN8RXPacket7setVelXEa
 .text._ZN8RXPacket7setVelYEa
                0x00080784        0x4 Builds/RXPacket.o
                0x00080784                _ZN8RXPacket7setVelYEa
 .text._ZN8RXPacket7setVelZEa
                0x00080788        0x4 Builds/RXPacket.o
                0x00080788                _ZN8RXPacket7setVelZEa
 .text._ZN8RXPacket7setRotXEa
                0x0008078c        0x4 Builds/RXPacket.o
                0x0008078c                _ZN8RXPacket7setRotXEa
 .text._ZN8RXPacket7setRotYEa
                0x00080790        0x4 Builds/RXPacket.o
                0x00080790                _ZN8RXPacket7setRotYEa
 .text._ZN8RXPacket7setRotZEa
                0x00080794        0x4 Builds/RXPacket.o
                0x00080794                _ZN8RXPacket7setRotZEa
 .text._ZN8RXPacket7setPosZEt
                0x00080798        0x4 Builds/RXPacket.o
                0x00080798                _ZN8RXPacket7setPosZEt
 .text._ZN8RXPacket17setTorpedoControlEa
                0x0008079c        0x4 Builds/RXPacket.o
                0x0008079c                _ZN8RXPacket17setTorpedoControlEa
 .text._ZN8RXPacket15setServoControlEPa
                0x000807a0       0x14 Builds/RXPacket.o
                0x000807a0                _ZN8RXPacket15setServoControlEPa
 .text._ZN8RXPacket8setSpareEa
                0x000807b4        0x4 Builds/RXPacket.o
                0x000807b4                _ZN8RXPacket8setSpareEa
 .text._ZN8RXPacket11setChecksumEs
                0x000807b8        0x4 Builds/RXPacket.o
                0x000807b8                _ZN8RXPacket11setChecksumEs
 .text._ZN8RXPacket15isChecksumValidEv
                0x000807bc       0x6c Builds/RXPacket.o
                0x000807bc                _ZN8RXPacket15isChecksumValidEv
 .text._ZN8RXPacket10readPacketEv
                0x00080828       0xf4 Builds/RXPacket.o
                0x00080828                _ZN8RXPacket10readPacketEv
 .text._ZN8TXPacketC1Ev
                0x0008091c       0x1c Builds/TXPacket.o
                0x0008091c                _ZN8TXPacketC1Ev
 .text._ZN8TXPacket7setAccXEa
                0x00080938        0x4 Builds/TXPacket.o
                0x00080938                _ZN8TXPacket7setAccXEa
 .text._ZN8TXPacket7setAccYEa
                0x0008093c        0x4 Builds/TXPacket.o
                0x0008093c                _ZN8TXPacket7setAccYEa
 .text._ZN8TXPacket7setAccZEa
                0x00080940        0x4 Builds/TXPacket.o
                0x00080940                _ZN8TXPacket7setAccZEa
 .text._ZN8TXPacket7setMagXEa
                0x00080944        0x4 Builds/TXPacket.o
                0x00080944                _ZN8TXPacket7setMagXEa
 .text._ZN8TXPacket7setMagYEa
                0x00080948        0x4 Builds/TXPacket.o
                0x00080948                _ZN8TXPacket7setMagYEa
 .text._ZN8TXPacket7setMagZEa
                0x0008094c        0x4 Builds/TXPacket.o
                0x0008094c                _ZN8TXPacket7setMagZEa
 .text._ZN8TXPacket11setPressureEa
                0x00080950        0x4 Builds/TXPacket.o
                0x00080950                _ZN8TXPacket11setPressureEa
 .text._ZN8TXPacket8setSpareEa
                0x00080954        0x4 Builds/TXPacket.o
                0x00080954                _ZN8TXPacket8setSpareEa
 .text._ZN8TXPacket15computeChecksumEv
                0x00080958       0x38 Builds/TXPacket.o
                0x00080958                _ZN8TXPacket15computeChecksumEv
 .text._ZN8TXPacket10sendPacketEv
                0x00080990       0x64 Builds/TXPacket.o
                0x00080990                _ZN8TXPacket10sendPacketEv
 .text.loop     0x000809f4       0x5c Builds/main.o
                0x000809f4                loop
 .text.setup    0x00080a50       0x10 Builds/main.o
                0x00080a50                setup
 .text.main     0x00080a60       0x30 Builds/main.o
                0x00080a60                main
 .text._GLOBAL__I_rxPacket
                0x00080a90       0x1c Builds/main.o
 .text.PIOA_Handler
                0x00080aac       0x2c Builds/embeddedcomputing.a(WInterrupts.o)
                0x00080aac                PIOA_Handler
 .text.PIOB_Handler
                0x00080ad8       0x2c Builds/embeddedcomputing.a(WInterrupts.o)
                0x00080ad8                PIOB_Handler
 .text.PIOC_Handler
                0x00080b04       0x2c Builds/embeddedcomputing.a(WInterrupts.o)
                0x00080b04                PIOC_Handler
 .text.PIOD_Handler
                0x00080b30       0x2c Builds/embeddedcomputing.a(WInterrupts.o)
                0x00080b30                PIOD_Handler
 .text.__halt   0x00080b5c        0x2 Builds/embeddedcomputing.a(cortex_handlers.o)
                0x00080b5c                SPI0_Handler
                0x00080b5c                DebugMon_Handler
                0x00080b5c                DMAC_Handler
                0x00080b5c                TRNG_Handler
                0x00080b5c                HardFault_Handler
                0x00080b5c                TC2_Handler
                0x00080b5c                TWI1_Handler
                0x00080b5c                NMI_Handler
                0x00080b5c                TC7_Handler
                0x00080b5c                ADC_Handler
                0x00080b5c                SMC_Handler
                0x00080b5c                RTT_Handler
                0x00080b5c                EFC1_Handler
                0x00080b5c                RTC_Handler
                0x00080b5c                UsageFault_Handler
                0x00080b5c                TC6_Handler
                0x00080b5c                WDT_Handler
                0x00080b5c                CAN0_Handler
                0x00080b5c                TC4_Handler
                0x00080b5c                TC1_Handler
                0x00080b5c                HSMCI_Handler
                0x00080b5c                TC3_Handler
                0x00080b5c                TWI0_Handler
                0x00080b5c                SSC_Handler
                0x00080b5c                EFC0_Handler
                0x00080b5c                PMC_Handler
                0x00080b5c                PWM_Handler
                0x00080b5c                CAN1_Handler
                0x00080b5c                MemManage_Handler
                0x00080b5c                SUPC_Handler
                0x00080b5c                TC8_Handler
                0x00080b5c                USART2_Handler
                0x00080b5c                EMAC_Handler
                0x00080b5c                BusFault_Handler
                0x00080b5c                RSTC_Handler
                0x00080b5c                TC0_Handler
                0x00080b5c                TC5_Handler
                0x00080b5c                DACC_Handler
 .text.SysTick_Handler
                0x00080b5e       0x16 Builds/embeddedcomputing.a(cortex_handlers.o)
                0x00080b5e                SysTick_Handler
 .text.PendSV_Handler
                0x00080b74        0x4 Builds/embeddedcomputing.a(cortex_handlers.o)
                0x00080b74                PendSV_Handler
 .text.SVC_Handler
                0x00080b78        0x4 Builds/embeddedcomputing.a(cortex_handlers.o)
                0x00080b78                SVC_Handler
 .text.__empty  0x00080b7c        0x2 Builds/embeddedcomputing.a(hooks.o)
                0x00080b7c                yield
 .text.__false  0x00080b7e        0x4 Builds/embeddedcomputing.a(hooks.o)
                0x00080b7e                sysTickHook
 .text.__halt   0x00080b82        0x2 Builds/embeddedcomputing.a(hooks.o)
                0x00080b82                pendSVHook
                0x00080b82                svcHook
 .text.delay    0x00080b84       0x1c Builds/embeddedcomputing.a(wiring.o)
                0x00080b84                delay
 .text.analogOutputInit
                0x00080ba0       0x14 Builds/embeddedcomputing.a(wiring_analog.o)
                0x00080ba0                analogOutputInit
 .text.digitalWrite
                0x00080bb4       0x48 Builds/embeddedcomputing.a(wiring_digital.o)
                0x00080bb4                digitalWrite
 .text.initiateReset
                0x00080bfc        0xc Builds/embeddedcomputing.a(Reset.o)
                0x00080bfc                initiateReset
 .text.cancelReset
                0x00080c08       0x10 Builds/embeddedcomputing.a(Reset.o)
                0x00080c08                cancelReset
 .text.tickReset
                0x00080c18       0x20 Builds/embeddedcomputing.a(Reset.o)
                0x00080c18                tickReset
 .text._ZN10RingBuffer10store_charEh
                0x00080c38       0x16 Builds/embeddedcomputing.a(RingBuffer.o)
                0x00080c38                _ZN10RingBuffer10store_charEh
 .text._ZN10RingBufferC1Ev
                0x00080c4e       0x16 Builds/embeddedcomputing.a(RingBuffer.o)
                0x00080c4e                _ZN10RingBufferC1Ev
 .text._ZN9UARTClasscvbEv
                0x00080c64        0x4 Builds/embeddedcomputing.a(UARTClass.o)
                0x00080c64                _ZN9UARTClasscvbEv
 .text._ZN9UARTClassC1EP4Uart4IRQnmP10RingBuffer
                0x00080c68       0x24 Builds/embeddedcomputing.a(UARTClass.o)
                0x00080c68                _ZN9UARTClassC1EP4Uart4IRQnmP10RingBuffer
 .text._ZN9UARTClass9availableEv
                0x00080c8c        0xe Builds/embeddedcomputing.a(UARTClass.o)
                0x00080c8c                _ZN9UARTClass9availableEv
 .text._ZN9UARTClass4peekEv
                0x00080c9a       0x12 Builds/embeddedcomputing.a(UARTClass.o)
                0x00080c9a                _ZN9UARTClass4peekEv
 .text._ZN9UARTClass4readEv
                0x00080cac       0x1c Builds/embeddedcomputing.a(UARTClass.o)
                0x00080cac                _ZN9UARTClass4readEv
 .text._ZN9UARTClass5flushEv
                0x00080cc8        0xc Builds/embeddedcomputing.a(UARTClass.o)
                0x00080cc8                _ZN9UARTClass5flushEv
 .text._ZN9UARTClass5writeEh
                0x00080cd4       0x10 Builds/embeddedcomputing.a(UARTClass.o)
                0x00080cd4                _ZN9UARTClass5writeEh
 .text._ZN9UARTClass10IrqHandlerEv
                0x00080ce4       0x2a Builds/embeddedcomputing.a(UARTClass.o)
                0x00080ce4                _ZN9UARTClass10IrqHandlerEv
 *fill*         0x00080d0e        0x2 00
 .text._ZN9UARTClass3endEv
                0x00080d10       0x38 Builds/embeddedcomputing.a(UARTClass.o)
                0x00080d10                _ZN9UARTClass3endEv
 .text._ZN9UARTClass5beginEm
                0x00080d48       0x5c Builds/embeddedcomputing.a(UARTClass.o)
                0x00080d48                _ZN9UARTClass5beginEm
 .text._ZN10USARTClasscvbEv
                0x00080da4        0x4 Builds/embeddedcomputing.a(USARTClass.o)
                0x00080da4                _ZN10USARTClasscvbEv
 .text._ZN10USARTClassC1EP5Usart4IRQnmP10RingBuffer
                0x00080da8       0x24 Builds/embeddedcomputing.a(USARTClass.o)
                0x00080da8                _ZN10USARTClassC1EP5Usart4IRQnmP10RingBuffer
 .text._ZN10USARTClass9availableEv
                0x00080dcc        0xe Builds/embeddedcomputing.a(USARTClass.o)
                0x00080dcc                _ZN10USARTClass9availableEv
 .text._ZN10USARTClass4peekEv
                0x00080dda       0x12 Builds/embeddedcomputing.a(USARTClass.o)
                0x00080dda                _ZN10USARTClass4peekEv
 .text._ZN10USARTClass4readEv
                0x00080dec       0x1c Builds/embeddedcomputing.a(USARTClass.o)
                0x00080dec                _ZN10USARTClass4readEv
 .text._ZN10USARTClass5flushEv
                0x00080e08        0xc Builds/embeddedcomputing.a(USARTClass.o)
                0x00080e08                _ZN10USARTClass5flushEv
 .text._ZN10USARTClass5writeEh
                0x00080e14       0x10 Builds/embeddedcomputing.a(USARTClass.o)
                0x00080e14                _ZN10USARTClass5writeEh
 .text._ZN10USARTClass10IrqHandlerEv
                0x00080e24       0x2a Builds/embeddedcomputing.a(USARTClass.o)
                0x00080e24                _ZN10USARTClass10IrqHandlerEv
 *fill*         0x00080e4e        0x2 00
 .text._ZN10USARTClass3endEv
                0x00080e50       0x38 Builds/embeddedcomputing.a(USARTClass.o)
                0x00080e50                _ZN10USARTClass3endEv
 .text._ZN10USARTClass5beginEm
                0x00080e88       0x5c Builds/embeddedcomputing.a(USARTClass.o)
                0x00080e88                _ZN10USARTClass5beginEm
 .text._Z16USBD_InitControli
                0x00080ee4       0x14 Builds/embeddedcomputing.a(USBCore.o)
                0x00080ee4                _Z16USBD_InitControli
 .text._ZL11USB_SendZlpv
                0x00080ef8       0x24 Builds/embeddedcomputing.a(USBCore.o)
 .text._ZN10USBDevice_6attachEv
                0x00080f1c       0x20 Builds/embeddedcomputing.a(USBCore.o)
                0x00080f1c                _ZN10USBDevice_6attachEv
 .text._ZN10USBDevice_C1Ev
                0x00080f3c       0x24 Builds/embeddedcomputing.a(USBCore.o)
                0x00080f3c                _ZN10USBDevice_C1Ev
 .text._Z14USBD_Availablem
                0x00080f60       0x2c Builds/embeddedcomputing.a(USBCore.o)
                0x00080f60                _Z14USBD_Availablem
 .text._Z10USBD_Flushm
                0x00080f8c       0x16 Builds/embeddedcomputing.a(USBCore.o)
                0x00080f8c                _Z10USBD_Flushm
 .text._Z24USBD_SendOtherInterfacesv
                0x00080fa2       0x1c Builds/embeddedcomputing.a(USBCore.o)
                0x00080fa2                _Z24USBD_SendOtherInterfacesv
 .text._Z19USBD_SendInterfacesv
                0x00080fbe       0x1c Builds/embeddedcomputing.a(USBCore.o)
                0x00080fbe                _Z19USBD_SendInterfacesv
 .text._Z26USBD_ClassInterfaceRequestR5Setup
                0x00080fda       0x14 Builds/embeddedcomputing.a(USBCore.o)
                0x00080fda                _Z26USBD_ClassInterfaceRequestR5Setup
 .text._Z16USBD_RecvControlPvm
                0x00080fee       0x1c Builds/embeddedcomputing.a(USBCore.o)
                0x00080fee                _Z16USBD_RecvControlPvm
 *fill*         0x0008100a        0x2 00
 .text._Z16USBD_SendControlhPKvm
                0x0008100c       0x40 Builds/embeddedcomputing.a(USBCore.o)
                0x0008100c                _Z16USBD_SendControlhPKvm
 .text._ZL24USB_SendStringDescriptorPKhi
                0x0008104c       0x42 Builds/embeddedcomputing.a(USBCore.o)
 *fill*         0x0008108e        0x2 00
 .text._ZL7USB_ISRv
                0x00081090      0x438 Builds/embeddedcomputing.a(USBCore.o)
 .text._Z9USBD_SendmPKvm
                0x000814c8       0x4c Builds/embeddedcomputing.a(USBCore.o)
                0x000814c8                _Z9USBD_SendmPKvm
 .text._Z9USBD_RecvmPvm
                0x00081514       0x7c Builds/embeddedcomputing.a(USBCore.o)
                0x00081514                _Z9USBD_RecvmPvm
 .text._Z9USBD_Recvm
                0x00081590       0x1e Builds/embeddedcomputing.a(USBCore.o)
                0x00081590                _Z9USBD_Recvm
 *fill*         0x000815ae        0x2 00
 .text._GLOBAL__I_TxLEDPulse
                0x000815b0        0xc Builds/embeddedcomputing.a(USBCore.o)
 .text._ZN5Print5writeEPKhj
                0x000815bc       0x2e Builds/embeddedcomputing.a(Print.o)
                0x000815bc                _ZN5Print5writeEPKhj
 *fill*         0x000815ea        0x2 00
 .text._ZN7Serial_9availableEv
                0x000815ec       0x18 Builds/embeddedcomputing.a(CDC.o)
                0x000815ec                _ZN7Serial_9availableEv
 .text._ZN7Serial_4peekEv
                0x00081604       0x20 Builds/embeddedcomputing.a(CDC.o)
                0x00081604                _ZN7Serial_4peekEv
 .text._ZN7Serial_5writeEh
                0x00081624       0x14 Builds/embeddedcomputing.a(CDC.o)
                0x00081624                _ZN7Serial_5writeEh
 .text._ZN7Serial_5writeEPKhj
                0x00081638       0x28 Builds/embeddedcomputing.a(CDC.o)
                0x00081638                _ZN7Serial_5writeEPKhj
 .text._ZN7Serial_5flushEv
                0x00081660        0x6 Builds/embeddedcomputing.a(CDC.o)
                0x00081660                _ZN7Serial_5flushEv
 *fill*         0x00081666        0x2 00
 .text._ZN7Serial_4readEv
                0x00081668       0x44 Builds/embeddedcomputing.a(CDC.o)
                0x00081668                _ZN7Serial_4readEv
 .text._ZN7Serial_6acceptEv
                0x000816ac       0x6c Builds/embeddedcomputing.a(CDC.o)
                0x000816ac                _ZN7Serial_6acceptEv
 .text._Z21CDC_GetOtherInterfacePh
                0x00081718       0x14 Builds/embeddedcomputing.a(CDC.o)
                0x00081718                _Z21CDC_GetOtherInterfacePh
 .text._Z16CDC_GetInterfacePh
                0x0008172c       0x14 Builds/embeddedcomputing.a(CDC.o)
                0x0008172c                _Z16CDC_GetInterfacePh
 .text._Z9CDC_SetupR5Setup
                0x00081740       0x60 Builds/embeddedcomputing.a(CDC.o)
                0x00081740                _Z9CDC_SetupR5Setup
 .text._GLOBAL__I_cdc_rx_buffer
                0x000817a0       0x1c Builds/embeddedcomputing.a(CDC.o)
 .text._Z9HID_SetupR5Setup
                0x000817bc       0x44 Builds/embeddedcomputing.a(HID.o)
                0x000817bc                _Z9HID_SetupR5Setup
 .text._ZN6Mouse_C1Ev
                0x00081800        0x6 Builds/embeddedcomputing.a(HID.o)
                0x00081800                _ZN6Mouse_C1Ev
 *fill*         0x00081806        0x2 00
 .text._ZN9Keyboard_C1Ev
                0x00081808       0x10 Builds/embeddedcomputing.a(HID.o)
                0x00081808                _ZN9Keyboard_C1Ev
 .text._ZN9Keyboard_5writeEh
                0x00081818       0x1c Builds/embeddedcomputing.a(HID.o)
                0x00081818                _ZN9Keyboard_5writeEh
 .text._Z14HID_SendReporthPKvm
                0x00081834       0x2c Builds/embeddedcomputing.a(HID.o)
                0x00081834                _Z14HID_SendReporthPKvm
 .text._ZN9Keyboard_10sendReportEP9KeyReport
                0x00081860        0x8 Builds/embeddedcomputing.a(HID.o)
                0x00081860                _ZN9Keyboard_10sendReportEP9KeyReport
 .text._ZN9Keyboard_10releaseAllEv
                0x00081868       0x18 Builds/embeddedcomputing.a(HID.o)
                0x00081868                _ZN9Keyboard_10releaseAllEv
 .text._ZN9Keyboard_7releaseEh
                0x00081880       0x74 Builds/embeddedcomputing.a(HID.o)
                0x00081880                _ZN9Keyboard_7releaseEh
 .text._ZN9Keyboard_5pressEh
                0x000818f4       0x9c Builds/embeddedcomputing.a(HID.o)
                0x000818f4                _ZN9Keyboard_5pressEh
 .text._Z17HID_GetDescriptori
                0x00081990       0x10 Builds/embeddedcomputing.a(HID.o)
                0x00081990                _Z17HID_GetDescriptori
 .text._Z16HID_GetInterfacePh
                0x000819a0       0x14 Builds/embeddedcomputing.a(HID.o)
                0x000819a0                _Z16HID_GetInterfacePh
 .text._GLOBAL__I_Mouse
                0x000819b4       0x1c Builds/embeddedcomputing.a(HID.o)
 .text.TimeTick_Increment
                0x000819d0       0x10 /Applications/Arduino.app/Contents/Resources/Java/hardware/arduino/sam/variants/arduino_due_x/libsam_sam3x8e_gcc_rel.a(timetick.o)
                0x000819d0                TimeTick_Increment
 .text.GetTickCount
                0x000819e0        0xc /Applications/Arduino.app/Contents/Resources/Java/hardware/arduino/sam/variants/arduino_due_x/libsam_sam3x8e_gcc_rel.a(timetick.o)
                0x000819e0                GetTickCount
 .text.UDD_SetStack
                0x000819ec        0xc /Applications/Arduino.app/Contents/Resources/Java/hardware/arduino/sam/variants/arduino_due_x/libsam_sam3x8e_gcc_rel.a(uotghs_device.o)
                0x000819ec                UDD_SetStack
 .text.UDD_Init
                0x000819f8       0xd0 /Applications/Arduino.app/Contents/Resources/Java/hardware/arduino/sam/variants/arduino_due_x/libsam_sam3x8e_gcc_rel.a(uotghs_device.o)
                0x000819f8                UDD_Init
 .text.UDD_Attach
                0x00081ac8       0x4c /Applications/Arduino.app/Contents/Resources/Java/hardware/arduino/sam/variants/arduino_due_x/libsam_sam3x8e_gcc_rel.a(uotghs_device.o)
                0x00081ac8                UDD_Attach
 .text.UDD_InitEP
                0x00081b14       0x30 /Applications/Arduino.app/Contents/Resources/Java/hardware/arduino/sam/variants/arduino_due_x/libsam_sam3x8e_gcc_rel.a(uotghs_device.o)
                0x00081b14                UDD_InitEP
 .text.UDD_InitEndpoints
                0x00081b44       0x3c /Applications/Arduino.app/Contents/Resources/Java/hardware/arduino/sam/variants/arduino_due_x/libsam_sam3x8e_gcc_rel.a(uotghs_device.o)
                0x00081b44                UDD_InitEndpoints
 .text.UDD_WaitIN
                0x00081b80       0x14 /Applications/Arduino.app/Contents/Resources/Java/hardware/arduino/sam/variants/arduino_due_x/libsam_sam3x8e_gcc_rel.a(uotghs_device.o)
                0x00081b80                UDD_WaitIN
 .text.UDD_WaitOUT
                0x00081b94       0x14 /Applications/Arduino.app/Contents/Resources/Java/hardware/arduino/sam/variants/arduino_due_x/libsam_sam3x8e_gcc_rel.a(uotghs_device.o)
                0x00081b94                UDD_WaitOUT
 .text.UDD_ClearIN
                0x00081ba8       0x18 /Applications/Arduino.app/Contents/Resources/Java/hardware/arduino/sam/variants/arduino_due_x/libsam_sam3x8e_gcc_rel.a(uotghs_device.o)
                0x00081ba8                UDD_ClearIN
 .text.UDD_ClearOUT
                0x00081bc0       0x18 /Applications/Arduino.app/Contents/Resources/Java/hardware/arduino/sam/variants/arduino_due_x/libsam_sam3x8e_gcc_rel.a(uotghs_device.o)
                0x00081bc0                UDD_ClearOUT
 .text.UDD_ReceivedSetupInt
                0x00081bd8       0x10 /Applications/Arduino.app/Contents/Resources/Java/hardware/arduino/sam/variants/arduino_due_x/libsam_sam3x8e_gcc_rel.a(uotghs_device.o)
                0x00081bd8                UDD_ReceivedSetupInt
 .text.UDD_ClearSetupInt
                0x00081be8       0x10 /Applications/Arduino.app/Contents/Resources/Java/hardware/arduino/sam/variants/arduino_due_x/libsam_sam3x8e_gcc_rel.a(uotghs_device.o)
                0x00081be8                UDD_ClearSetupInt
 .text.UDD_Send
                0x00081bf8       0x90 /Applications/Arduino.app/Contents/Resources/Java/hardware/arduino/sam/variants/arduino_due_x/libsam_sam3x8e_gcc_rel.a(uotghs_device.o)
                0x00081bf8                UDD_Send
 .text.UDD_Send8
                0x00081c88       0x28 /Applications/Arduino.app/Contents/Resources/Java/hardware/arduino/sam/variants/arduino_due_x/libsam_sam3x8e_gcc_rel.a(uotghs_device.o)
                0x00081c88                UDD_Send8
 .text.UDD_Recv8
                0x00081cb0       0x28 /Applications/Arduino.app/Contents/Resources/Java/hardware/arduino/sam/variants/arduino_due_x/libsam_sam3x8e_gcc_rel.a(uotghs_device.o)
                0x00081cb0                UDD_Recv8
 .text.UDD_Recv
                0x00081cd8       0x34 /Applications/Arduino.app/Contents/Resources/Java/hardware/arduino/sam/variants/arduino_due_x/libsam_sam3x8e_gcc_rel.a(uotghs_device.o)
                0x00081cd8                UDD_Recv
 .text.UDD_Stall
                0x00081d0c       0x14 /Applications/Arduino.app/Contents/Resources/Java/hardware/arduino/sam/variants/arduino_due_x/libsam_sam3x8e_gcc_rel.a(uotghs_device.o)
                0x00081d0c                UDD_Stall
 .text.UDD_FifoByteCount
                0x00081d20       0x1c /Applications/Arduino.app/Contents/Resources/Java/hardware/arduino/sam/variants/arduino_due_x/libsam_sam3x8e_gcc_rel.a(uotghs_device.o)
                0x00081d20                UDD_FifoByteCount
 .text.UDD_ReleaseRX
                0x00081d3c       0x2c /Applications/Arduino.app/Contents/Resources/Java/hardware/arduino/sam/variants/arduino_due_x/libsam_sam3x8e_gcc_rel.a(uotghs_device.o)
                0x00081d3c                UDD_ReleaseRX
 .text.UDD_ReleaseTX
                0x00081d68       0x2c /Applications/Arduino.app/Contents/Resources/Java/hardware/arduino/sam/variants/arduino_due_x/libsam_sam3x8e_gcc_rel.a(uotghs_device.o)
                0x00081d68                UDD_ReleaseTX
 .text.UDD_SetAddress
                0x00081d94       0x20 /Applications/Arduino.app/Contents/Resources/Java/hardware/arduino/sam/variants/arduino_due_x/libsam_sam3x8e_gcc_rel.a(uotghs_device.o)
                0x00081d94                UDD_SetAddress
 .text.__libc_init_array
                0x00081db4       0x4c /Applications/Arduino.app/Contents/Resources/Java/hardware/tools/g++_arm_none_eabi/bin/../lib/gcc/arm-none-eabi/4.4.1/../../../../arm-none-eabi/lib/thumb2/libc.a(lib_a-init.o)
                0x00081db4                __libc_init_array
 .text.memset   0x00081e00       0x12 /Applications/Arduino.app/Contents/Resources/Java/hardware/tools/g++_arm_none_eabi/bin/../lib/gcc/arm-none-eabi/4.4.1/../../../../arm-none-eabi/lib/thumb2/libc.a(lib_a-memset.o)
                0x00081e00                memset
 *(.glue_7t)
 .glue_7t       0x00000000        0x0 linker stubs
 *(.glue_7)
 .glue_7        0x00000000        0x0 linker stubs
 *(.rodata .rodata* .gnu.linkonce.r.*)
 *fill*         0x00081e12        0x2 00
 .rodata.g_APinDescription
                0x00081e14      0xa2c Builds/variant.o
                0x00081e14                g_APinDescription
 .rodata.C.0.8141
                0x00082840       0x40 /Applications/Arduino.app/Contents/Resources/Java/hardware/arduino/sam/variants/arduino_due_x/libsam_sam3x8e_gcc_rel.a(adc.o)
 .rodata._ZTV9UARTClass
                0x00082880       0x30 Builds/embeddedcomputing.a(UARTClass.o)
                0x00082880                _ZTV9UARTClass
 .rodata._ZTV10USARTClass
                0x000828b0       0x30 Builds/embeddedcomputing.a(USARTClass.o)
                0x000828b0                _ZTV10USARTClass
 .rodata.USB_DeviceDescriptorA
                0x000828e0       0x14 Builds/embeddedcomputing.a(USBCore.o)
                0x000828e0                USB_DeviceDescriptorA
 .rodata.USB_DeviceDescriptor
                0x000828f4       0x14 Builds/embeddedcomputing.a(USBCore.o)
                0x000828f4                USB_DeviceDescriptor
 .rodata._ZL9EndPoints
                0x00082908       0x14 Builds/embeddedcomputing.a(USBCore.o)
 .rodata.STRING_LANGUAGE
                0x0008291c        0x4 Builds/embeddedcomputing.a(USBCore.o)
                0x0008291c                STRING_LANGUAGE
 .rodata._ZL18test_packet_buffer
                0x00082920       0x38 Builds/embeddedcomputing.a(USBCore.o)
 .rodata.STRING_PRODUCT
                0x00082958        0xc Builds/embeddedcomputing.a(USBCore.o)
                0x00082958                STRING_PRODUCT
 .rodata.STRING_MANUFACTURER
                0x00082964        0xc Builds/embeddedcomputing.a(USBCore.o)
                0x00082964                STRING_MANUFACTURER
 .rodata._ZL19USB_DeviceQualifier
                0x00082970       0x14 Builds/embeddedcomputing.a(USBCore.o)
 *fill*         0x00082984        0x4 00
 .rodata._ZTV7Serial_
                0x00082988       0x28 Builds/embeddedcomputing.a(CDC.o)
                0x00082988                _ZTV7Serial_
 .rodata._ZL18_cdcOtherInterface
                0x000829b0       0x44 Builds/embeddedcomputing.a(CDC.o)
 .rodata._ZL13_cdcInterface
                0x000829f4       0x44 Builds/embeddedcomputing.a(CDC.o)
 .rodata._ZTV9Keyboard_
                0x00082a38       0x20 Builds/embeddedcomputing.a(HID.o)
                0x00082a38                _ZTV9Keyboard_
 .rodata._asciimap
                0x00082a58       0x80 Builds/embeddedcomputing.a(HID.o)
                0x00082a58                _asciimap
 .rodata._hidInterface
                0x00082ad8       0x1c Builds/embeddedcomputing.a(HID.o)
                0x00082ad8                _hidInterface
 .rodata._hidReportDescriptor
                0x00082af4       0x68 Builds/embeddedcomputing.a(HID.o)
                0x00082af4                _hidReportDescriptor
 *(.ARM.extab* .gnu.linkonce.armextab.*)
                0x00082b5c                . = ALIGN (0x4)
 *(.init)
 .init          0x00082b5c        0x4 /Applications/Arduino.app/Contents/Resources/Java/hardware/tools/g++_arm_none_eabi/bin/../lib/gcc/arm-none-eabi/4.4.1/thumb2/crti.o
                0x00082b5c                _init
 .init          0x00082b60        0x8 /Applications/Arduino.app/Contents/Resources/Java/hardware/tools/g++_arm_none_eabi/bin/../lib/gcc/arm-none-eabi/4.4.1/thumb2/crtn.o
                0x00082b68                . = ALIGN (0x4)
                0x00082b68                __preinit_array_start = .
 *(.preinit_array)
                0x00082b68                __preinit_array_end = .
                0x00082b68                . = ALIGN (0x4)
                0x00082b68                __init_array_start = .
 *(SORT(.init_array.*))
 *(.init_array)
 .init_array    0x00082b68        0x4 /Applications/Arduino.app/Contents/Resources/Java/hardware/tools/g++_arm_none_eabi/bin/../lib/gcc/arm-none-eabi/4.4.1/thumb2/crtbegin.o
 .init_array    0x00082b6c        0x4 Builds/variant.o
 .init_array    0x00082b70        0x4 Builds/main.o
 .init_array    0x00082b74        0x4 Builds/embeddedcomputing.a(USBCore.o)
 .init_array    0x00082b78        0x4 Builds/embeddedcomputing.a(CDC.o)
 .init_array    0x00082b7c        0x4 Builds/embeddedcomputing.a(HID.o)
                0x00082b80                __init_array_end = .
                0x00082b80                . = ALIGN (0x4)
 *crtbegin.o(.ctors)
 *(EXCLUDE_FILE(*crtend.o) .ctors)
 *(SORT(.ctors.*))
 *crtend.o(.ctors)
                0x00082b80                . = ALIGN (0x4)
 *(.fini)
 .fini          0x00082b80        0x4 /Applications/Arduino.app/Contents/Resources/Java/hardware/tools/g++_arm_none_eabi/bin/../lib/gcc/arm-none-eabi/4.4.1/thumb2/crti.o
                0x00082b80                _fini
 .fini          0x00082b84        0x8 /Applications/Arduino.app/Contents/Resources/Java/hardware/tools/g++_arm_none_eabi/bin/../lib/gcc/arm-none-eabi/4.4.1/thumb2/crtn.o
                0x00082b8c                . = ALIGN (0x4)
                0x00082b8c                __fini_array_start = .
 *(.fini_array)
 .fini_array    0x00082b8c        0x4 /Applications/Arduino.app/Contents/Resources/Java/hardware/tools/g++_arm_none_eabi/bin/../lib/gcc/arm-none-eabi/4.4.1/thumb2/crtbegin.o
 *(SORT(.fini_array.*))
                0x00082b90                __fini_array_end = .
 *crtbegin.o(.dtors)
 *(EXCLUDE_FILE(*crtend.o) .dtors)
 *(SORT(.dtors.*))
 *crtend.o(.dtors)
                0x00082b90                . = ALIGN (0x4)
                0x00082b90                _efixed = .
                0x00082b90                PROVIDE (__exidx_start, .)

.jcr            0x00082b90        0x0
 .jcr           0x00082b90        0x0 /Applications/Arduino.app/Contents/Resources/Java/hardware/tools/g++_arm_none_eabi/bin/../lib/gcc/arm-none-eabi/4.4.1/thumb2/crtbegin.o

.vfp11_veneer   0x00082b90        0x0
 .vfp11_veneer  0x00000000        0x0 linker stubs

.v4_bx          0x00082b90        0x0
 .v4_bx         0x00000000        0x0 linker stubs

.ARM.exidx
 *(.ARM.exidx* .gnu.linkonce.armexidx.*)
                0x00082b90                PROVIDE (__exidx_end, .)
                0x00082b90                . = ALIGN (0x4)
                0x00082b90                _etext = .

.relocate       0x20070000       0x4c load address 0x00082b90
                0x20070000                . = ALIGN (0x4)
                0x20070000                _srelocate = .
 *(.ramfunc .ramfunc.*)
 .ramfunc       0x20070000       0x34 Builds/embeddedcomputing.a(Reset.o)
                0x20070000                banzai
 *(.data .data.*)
 .data.SystemCoreClock
                0x20070034        0x4 /Applications/Arduino.app/Contents/Resources/Java/hardware/arduino/sam/variants/arduino_due_x/libsam_sam3x8e_gcc_rel.a(system_sam3xa.o)
                0x20070034                SystemCoreClock
 .data._ZL5ticks
                0x20070038        0x4 Builds/embeddedcomputing.a(Reset.o)
 .data._ZL12_usbLineInfo
                0x2007003c        0x8 Builds/embeddedcomputing.a(CDC.o)
 .data._hid_protocol
                0x20070044        0x1 Builds/embeddedcomputing.a(HID.o)
                0x20070044                _hid_protocol
 .data._hid_idle
                0x20070045        0x1 Builds/embeddedcomputing.a(HID.o)
                0x20070045                _hid_idle
 *fill*         0x20070046        0x2 00
 .data.g_interrupt_enabled
                0x20070048        0x4 /Applications/Arduino.app/Contents/Resources/Java/hardware/arduino/sam/variants/arduino_due_x/libsam_sam3x8e_gcc_rel.a(interrupt_sam_nvic.o)
                0x20070048                g_interrupt_enabled
                0x2007004c                . = ALIGN (0x4)
                0x2007004c                _erelocate = .

.bss            0x2007004c      0x6c4 load address 0x00082bdc
                0x2007004c                . = ALIGN (0x4)
                0x2007004c                _sbss = .
                0x2007004c                _szero = .
 *(.bss .bss.*)
 .bss           0x2007004c        0x1 /Applications/Arduino.app/Contents/Resources/Java/hardware/tools/g++_arm_none_eabi/bin/../lib/gcc/arm-none-eabi/4.4.1/thumb2/crtbegin.o
 *fill*         0x2007004d        0x3 00
 .bss.Serial    0x20070050       0x20 Builds/variant.o
                0x20070050                Serial
 .bss.rx_buffer1
                0x20070070       0x48 Builds/variant.o
                0x20070070                rx_buffer1
 .bss.Serial1   0x200700b8       0x20 Builds/variant.o
                0x200700b8                Serial1
 .bss.Serial2   0x200700d8       0x20 Builds/variant.o
                0x200700d8                Serial2
 .bss.Serial3   0x200700f8       0x20 Builds/variant.o
                0x200700f8                Serial3
 .bss.rx_buffer2
                0x20070118       0x48 Builds/variant.o
                0x20070118                rx_buffer2
 .bss.rx_buffer3
                0x20070160       0x48 Builds/variant.o
                0x20070160                rx_buffer3
 .bss.rx_buffer4
                0x200701a8       0x48 Builds/variant.o
                0x200701a8                rx_buffer4
 .bss.gpf_isr   0x200701f0        0x4 /Applications/Arduino.app/Contents/Resources/Java/hardware/arduino/sam/variants/arduino_due_x/libsam_sam3x8e_gcc_rel.a(uotghs.o)
                0x200701f0                gpf_isr
 .bss.rxPacket  0x200701f4       0x14 Builds/main.o
                0x200701f4                rxPacket
 .bss.txPacket  0x20070208        0xc Builds/main.o
                0x20070208                txPacket
 .bss.callbacksPioA
                0x20070214       0x80 Builds/embeddedcomputing.a(WInterrupts.o)
 .bss.callbacksPioB
                0x20070294       0x80 Builds/embeddedcomputing.a(WInterrupts.o)
 .bss.callbacksPioC
                0x20070314       0x80 Builds/embeddedcomputing.a(WInterrupts.o)
 .bss.callbacksPioD
                0x20070394       0x80 Builds/embeddedcomputing.a(WInterrupts.o)
 .bss.pinEnabled
                0x20070414       0x50 Builds/embeddedcomputing.a(wiring_analog.o)
 .bss._ZL14isEndpointHalt
                0x20070464        0x1 Builds/embeddedcomputing.a(USBCore.o)
 *fill*         0x20070465        0x3 00
 .bss._cmark    0x20070468        0x4 Builds/embeddedcomputing.a(USBCore.o)
                0x20070468                _cmark
 .bss._cend     0x2007046c        0x4 Builds/embeddedcomputing.a(USBCore.o)
                0x2007046c                _cend
 .bss._cdcComposite
                0x20070470        0x4 Builds/embeddedcomputing.a(USBCore.o)
                0x20070470                _cdcComposite
 .bss._usbInitialized
                0x20070474        0x4 Builds/embeddedcomputing.a(USBCore.o)
                0x20070474                _usbInitialized
 .bss.USBDevice
                0x20070478        0x4 Builds/embeddedcomputing.a(USBCore.o)
                0x20070478                USBDevice
 .bss._usbSetInterface
                0x2007047c        0x4 Builds/embeddedcomputing.a(USBCore.o)
                0x2007047c                _usbSetInterface
 .bss._ZL21isRemoteWakeUpEnabled
                0x20070480        0x1 Builds/embeddedcomputing.a(USBCore.o)
 *fill*         0x20070481        0x3 00
 .bss._usbConfiguration
                0x20070484        0x4 Builds/embeddedcomputing.a(USBCore.o)
                0x20070484                _usbConfiguration
 .bss.cdc_rx_buffer
                0x20070488      0x208 Builds/embeddedcomputing.a(CDC.o)
                0x20070488                cdc_rx_buffer
 .bss._ZZN7Serial_6acceptEvE5guard
                0x20070690        0x4 Builds/embeddedcomputing.a(CDC.o)
 .bss.SerialUSB
                0x20070694       0x14 Builds/embeddedcomputing.a(CDC.o)
                0x20070694                SerialUSB
 .bss.Mouse     0x200706a8        0x4 Builds/embeddedcomputing.a(HID.o)
                0x200706a8                Mouse
 .bss.Keyboard  0x200706ac       0x10 Builds/embeddedcomputing.a(HID.o)
                0x200706ac                Keyboard
 .bss._dwTickCount
                0x200706bc        0x4 /Applications/Arduino.app/Contents/Resources/Java/hardware/arduino/sam/variants/arduino_due_x/libsam_sam3x8e_gcc_rel.a(timetick.o)
 .bss.ul_recv_fifo_ptr
                0x200706c0       0x28 /Applications/Arduino.app/Contents/Resources/Java/hardware/arduino/sam/variants/arduino_due_x/libsam_sam3x8e_gcc_rel.a(uotghs_device.o)
 .bss.ul_send_fifo_ptr
                0x200706e8       0x28 /Applications/Arduino.app/Contents/Resources/Java/hardware/arduino/sam/variants/arduino_due_x/libsam_sam3x8e_gcc_rel.a(uotghs_device.o)
 *(COMMON)
                0x20070710                . = ALIGN (0x4)
                0x20070710                _ebss = .
                0x20070710                _ezero = .
                0x20070710                . = ALIGN (0x4)
                0x20070710                _end = .

.stack_dummy    0x20070710        0x0
 *(.stack*)
                0x20088000                __StackTop = 0x20088000
                0x20088000                __StackLimit = (__StackTop - SIZEOF (.stack_dummy))
                0x20088000                PROVIDE (_sstack, __StackLimit)
                0x20088000                PROVIDE (_estack, __StackTop)
OUTPUT(Builds/embeddedcomputing.elf elf32-littlearm)

.ARM.attributes
                0x00000000       0x25
 .ARM.attributes
                0x00000000       0x19 /Applications/Arduino.app/Contents/Resources/Java/hardware/tools/g++_arm_none_eabi/bin/../lib/gcc/arm-none-eabi/4.4.1/thumb2/crti.o
 .ARM.attributes
                0x00000019       0x29 /Applications/Arduino.app/Contents/Resources/Java/hardware/tools/g++_arm_none_eabi/bin/../lib/gcc/arm-none-eabi/4.4.1/thumb2/crtbegin.o
 .ARM.attributes
                0x00000042       0x31 Builds/variant.o
 .ARM.attributes
                0x00000073       0x31 Builds/syscalls_sam3.o
 .ARM.attributes
                0x000000a4       0x31 /Applications/Arduino.app/Contents/Resources/Java/hardware/arduino/sam/variants/arduino_due_x/libsam_sam3x8e_gcc_rel.a(pio.o)
 .ARM.attributes
                0x000000d5       0x31 /Applications/Arduino.app/Contents/Resources/Java/hardware/arduino/sam/variants/arduino_due_x/libsam_sam3x8e_gcc_rel.a(pmc.o)
 .ARM.attributes
                0x00000106       0x31 /Applications/Arduino.app/Contents/Resources/Java/hardware/arduino/sam/variants/arduino_due_x/libsam_sam3x8e_gcc_rel.a(wdt.o)
 .ARM.attributes
                0x00000137       0x31 /Applications/Arduino.app/Contents/Resources/Java/hardware/arduino/sam/variants/arduino_due_x/libsam_sam3x8e_gcc_rel.a(system_sam3xa.o)
 .ARM.attributes
                0x00000168       0x31 /Applications/Arduino.app/Contents/Resources/Java/hardware/arduino/sam/variants/arduino_due_x/libsam_sam3x8e_gcc_rel.a(startup_sam3xa.o)
 .ARM.attributes
                0x00000199       0x31 /Applications/Arduino.app/Contents/Resources/Java/hardware/arduino/sam/variants/arduino_due_x/libsam_sam3x8e_gcc_rel.a(adc.o)
 .ARM.attributes
                0x000001ca       0x31 /Applications/Arduino.app/Contents/Resources/Java/hardware/arduino/sam/variants/arduino_due_x/libsam_sam3x8e_gcc_rel.a(uotghs.o)
 .ARM.attributes
                0x000001fb       0x31 Builds/LocalLibrary.o
 .ARM.attributes
                0x0000022c       0x31 Builds/RXPacket.o
 .ARM.attributes
                0x0000025d       0x31 Builds/TXPacket.o
 .ARM.attributes
                0x0000028e       0x31 Builds/main.o
 .ARM.attributes
                0x000002bf       0x31 Builds/embeddedcomputing.a(WInterrupts.o)
 .ARM.attributes
                0x000002f0       0x31 Builds/embeddedcomputing.a(cortex_handlers.o)
 .ARM.attributes
                0x00000321       0x31 Builds/embeddedcomputing.a(hooks.o)
 .ARM.attributes
                0x00000352       0x31 Builds/embeddedcomputing.a(wiring.o)
 .ARM.attributes
                0x00000383       0x31 Builds/embeddedcomputing.a(wiring_analog.o)
 .ARM.attributes
                0x000003b4       0x31 Builds/embeddedcomputing.a(wiring_digital.o)
 .ARM.attributes
                0x000003e5       0x31 Builds/embeddedcomputing.a(Reset.o)
 .ARM.attributes
                0x00000416       0x31 Builds/embeddedcomputing.a(RingBuffer.o)
 .ARM.attributes
                0x00000447       0x31 Builds/embeddedcomputing.a(UARTClass.o)
 .ARM.attributes
                0x00000478       0x31 Builds/embeddedcomputing.a(USARTClass.o)
 .ARM.attributes
                0x000004a9       0x31 Builds/embeddedcomputing.a(cxxabi-compat.o)
 .ARM.attributes
                0x000004da       0x31 Builds/embeddedcomputing.a(USBCore.o)
 .ARM.attributes
                0x0000050b       0x31 Builds/embeddedcomputing.a(Print.o)
 .ARM.attributes
                0x0000053c       0x31 Builds/embeddedcomputing.a(CDC.o)
 .ARM.attributes
                0x0000056d       0x31 Builds/embeddedcomputing.a(HID.o)
 .ARM.attributes
                0x0000059e       0x31 /Applications/Arduino.app/Contents/Resources/Java/hardware/arduino/sam/variants/arduino_due_x/libsam_sam3x8e_gcc_rel.a(pwmc.o)
 .ARM.attributes
                0x000005cf       0x31 /Applications/Arduino.app/Contents/Resources/Java/hardware/arduino/sam/variants/arduino_due_x/libsam_sam3x8e_gcc_rel.a(tc.o)
 .ARM.attributes
                0x00000600       0x31 /Applications/Arduino.app/Contents/Resources/Java/hardware/arduino/sam/variants/arduino_due_x/libsam_sam3x8e_gcc_rel.a(timetick.o)
 .ARM.attributes
                0x00000631       0x31 /Applications/Arduino.app/Contents/Resources/Java/hardware/arduino/sam/variants/arduino_due_x/libsam_sam3x8e_gcc_rel.a(interrupt_sam_nvic.o)
 .ARM.attributes
                0x00000662       0x31 /Applications/Arduino.app/Contents/Resources/Java/hardware/arduino/sam/variants/arduino_due_x/libsam_sam3x8e_gcc_rel.a(uotghs_device.o)
 .ARM.attributes
                0x00000693       0x31 /Applications/Arduino.app/Contents/Resources/Java/hardware/arduino/sam/variants/arduino_due_x/libsam_sam3x8e_gcc_rel.a(dacc.o)
 .ARM.attributes
                0x000006c4       0x29 /Applications/Arduino.app/Contents/Resources/Java/hardware/tools/g++_arm_none_eabi/bin/../lib/gcc/arm-none-eabi/4.4.1/../../../../arm-none-eabi/lib/thumb2/libm.a(lib_a-s_isinfd.o)
 .ARM.attributes
                0x000006ed       0x29 /Applications/Arduino.app/Contents/Resources/Java/hardware/tools/g++_arm_none_eabi/bin/../lib/gcc/arm-none-eabi/4.4.1/../../../../arm-none-eabi/lib/thumb2/libm.a(lib_a-s_isnand.o)
 .ARM.attributes
                0x00000716       0x1b /Applications/Arduino.app/Contents/Resources/Java/hardware/tools/g++_arm_none_eabi/bin/../lib/gcc/arm-none-eabi/4.4.1/thumb2/libgcc.a(_arm_addsubdf3.o)
 .ARM.attributes
                0x00000731       0x1b /Applications/Arduino.app/Contents/Resources/Java/hardware/tools/g++_arm_none_eabi/bin/../lib/gcc/arm-none-eabi/4.4.1/thumb2/libgcc.a(_arm_muldivdf3.o)
 .ARM.attributes
                0x0000074c       0x1b /Applications/Arduino.app/Contents/Resources/Java/hardware/tools/g++_arm_none_eabi/bin/../lib/gcc/arm-none-eabi/4.4.1/thumb2/libgcc.a(_arm_cmpdf2.o)
 .ARM.attributes
                0x00000767       0x1b /Applications/Arduino.app/Contents/Resources/Java/hardware/tools/g++_arm_none_eabi/bin/../lib/gcc/arm-none-eabi/4.4.1/thumb2/libgcc.a(_arm_fixdfsi.o)
 .ARM.attributes
                0x00000782       0x1b /Applications/Arduino.app/Contents/Resources/Java/hardware/tools/g++_arm_none_eabi/bin/../lib/gcc/arm-none-eabi/4.4.1/thumb2/libgcc.a(_arm_fixunsdfsi.o)
 .ARM.attributes
                0x0000079d       0x29 /Applications/Arduino.app/Contents/Resources/Java/hardware/tools/g++_arm_none_eabi/bin/../lib/gcc/arm-none-eabi/4.4.1/../../../../arm-none-eabi/lib/thumb2/libc.a(lib_a-assert.o)
 .ARM.attributes
                0x000007c6       0x29 /Applications/Arduino.app/Contents/Resources/Java/hardware/tools/g++_arm_none_eabi/bin/../lib/gcc/arm-none-eabi/4.4.1/../../../../arm-none-eabi/lib/thumb2/libc.a(lib_a-fiprintf.o)
 .ARM.attributes
                0x000007ef       0x29 /Applications/Arduino.app/Contents/Resources/Java/hardware/tools/g++_arm_none_eabi/bin/../lib/gcc/arm-none-eabi/4.4.1/../../../../arm-none-eabi/lib/thumb2/libc.a(lib_a-impure.o)
 .ARM.attributes
                0x00000818       0x29 /Applications/Arduino.app/Contents/Resources/Java/hardware/tools/g++_arm_none_eabi/bin/../lib/gcc/arm-none-eabi/4.4.1/../../../../arm-none-eabi/lib/thumb2/libc.a(lib_a-init.o)
 .ARM.attributes
                0x00000841       0x29 /Applications/Arduino.app/Contents/Resources/Java/hardware/tools/g++_arm_none_eabi/bin/../lib/gcc/arm-none-eabi/4.4.1/../../../../arm-none-eabi/lib/thumb2/libc.a(lib_a-iprintf.o)
 .ARM.attributes
                0x0000086a       0x29 /Applications/Arduino.app/Contents/Resources/Java/hardware/tools/g++_arm_none_eabi/bin/../lib/gcc/arm-none-eabi/4.4.1/../../../../arm-none-eabi/lib/thumb2/libc.a(lib_a-memset.o)
 .ARM.attributes
                0x00000893       0x29 /Applications/Arduino.app/Contents/Resources/Java/hardware/tools/g++_arm_none_eabi/bin/../lib/gcc/arm-none-eabi/4.4.1/../../../../arm-none-eabi/lib/thumb2/libc.a(lib_a-strlen.o)
 .ARM.attributes
                0x000008bc       0x29 /Applications/Arduino.app/Contents/Resources/Java/hardware/tools/g++_arm_none_eabi/bin/../lib/gcc/arm-none-eabi/4.4.1/../../../../arm-none-eabi/lib/thumb2/libc.a(lib_a-vfiprintf.o)
 .ARM.attributes
                0x000008e5       0x29 /Applications/Arduino.app/Contents/Resources/Java/hardware/tools/g++_arm_none_eabi/bin/../lib/gcc/arm-none-eabi/4.4.1/../../../../arm-none-eabi/lib/thumb2/libc.a(lib_a-wsetup.o)
 .ARM.attributes
                0x0000090e       0x29 /Applications/Arduino.app/Contents/Resources/Java/hardware/tools/g++_arm_none_eabi/bin/../lib/gcc/arm-none-eabi/4.4.1/../../../../arm-none-eabi/lib/thumb2/libc.a(lib_a-abort.o)
 .ARM.attributes
                0x00000937       0x29 /Applications/Arduino.app/Contents/Resources/Java/hardware/tools/g++_arm_none_eabi/bin/../lib/gcc/arm-none-eabi/4.4.1/../../../../arm-none-eabi/lib/thumb2/libc.a(lib_a-fflush.o)
 .ARM.attributes
                0x00000960       0x29 /Applications/Arduino.app/Contents/Resources/Java/hardware/tools/g++_arm_none_eabi/bin/../lib/gcc/arm-none-eabi/4.4.1/../../../../arm-none-eabi/lib/thumb2/libc.a(lib_a-findfp.o)
 .ARM.attributes
                0x00000989       0x29 /Applications/Arduino.app/Contents/Resources/Java/hardware/tools/g++_arm_none_eabi/bin/../lib/gcc/arm-none-eabi/4.4.1/../../../../arm-none-eabi/lib/thumb2/libc.a(lib_a-freer.o)
 .ARM.attributes
                0x000009b2       0x29 /Applications/Arduino.app/Contents/Resources/Java/hardware/tools/g++_arm_none_eabi/bin/../lib/gcc/arm-none-eabi/4.4.1/../../../../arm-none-eabi/lib/thumb2/libc.a(lib_a-fvwrite.o)
 .ARM.attributes
                0x000009db       0x29 /Applications/Arduino.app/Contents/Resources/Java/hardware/tools/g++_arm_none_eabi/bin/../lib/gcc/arm-none-eabi/4.4.1/../../../../arm-none-eabi/lib/thumb2/libc.a(lib_a-fwalk.o)
 .ARM.attributes
                0x00000a04       0x29 /Applications/Arduino.app/Contents/Resources/Java/hardware/tools/g++_arm_none_eabi/bin/../lib/gcc/arm-none-eabi/4.4.1/../../../../arm-none-eabi/lib/thumb2/libc.a(lib_a-makebuf.o)
 .ARM.attributes
                0x00000a2d       0x29 /Applications/Arduino.app/Contents/Resources/Java/hardware/tools/g++_arm_none_eabi/bin/../lib/gcc/arm-none-eabi/4.4.1/../../../../arm-none-eabi/lib/thumb2/libc.a(lib_a-mallocr.o)
 .ARM.attributes
                0x00000a56       0x29 /Applications/Arduino.app/Contents/Resources/Java/hardware/tools/g++_arm_none_eabi/bin/../lib/gcc/arm-none-eabi/4.4.1/../../../../arm-none-eabi/lib/thumb2/libc.a(lib_a-memchr.o)
 .ARM.attributes
                0x00000a7f       0x29 /Applications/Arduino.app/Contents/Resources/Java/hardware/tools/g++_arm_none_eabi/bin/../lib/gcc/arm-none-eabi/4.4.1/../../../../arm-none-eabi/lib/thumb2/libc.a(lib_a-memcpy.o)
 .ARM.attributes
                0x00000aa8       0x29 /Applications/Arduino.app/Contents/Resources/Java/hardware/tools/g++_arm_none_eabi/bin/../lib/gcc/arm-none-eabi/4.4.1/../../../../arm-none-eabi/lib/thumb2/libc.a(lib_a-memmove.o)
 .ARM.attributes
                0x00000ad1       0x29 /Applications/Arduino.app/Contents/Resources/Java/hardware/tools/g++_arm_none_eabi/bin/../lib/gcc/arm-none-eabi/4.4.1/../../../../arm-none-eabi/lib/thumb2/libc.a(lib_a-mlock.o)
 .ARM.attributes
                0x00000afa       0x29 /Applications/Arduino.app/Contents/Resources/Java/hardware/tools/g++_arm_none_eabi/bin/../lib/gcc/arm-none-eabi/4.4.1/../../../../arm-none-eabi/lib/thumb2/libc.a(lib_a-reallocr.o)
 .ARM.attributes
                0x00000b23       0x29 /Applications/Arduino.app/Contents/Resources/Java/hardware/tools/g++_arm_none_eabi/bin/../lib/gcc/arm-none-eabi/4.4.1/../../../../arm-none-eabi/lib/thumb2/libc.a(lib_a-sbrkr.o)
 .ARM.attributes
                0x00000b4c       0x29 /Applications/Arduino.app/Contents/Resources/Java/hardware/tools/g++_arm_none_eabi/bin/../lib/gcc/arm-none-eabi/4.4.1/../../../../arm-none-eabi/lib/thumb2/libc.a(lib_a-signal.o)
 .ARM.attributes
                0x00000b75       0x29 /Applications/Arduino.app/Contents/Resources/Java/hardware/tools/g++_arm_none_eabi/bin/../lib/gcc/arm-none-eabi/4.4.1/../../../../arm-none-eabi/lib/thumb2/libc.a(lib_a-signalr.o)
 .ARM.attributes
                0x00000b9e       0x29 /Applications/Arduino.app/Contents/Resources/Java/hardware/tools/g++_arm_none_eabi/bin/../lib/gcc/arm-none-eabi/4.4.1/../../../../arm-none-eabi/lib/thumb2/libc.a(lib_a-stdio.o)
 .ARM.attributes
                0x00000bc7       0x29 /Applications/Arduino.app/Contents/Resources/Java/hardware/tools/g++_arm_none_eabi/bin/../lib/gcc/arm-none-eabi/4.4.1/../../../../arm-none-eabi/lib/thumb2/libc.a(lib_a-writer.o)
 .ARM.attributes
                0x00000bf0       0x29 /Applications/Arduino.app/Contents/Resources/Java/hardware/tools/g++_arm_none_eabi/bin/../lib/gcc/arm-none-eabi/4.4.1/../../../../arm-none-eabi/lib/thumb2/libc.a(lib_a-closer.o)
 .ARM.attributes
                0x00000c19       0x29 /Applications/Arduino.app/Contents/Resources/Java/hardware/tools/g++_arm_none_eabi/bin/../lib/gcc/arm-none-eabi/4.4.1/../../../../arm-none-eabi/lib/thumb2/libc.a(lib_a-fclose.o)
 .ARM.attributes
                0x00000c42       0x29 /Applications/Arduino.app/Contents/Resources/Java/hardware/tools/g++_arm_none_eabi/bin/../lib/gcc/arm-none-eabi/4.4.1/../../../../arm-none-eabi/lib/thumb2/libc.a(lib_a-fstatr.o)
 .ARM.attributes
                0x00000c6b       0x29 /Applications/Arduino.app/Contents/Resources/Java/hardware/tools/g++_arm_none_eabi/bin/../lib/gcc/arm-none-eabi/4.4.1/../../../../arm-none-eabi/lib/thumb2/libc.a(lib_a-isattyr.o)
 .ARM.attributes
                0x00000c94       0x29 /Applications/Arduino.app/Contents/Resources/Java/hardware/tools/g++_arm_none_eabi/bin/../lib/gcc/arm-none-eabi/4.4.1/../../../../arm-none-eabi/lib/thumb2/libc.a(lib_a-lseekr.o)
 .ARM.attributes
                0x00000cbd       0x29 /Applications/Arduino.app/Contents/Resources/Java/hardware/tools/g++_arm_none_eabi/bin/../lib/gcc/arm-none-eabi/4.4.1/../../../../arm-none-eabi/lib/thumb2/libc.a(lib_a-readr.o)
 .ARM.attributes
                0x00000ce6       0x29 /Applications/Arduino.app/Contents/Resources/Java/hardware/tools/g++_arm_none_eabi/bin/../lib/gcc/arm-none-eabi/4.4.1/../../../../arm-none-eabi/lib/thumb2/libc.a(lib_a-reent.o)
 .ARM.attributes
                0x00000d0f       0x1b /Applications/Arduino.app/Contents/Resources/Java/hardware/tools/g++_arm_none_eabi/bin/../lib/gcc/arm-none-eabi/4.4.1/thumb2/libgcc.a(_udivsi3.o)
 .ARM.attributes
                0x00000d2a       0x1b /Applications/Arduino.app/Contents/Resources/Java/hardware/tools/g++_arm_none_eabi/bin/../lib/gcc/arm-none-eabi/4.4.1/thumb2/libgcc.a(_dvmd_tls.o)
 .ARM.attributes
                0x00000d45       0x29 /Applications/Arduino.app/Contents/Resources/Java/hardware/tools/g++_arm_none_eabi/bin/../lib/gcc/arm-none-eabi/4.4.1/thumb2/crtend.o
 .ARM.attributes
                0x00000d6e       0x19 /Applications/Arduino.app/Contents/Resources/Java/hardware/tools/g++_arm_none_eabi/bin/../lib/gcc/arm-none-eabi/4.4.1/thumb2/crtn.o

.comment        0x00000000      0x450
 .comment       0x00000000       0x12 /Applications/Arduino.app/Contents/Resources/Java/hardware/tools/g++_arm_none_eabi/bin/../lib/gcc/arm-none-eabi/4.4.1/thumb2/crtbegin.o
 .comment       0x00000012       0x12 Builds/variant.o
 .comment       0x00000024       0x12 Builds/syscalls_sam3.o
 .comment       0x00000036       0x2a /Applications/Arduino.app/Contents/Resources/Java/hardware/arduino/sam/variants/arduino_due_x/libsam_sam3x8e_gcc_rel.a(pio.o)
                                 0x2b (size before relaxing)
 .comment       0x00000000       0x2b /Applications/Arduino.app/Contents/Resources/Java/hardware/arduino/sam/variants/arduino_due_x/libsam_sam3x8e_gcc_rel.a(pmc.o)
 .comment       0x00000000       0x2b /Applications/Arduino.app/Contents/Resources/Java/hardware/arduino/sam/variants/arduino_due_x/libsam_sam3x8e_gcc_rel.a(wdt.o)
 .comment       0x00000000       0x2b /Applications/Arduino.app/Contents/Resources/Java/hardware/arduino/sam/variants/arduino_due_x/libsam_sam3x8e_gcc_rel.a(system_sam3xa.o)
 .comment       0x00000000       0x2b /Applications/Arduino.app/Contents/Resources/Java/hardware/arduino/sam/variants/arduino_due_x/libsam_sam3x8e_gcc_rel.a(startup_sam3xa.o)
 .comment       0x00000000       0x2b /Applications/Arduino.app/Contents/Resources/Java/hardware/arduino/sam/variants/arduino_due_x/libsam_sam3x8e_gcc_rel.a(adc.o)
 .comment       0x00000000       0x2b /Applications/Arduino.app/Contents/Resources/Java/hardware/arduino/sam/variants/arduino_due_x/libsam_sam3x8e_gcc_rel.a(uotghs.o)
 .comment       0x00000060       0x12 Builds/LocalLibrary.o
 .comment       0x00000072       0x12 Builds/RXPacket.o
 .comment       0x00000084       0x12 Builds/TXPacket.o
 .comment       0x00000096       0x12 Builds/main.o
 .comment       0x000000a8       0x12 Builds/embeddedcomputing.a(WInterrupts.o)
 .comment       0x000000ba       0x12 Builds/embeddedcomputing.a(cortex_handlers.o)
 .comment       0x000000cc       0x12 Builds/embeddedcomputing.a(hooks.o)
 .comment       0x000000de       0x12 Builds/embeddedcomputing.a(wiring.o)
 .comment       0x000000f0       0x12 Builds/embeddedcomputing.a(wiring_analog.o)
 .comment       0x00000102       0x12 Builds/embeddedcomputing.a(wiring_digital.o)
 .comment       0x00000114       0x12 Builds/embeddedcomputing.a(Reset.o)
 .comment       0x00000126       0x12 Builds/embeddedcomputing.a(RingBuffer.o)
 .comment       0x00000138       0x12 Builds/embeddedcomputing.a(UARTClass.o)
 .comment       0x0000014a       0x12 Builds/embeddedcomputing.a(USARTClass.o)
 .comment       0x0000015c       0x12 Builds/embeddedcomputing.a(cxxabi-compat.o)
 .comment       0x0000016e       0x12 Builds/embeddedcomputing.a(USBCore.o)
 .comment       0x00000180       0x12 Builds/embeddedcomputing.a(Print.o)
 .comment       0x00000192       0x12 Builds/embeddedcomputing.a(CDC.o)
 .comment       0x000001a4       0x12 Builds/embeddedcomputing.a(HID.o)
 .comment       0x00000000       0x2b /Applications/Arduino.app/Contents/Resources/Java/hardware/arduino/sam/variants/arduino_due_x/libsam_sam3x8e_gcc_rel.a(pwmc.o)
 .comment       0x00000000       0x2b /Applications/Arduino.app/Contents/Resources/Java/hardware/arduino/sam/variants/arduino_due_x/libsam_sam3x8e_gcc_rel.a(tc.o)
 .comment       0x00000000       0x2b /Applications/Arduino.app/Contents/Resources/Java/hardware/arduino/sam/variants/arduino_due_x/libsam_sam3x8e_gcc_rel.a(timetick.o)
 .comment       0x00000000       0x2b /Applications/Arduino.app/Contents/Resources/Java/hardware/arduino/sam/variants/arduino_due_x/libsam_sam3x8e_gcc_rel.a(interrupt_sam_nvic.o)
 .comment       0x00000000       0x2b /Applications/Arduino.app/Contents/Resources/Java/hardware/arduino/sam/variants/arduino_due_x/libsam_sam3x8e_gcc_rel.a(uotghs_device.o)
 .comment       0x00000000       0x2b /Applications/Arduino.app/Contents/Resources/Java/hardware/arduino/sam/variants/arduino_due_x/libsam_sam3x8e_gcc_rel.a(dacc.o)
 .comment       0x000001b6       0x12 /Applications/Arduino.app/Contents/Resources/Java/hardware/tools/g++_arm_none_eabi/bin/../lib/gcc/arm-none-eabi/4.4.1/../../../../arm-none-eabi/lib/thumb2/libm.a(lib_a-s_isinfd.o)
 .comment       0x000001c8       0x12 /Applications/Arduino.app/Contents/Resources/Java/hardware/tools/g++_arm_none_eabi/bin/../lib/gcc/arm-none-eabi/4.4.1/../../../../arm-none-eabi/lib/thumb2/libm.a(lib_a-s_isnand.o)
 .comment       0x000001da       0x12 /Applications/Arduino.app/Contents/Resources/Java/hardware/tools/g++_arm_none_eabi/bin/../lib/gcc/arm-none-eabi/4.4.1/../../../../arm-none-eabi/lib/thumb2/libc.a(lib_a-assert.o)
 .comment       0x000001ec       0x12 /Applications/Arduino.app/Contents/Resources/Java/hardware/tools/g++_arm_none_eabi/bin/../lib/gcc/arm-none-eabi/4.4.1/../../../../arm-none-eabi/lib/thumb2/libc.a(lib_a-fiprintf.o)
 .comment       0x000001fe       0x12 /Applications/Arduino.app/Contents/Resources/Java/hardware/tools/g++_arm_none_eabi/bin/../lib/gcc/arm-none-eabi/4.4.1/../../../../arm-none-eabi/lib/thumb2/libc.a(lib_a-impure.o)
 .comment       0x00000210       0x12 /Applications/Arduino.app/Contents/Resources/Java/hardware/tools/g++_arm_none_eabi/bin/../lib/gcc/arm-none-eabi/4.4.1/../../../../arm-none-eabi/lib/thumb2/libc.a(lib_a-init.o)
 .comment       0x00000222       0x12 /Applications/Arduino.app/Contents/Resources/Java/hardware/tools/g++_arm_none_eabi/bin/../lib/gcc/arm-none-eabi/4.4.1/../../../../arm-none-eabi/lib/thumb2/libc.a(lib_a-iprintf.o)
 .comment       0x00000234       0x12 /Applications/Arduino.app/Contents/Resources/Java/hardware/tools/g++_arm_none_eabi/bin/../lib/gcc/arm-none-eabi/4.4.1/../../../../arm-none-eabi/lib/thumb2/libc.a(lib_a-memset.o)
 .comment       0x00000246       0x12 /Applications/Arduino.app/Contents/Resources/Java/hardware/tools/g++_arm_none_eabi/bin/../lib/gcc/arm-none-eabi/4.4.1/../../../../arm-none-eabi/lib/thumb2/libc.a(lib_a-strlen.o)
 .comment       0x00000258       0x12 /Applications/Arduino.app/Contents/Resources/Java/hardware/tools/g++_arm_none_eabi/bin/../lib/gcc/arm-none-eabi/4.4.1/../../../../arm-none-eabi/lib/thumb2/libc.a(lib_a-vfiprintf.o)
 .comment       0x0000026a       0x12 /Applications/Arduino.app/Contents/Resources/Java/hardware/tools/g++_arm_none_eabi/bin/../lib/gcc/arm-none-eabi/4.4.1/../../../../arm-none-eabi/lib/thumb2/libc.a(lib_a-wsetup.o)
 .comment       0x0000027c       0x12 /Applications/Arduino.app/Contents/Resources/Java/hardware/tools/g++_arm_none_eabi/bin/../lib/gcc/arm-none-eabi/4.4.1/../../../../arm-none-eabi/lib/thumb2/libc.a(lib_a-abort.o)
 .comment       0x0000028e       0x12 /Applications/Arduino.app/Contents/Resources/Java/hardware/tools/g++_arm_none_eabi/bin/../lib/gcc/arm-none-eabi/4.4.1/../../../../arm-none-eabi/lib/thumb2/libc.a(lib_a-fflush.o)
 .comment       0x000002a0       0x12 /Applications/Arduino.app/Contents/Resources/Java/hardware/tools/g++_arm_none_eabi/bin/../lib/gcc/arm-none-eabi/4.4.1/../../../../arm-none-eabi/lib/thumb2/libc.a(lib_a-findfp.o)
 .comment       0x000002b2       0x12 /Applications/Arduino.app/Contents/Resources/Java/hardware/tools/g++_arm_none_eabi/bin/../lib/gcc/arm-none-eabi/4.4.1/../../../../arm-none-eabi/lib/thumb2/libc.a(lib_a-freer.o)
 .comment       0x000002c4       0x12 /Applications/Arduino.app/Contents/Resources/Java/hardware/tools/g++_arm_none_eabi/bin/../lib/gcc/arm-none-eabi/4.4.1/../../../../arm-none-eabi/lib/thumb2/libc.a(lib_a-fvwrite.o)
 .comment       0x000002d6       0x12 /Applications/Arduino.app/Contents/Resources/Java/hardware/tools/g++_arm_none_eabi/bin/../lib/gcc/arm-none-eabi/4.4.1/../../../../arm-none-eabi/lib/thumb2/libc.a(lib_a-fwalk.o)
 .comment       0x000002e8       0x12 /Applications/Arduino.app/Contents/Resources/Java/hardware/tools/g++_arm_none_eabi/bin/../lib/gcc/arm-none-eabi/4.4.1/../../../../arm-none-eabi/lib/thumb2/libc.a(lib_a-makebuf.o)
 .comment       0x000002fa       0x12 /Applications/Arduino.app/Contents/Resources/Java/hardware/tools/g++_arm_none_eabi/bin/../lib/gcc/arm-none-eabi/4.4.1/../../../../arm-none-eabi/lib/thumb2/libc.a(lib_a-mallocr.o)
 .comment       0x0000030c       0x12 /Applications/Arduino.app/Contents/Resources/Java/hardware/tools/g++_arm_none_eabi/bin/../lib/gcc/arm-none-eabi/4.4.1/../../../../arm-none-eabi/lib/thumb2/libc.a(lib_a-memchr.o)
 .comment       0x0000031e       0x12 /Applications/Arduino.app/Contents/Resources/Java/hardware/tools/g++_arm_none_eabi/bin/../lib/gcc/arm-none-eabi/4.4.1/../../../../arm-none-eabi/lib/thumb2/libc.a(lib_a-memcpy.o)
 .comment       0x00000330       0x12 /Applications/Arduino.app/Contents/Resources/Java/hardware/tools/g++_arm_none_eabi/bin/../lib/gcc/arm-none-eabi/4.4.1/../../../../arm-none-eabi/lib/thumb2/libc.a(lib_a-memmove.o)
 .comment       0x00000342       0x12 /Applications/Arduino.app/Contents/Resources/Java/hardware/tools/g++_arm_none_eabi/bin/../lib/gcc/arm-none-eabi/4.4.1/../../../../arm-none-eabi/lib/thumb2/libc.a(lib_a-mlock.o)
 .comment       0x00000354       0x12 /Applications/Arduino.app/Contents/Resources/Java/hardware/tools/g++_arm_none_eabi/bin/../lib/gcc/arm-none-eabi/4.4.1/../../../../arm-none-eabi/lib/thumb2/libc.a(lib_a-reallocr.o)
 .comment       0x00000366       0x12 /Applications/Arduino.app/Contents/Resources/Java/hardware/tools/g++_arm_none_eabi/bin/../lib/gcc/arm-none-eabi/4.4.1/../../../../arm-none-eabi/lib/thumb2/libc.a(lib_a-sbrkr.o)
 .comment       0x00000378       0x12 /Applications/Arduino.app/Contents/Resources/Java/hardware/tools/g++_arm_none_eabi/bin/../lib/gcc/arm-none-eabi/4.4.1/../../../../arm-none-eabi/lib/thumb2/libc.a(lib_a-signal.o)
 .comment       0x0000038a       0x12 /Applications/Arduino.app/Contents/Resources/Java/hardware/tools/g++_arm_none_eabi/bin/../lib/gcc/arm-none-eabi/4.4.1/../../../../arm-none-eabi/lib/thumb2/libc.a(lib_a-signalr.o)
 .comment       0x0000039c       0x12 /Applications/Arduino.app/Contents/Resources/Java/hardware/tools/g++_arm_none_eabi/bin/../lib/gcc/arm-none-eabi/4.4.1/../../../../arm-none-eabi/lib/thumb2/libc.a(lib_a-stdio.o)
 .comment       0x000003ae       0x12 /Applications/Arduino.app/Contents/Resources/Java/hardware/tools/g++_arm_none_eabi/bin/../lib/gcc/arm-none-eabi/4.4.1/../../../../arm-none-eabi/lib/thumb2/libc.a(lib_a-writer.o)
 .comment       0x000003c0       0x12 /Applications/Arduino.app/Contents/Resources/Java/hardware/tools/g++_arm_none_eabi/bin/../lib/gcc/arm-none-eabi/4.4.1/../../../../arm-none-eabi/lib/thumb2/libc.a(lib_a-closer.o)
 .comment       0x000003d2       0x12 /Applications/Arduino.app/Contents/Resources/Java/hardware/tools/g++_arm_none_eabi/bin/../lib/gcc/arm-none-eabi/4.4.1/../../../../arm-none-eabi/lib/thumb2/libc.a(lib_a-fclose.o)
 .comment       0x000003e4       0x12 /Applications/Arduino.app/Contents/Resources/Java/hardware/tools/g++_arm_none_eabi/bin/../lib/gcc/arm-none-eabi/4.4.1/../../../../arm-none-eabi/lib/thumb2/libc.a(lib_a-fstatr.o)
 .comment       0x000003f6       0x12 /Applications/Arduino.app/Contents/Resources/Java/hardware/tools/g++_arm_none_eabi/bin/../lib/gcc/arm-none-eabi/4.4.1/../../../../arm-none-eabi/lib/thumb2/libc.a(lib_a-isattyr.o)
 .comment       0x00000408       0x12 /Applications/Arduino.app/Contents/Resources/Java/hardware/tools/g++_arm_none_eabi/bin/../lib/gcc/arm-none-eabi/4.4.1/../../../../arm-none-eabi/lib/thumb2/libc.a(lib_a-lseekr.o)
 .comment       0x0000041a       0x12 /Applications/Arduino.app/Contents/Resources/Java/hardware/tools/g++_arm_none_eabi/bin/../lib/gcc/arm-none-eabi/4.4.1/../../../../arm-none-eabi/lib/thumb2/libc.a(lib_a-readr.o)
 .comment       0x0000042c       0x12 /Applications/Arduino.app/Contents/Resources/Java/hardware/tools/g++_arm_none_eabi/bin/../lib/gcc/arm-none-eabi/4.4.1/../../../../arm-none-eabi/lib/thumb2/libc.a(lib_a-reent.o)
 .comment       0x0000043e       0x12 /Applications/Arduino.app/Contents/Resources/Java/hardware/tools/g++_arm_none_eabi/bin/../lib/gcc/arm-none-eabi/4.4.1/thumb2/crtend.o

.debug_line     0x00000000     0x596e
 .debug_line    0x00000000       0x6f /Applications/Arduino.app/Contents/Resources/Java/hardware/tools/g++_arm_none_eabi/bin/../lib/gcc/arm-none-eabi/4.4.1/thumb2/crti.o
 .debug_line    0x0000006f      0x526 Builds/variant.o
 .debug_line    0x00000595      0x3b2 Builds/syscalls_sam3.o
 .debug_line    0x00000947        0x0 Builds/LocalLibrary.o
 .debug_line    0x00000947      0x486 Builds/RXPacket.o
 .debug_line    0x00000dcd      0x3a6 Builds/TXPacket.o
 .debug_line    0x00001173      0x31e Builds/main.o
 .debug_line    0x00001491      0x4b8 Builds/embeddedcomputing.a(WInterrupts.o)
 .debug_line    0x00001949      0x2be Builds/embeddedcomputing.a(cortex_handlers.o)
 .debug_line    0x00001c07       0xac Builds/embeddedcomputing.a(hooks.o)
 .debug_line    0x00001cb3      0x2b1 Builds/embeddedcomputing.a(wiring.o)
 .debug_line    0x00001f64      0x4b5 Builds/embeddedcomputing.a(wiring_analog.o)
 .debug_line    0x00002419      0x370 Builds/embeddedcomputing.a(wiring_digital.o)
 .debug_line    0x00002789      0x3f9 Builds/embeddedcomputing.a(Reset.o)
 .debug_line    0x00002b82      0x17b Builds/embeddedcomputing.a(RingBuffer.o)
 .debug_line    0x00002cfd      0x546 Builds/embeddedcomputing.a(UARTClass.o)
 .debug_line    0x00003243      0x549 Builds/embeddedcomputing.a(USARTClass.o)
 .debug_line    0x0000378c       0x96 Builds/embeddedcomputing.a(cxxabi-compat.o)
 .debug_line    0x00003822      0x6df Builds/embeddedcomputing.a(USBCore.o)
 .debug_line    0x00003f01      0x5f8 Builds/embeddedcomputing.a(Print.o)
 .debug_line    0x000044f9      0x69f Builds/embeddedcomputing.a(CDC.o)
 .debug_line    0x00004b98      0x5f3 Builds/embeddedcomputing.a(HID.o)
 .debug_line    0x0000518b      0x20e /Applications/Arduino.app/Contents/Resources/Java/hardware/tools/g++_arm_none_eabi/bin/../lib/gcc/arm-none-eabi/4.4.1/thumb2/libgcc.a(_arm_addsubdf3.o)
 .debug_line    0x00005399      0x22e /Applications/Arduino.app/Contents/Resources/Java/hardware/tools/g++_arm_none_eabi/bin/../lib/gcc/arm-none-eabi/4.4.1/thumb2/libgcc.a(_arm_muldivdf3.o)
 .debug_line    0x000055c7      0x114 /Applications/Arduino.app/Contents/Resources/Java/hardware/tools/g++_arm_none_eabi/bin/../lib/gcc/arm-none-eabi/4.4.1/thumb2/libgcc.a(_arm_cmpdf2.o)
 .debug_line    0x000056db       0x8c /Applications/Arduino.app/Contents/Resources/Java/hardware/tools/g++_arm_none_eabi/bin/../lib/gcc/arm-none-eabi/4.4.1/thumb2/libgcc.a(_arm_fixdfsi.o)
 .debug_line    0x00005767       0x88 /Applications/Arduino.app/Contents/Resources/Java/hardware/tools/g++_arm_none_eabi/bin/../lib/gcc/arm-none-eabi/4.4.1/thumb2/libgcc.a(_arm_fixunsdfsi.o)
 .debug_line    0x000057ef       0x98 /Applications/Arduino.app/Contents/Resources/Java/hardware/tools/g++_arm_none_eabi/bin/../lib/gcc/arm-none-eabi/4.4.1/thumb2/libgcc.a(_udivsi3.o)
 .debug_line    0x00005887       0x75 /Applications/Arduino.app/Contents/Resources/Java/hardware/tools/g++_arm_none_eabi/bin/../lib/gcc/arm-none-eabi/4.4.1/thumb2/libgcc.a(_dvmd_tls.o)
 .debug_line    0x000058fc       0x72 /Applications/Arduino.app/Contents/Resources/Java/hardware/tools/g++_arm_none_eabi/bin/../lib/gcc/arm-none-eabi/4.4.1/thumb2/crtn.o

.debug_info     0x00000000    0x115f8
 .debug_info    0x00000000       0x8f /Applications/Arduino.app/Contents/Resources/Java/hardware/tools/g++_arm_none_eabi/bin/../lib/gcc/arm-none-eabi/4.4.1/thumb2/crti.o
 .debug_info    0x0000008f     0x1288 Builds/variant.o
 .debug_info    0x00001317      0x5fb Builds/syscalls_sam3.o
 .debug_info    0x00001912        0x0 Builds/LocalLibrary.o
 .debug_info    0x00001912      0xb2c Builds/RXPacket.o
 .debug_info    0x0000243e      0x898 Builds/TXPacket.o
 .debug_info    0x00002cd6      0x9dc Builds/main.o
 .debug_info    0x000036b2     0x1161 Builds/embeddedcomputing.a(WInterrupts.o)
 .debug_info    0x00004813      0x233 Builds/embeddedcomputing.a(cortex_handlers.o)
 .debug_info    0x00004a46       0x64 Builds/embeddedcomputing.a(hooks.o)
 .debug_info    0x00004aaa      0x4a8 Builds/embeddedcomputing.a(wiring.o)
 .debug_info    0x00004f52     0x16aa Builds/embeddedcomputing.a(wiring_analog.o)
 .debug_info    0x000065fc      0x8bc Builds/embeddedcomputing.a(wiring_digital.o)
 .debug_info    0x00006eb8      0x355 Builds/embeddedcomputing.a(Reset.o)
 .debug_info    0x0000720d      0x195 Builds/embeddedcomputing.a(RingBuffer.o)
 .debug_info    0x000073a2     0x1b3c Builds/embeddedcomputing.a(UARTClass.o)
 .debug_info    0x00008ede     0x1c24 Builds/embeddedcomputing.a(USARTClass.o)
 .debug_info    0x0000ab02       0x38 Builds/embeddedcomputing.a(cxxabi-compat.o)
 .debug_info    0x0000ab3a     0x1602 Builds/embeddedcomputing.a(USBCore.o)
 .debug_info    0x0000c13c     0x1bc4 Builds/embeddedcomputing.a(Print.o)
 .debug_info    0x0000dd00     0x24e8 Builds/embeddedcomputing.a(CDC.o)
 .debug_info    0x000101e8      0xe46 Builds/embeddedcomputing.a(HID.o)
 .debug_info    0x0001102e       0xbf /Applications/Arduino.app/Contents/Resources/Java/hardware/tools/g++_arm_none_eabi/bin/../lib/gcc/arm-none-eabi/4.4.1/thumb2/libgcc.a(_arm_addsubdf3.o)
 .debug_info    0x000110ed       0xbf /Applications/Arduino.app/Contents/Resources/Java/hardware/tools/g++_arm_none_eabi/bin/../lib/gcc/arm-none-eabi/4.4.1/thumb2/libgcc.a(_arm_muldivdf3.o)
 .debug_info    0x000111ac       0xbf /Applications/Arduino.app/Contents/Resources/Java/hardware/tools/g++_arm_none_eabi/bin/../lib/gcc/arm-none-eabi/4.4.1/thumb2/libgcc.a(_arm_cmpdf2.o)
 .debug_info    0x0001126b       0xbf /Applications/Arduino.app/Contents/Resources/Java/hardware/tools/g++_arm_none_eabi/bin/../lib/gcc/arm-none-eabi/4.4.1/thumb2/libgcc.a(_arm_fixdfsi.o)
 .debug_info    0x0001132a       0xbf /Applications/Arduino.app/Contents/Resources/Java/hardware/tools/g++_arm_none_eabi/bin/../lib/gcc/arm-none-eabi/4.4.1/thumb2/libgcc.a(_arm_fixunsdfsi.o)
 .debug_info    0x000113e9       0xc0 /Applications/Arduino.app/Contents/Resources/Java/hardware/tools/g++_arm_none_eabi/bin/../lib/gcc/arm-none-eabi/4.4.1/thumb2/libgcc.a(_udivsi3.o)
 .debug_info    0x000114a9       0xc0 /Applications/Arduino.app/Contents/Resources/Java/hardware/tools/g++_arm_none_eabi/bin/../lib/gcc/arm-none-eabi/4.4.1/thumb2/libgcc.a(_dvmd_tls.o)
 .debug_info    0x00011569       0x8f /Applications/Arduino.app/Contents/Resources/Java/hardware/tools/g++_arm_none_eabi/bin/../lib/gcc/arm-none-eabi/4.4.1/thumb2/crtn.o

.debug_abbrev   0x00000000     0x2f2e
 .debug_abbrev  0x00000000       0x12 /Applications/Arduino.app/Contents/Resources/Java/hardware/tools/g++_arm_none_eabi/bin/../lib/gcc/arm-none-eabi/4.4.1/thumb2/crti.o
 .debug_abbrev  0x00000012      0x2a6 Builds/variant.o
 .debug_abbrev  0x000002b8      0x169 Builds/syscalls_sam3.o
 .debug_abbrev  0x00000421        0x1 Builds/LocalLibrary.o
 .debug_abbrev  0x00000422      0x238 Builds/RXPacket.o
 .debug_abbrev  0x0000065a      0x1a6 Builds/TXPacket.o
 .debug_abbrev  0x00000800      0x1dd Builds/main.o
 .debug_abbrev  0x000009dd      0x265 Builds/embeddedcomputing.a(WInterrupts.o)
 .debug_abbrev  0x00000c42       0xc9 Builds/embeddedcomputing.a(cortex_handlers.o)
 .debug_abbrev  0x00000d0b       0x43 Builds/embeddedcomputing.a(hooks.o)
 .debug_abbrev  0x00000d4e      0x14c Builds/embeddedcomputing.a(wiring.o)
 .debug_abbrev  0x00000e9a      0x28f Builds/embeddedcomputing.a(wiring_analog.o)
 .debug_abbrev  0x00001129      0x146 Builds/embeddedcomputing.a(wiring_digital.o)
 .debug_abbrev  0x0000126f      0x146 Builds/embeddedcomputing.a(Reset.o)
 .debug_abbrev  0x000013b5      0x139 Builds/embeddedcomputing.a(RingBuffer.o)
 .debug_abbrev  0x000014ee      0x3dd Builds/embeddedcomputing.a(UARTClass.o)
 .debug_abbrev  0x000018cb      0x3dd Builds/embeddedcomputing.a(USARTClass.o)
 .debug_abbrev  0x00001ca8       0x27 Builds/embeddedcomputing.a(cxxabi-compat.o)
 .debug_abbrev  0x00001ccf      0x507 Builds/embeddedcomputing.a(USBCore.o)
 .debug_abbrev  0x000021d6      0x33e Builds/embeddedcomputing.a(Print.o)
 .debug_abbrev  0x00002514      0x4d6 Builds/embeddedcomputing.a(CDC.o)
 .debug_abbrev  0x000029ea      0x4a6 Builds/embeddedcomputing.a(HID.o)
 .debug_abbrev  0x00002e90       0x14 /Applications/Arduino.app/Contents/Resources/Java/hardware/tools/g++_arm_none_eabi/bin/../lib/gcc/arm-none-eabi/4.4.1/thumb2/libgcc.a(_arm_addsubdf3.o)
 .debug_abbrev  0x00002ea4       0x14 /Applications/Arduino.app/Contents/Resources/Java/hardware/tools/g++_arm_none_eabi/bin/../lib/gcc/arm-none-eabi/4.4.1/thumb2/libgcc.a(_arm_muldivdf3.o)
 .debug_abbrev  0x00002eb8       0x14 /Applications/Arduino.app/Contents/Resources/Java/hardware/tools/g++_arm_none_eabi/bin/../lib/gcc/arm-none-eabi/4.4.1/thumb2/libgcc.a(_arm_cmpdf2.o)
 .debug_abbrev  0x00002ecc       0x14 /Applications/Arduino.app/Contents/Resources/Java/hardware/tools/g++_arm_none_eabi/bin/../lib/gcc/arm-none-eabi/4.4.1/thumb2/libgcc.a(_arm_fixdfsi.o)
 .debug_abbrev  0x00002ee0       0x14 /Applications/Arduino.app/Contents/Resources/Java/hardware/tools/g++_arm_none_eabi/bin/../lib/gcc/arm-none-eabi/4.4.1/thumb2/libgcc.a(_arm_fixunsdfsi.o)
 .debug_abbrev  0x00002ef4       0x14 /Applications/Arduino.app/Contents/Resources/Java/hardware/tools/g++_arm_none_eabi/bin/../lib/gcc/arm-none-eabi/4.4.1/thumb2/libgcc.a(_udivsi3.o)
 .debug_abbrev  0x00002f08       0x14 /Applications/Arduino.app/Contents/Resources/Java/hardware/tools/g++_arm_none_eabi/bin/../lib/gcc/arm-none-eabi/4.4.1/thumb2/libgcc.a(_dvmd_tls.o)
 .debug_abbrev  0x00002f1c       0x12 /Applications/Arduino.app/Contents/Resources/Java/hardware/tools/g++_arm_none_eabi/bin/../lib/gcc/arm-none-eabi/4.4.1/thumb2/crtn.o

.debug_aranges  0x00000000      0x9d8
 .debug_aranges
                0x00000000       0x28 /Applications/Arduino.app/Contents/Resources/Java/hardware/tools/g++_arm_none_eabi/bin/../lib/gcc/arm-none-eabi/4.4.1/thumb2/crti.o
 .debug_aranges
                0x00000028       0x70 Builds/variant.o
 .debug_aranges
                0x00000098       0x70 Builds/syscalls_sam3.o
 .debug_aranges
                0x00000108       0xe8 Builds/RXPacket.o
 .debug_aranges
                0x000001f0       0xb8 Builds/TXPacket.o
 .debug_aranges
                0x000002a8       0x38 Builds/main.o
 .debug_aranges
                0x000002e0       0x48 Builds/embeddedcomputing.a(WInterrupts.o)
 .debug_aranges
                0x00000328       0x38 Builds/embeddedcomputing.a(cortex_handlers.o)
 .debug_aranges
                0x00000360       0x30 Builds/embeddedcomputing.a(hooks.o)
 .debug_aranges
                0x00000390       0x30 Builds/embeddedcomputing.a(wiring.o)
 .debug_aranges
                0x000003c0       0x58 Builds/embeddedcomputing.a(wiring_analog.o)
 .debug_aranges
                0x00000418       0x30 Builds/embeddedcomputing.a(wiring_digital.o)
 .debug_aranges
                0x00000448       0x38 Builds/embeddedcomputing.a(Reset.o)
 .debug_aranges
                0x00000480       0x30 Builds/embeddedcomputing.a(RingBuffer.o)
 .debug_aranges
                0x000004b0       0x70 Builds/embeddedcomputing.a(UARTClass.o)
 .debug_aranges
                0x00000520       0x70 Builds/embeddedcomputing.a(USARTClass.o)
 .debug_aranges
                0x00000590       0x20 Builds/embeddedcomputing.a(cxxabi-compat.o)
 .debug_aranges
                0x000005b0       0xc8 Builds/embeddedcomputing.a(USBCore.o)
 .debug_aranges
                0x00000678       0xf0 Builds/embeddedcomputing.a(Print.o)
 .debug_aranges
                0x00000768       0x90 Builds/embeddedcomputing.a(CDC.o)
 .debug_aranges
                0x000007f8       0xd8 Builds/embeddedcomputing.a(HID.o)
 .debug_aranges
                0x000008d0       0x20 /Applications/Arduino.app/Contents/Resources/Java/hardware/tools/g++_arm_none_eabi/bin/../lib/gcc/arm-none-eabi/4.4.1/thumb2/libgcc.a(_arm_addsubdf3.o)
 .debug_aranges
                0x000008f0       0x20 /Applications/Arduino.app/Contents/Resources/Java/hardware/tools/g++_arm_none_eabi/bin/../lib/gcc/arm-none-eabi/4.4.1/thumb2/libgcc.a(_arm_muldivdf3.o)
 .debug_aranges
                0x00000910       0x20 /Applications/Arduino.app/Contents/Resources/Java/hardware/tools/g++_arm_none_eabi/bin/../lib/gcc/arm-none-eabi/4.4.1/thumb2/libgcc.a(_arm_cmpdf2.o)
 .debug_aranges
                0x00000930       0x20 /Applications/Arduino.app/Contents/Resources/Java/hardware/tools/g++_arm_none_eabi/bin/../lib/gcc/arm-none-eabi/4.4.1/thumb2/libgcc.a(_arm_fixdfsi.o)
 .debug_aranges
                0x00000950       0x20 /Applications/Arduino.app/Contents/Resources/Java/hardware/tools/g++_arm_none_eabi/bin/../lib/gcc/arm-none-eabi/4.4.1/thumb2/libgcc.a(_arm_fixunsdfsi.o)
 .debug_aranges
                0x00000970       0x20 /Applications/Arduino.app/Contents/Resources/Java/hardware/tools/g++_arm_none_eabi/bin/../lib/gcc/arm-none-eabi/4.4.1/thumb2/libgcc.a(_udivsi3.o)
 .debug_aranges
                0x00000990       0x20 /Applications/Arduino.app/Contents/Resources/Java/hardware/tools/g++_arm_none_eabi/bin/../lib/gcc/arm-none-eabi/4.4.1/thumb2/libgcc.a(_dvmd_tls.o)
 .debug_aranges
                0x000009b0       0x28 /Applications/Arduino.app/Contents/Resources/Java/hardware/tools/g++_arm_none_eabi/bin/../lib/gcc/arm-none-eabi/4.4.1/thumb2/crtn.o

.debug_ranges   0x00000000      0xc38
 .debug_ranges  0x00000000       0x20 /Applications/Arduino.app/Contents/Resources/Java/hardware/tools/g++_arm_none_eabi/bin/../lib/gcc/arm-none-eabi/4.4.1/thumb2/crti.o
 .debug_ranges  0x00000020       0xa0 Builds/variant.o
 .debug_ranges  0x000000c0       0x68 Builds/syscalls_sam3.o
 .debug_ranges  0x00000128       0xf8 Builds/RXPacket.o
 .debug_ranges  0x00000220       0xb0 Builds/TXPacket.o
 .debug_ranges  0x000002d0       0x60 Builds/main.o
 .debug_ranges  0x00000330       0x58 Builds/embeddedcomputing.a(WInterrupts.o)
 .debug_ranges  0x00000388       0x30 Builds/embeddedcomputing.a(cortex_handlers.o)
 .debug_ranges  0x000003b8       0x28 Builds/embeddedcomputing.a(hooks.o)
 .debug_ranges  0x000003e0       0x28 Builds/embeddedcomputing.a(wiring.o)
 .debug_ranges  0x00000408       0x68 Builds/embeddedcomputing.a(wiring_analog.o)
 .debug_ranges  0x00000470       0x28 Builds/embeddedcomputing.a(wiring_digital.o)
 .debug_ranges  0x00000498       0x30 Builds/embeddedcomputing.a(Reset.o)
 .debug_ranges  0x000004c8       0x40 Builds/embeddedcomputing.a(RingBuffer.o)
 .debug_ranges  0x00000508       0x98 Builds/embeddedcomputing.a(UARTClass.o)
 .debug_ranges  0x000005a0       0x98 Builds/embeddedcomputing.a(USARTClass.o)
 .debug_ranges  0x00000638       0x18 Builds/embeddedcomputing.a(cxxabi-compat.o)
 .debug_ranges  0x00000650      0x240 Builds/embeddedcomputing.a(USBCore.o)
 .debug_ranges  0x00000890      0x178 Builds/embeddedcomputing.a(Print.o)
 .debug_ranges  0x00000a08       0xc0 Builds/embeddedcomputing.a(CDC.o)
 .debug_ranges  0x00000ac8      0x150 Builds/embeddedcomputing.a(HID.o)
 .debug_ranges  0x00000c18       0x20 /Applications/Arduino.app/Contents/Resources/Java/hardware/tools/g++_arm_none_eabi/bin/../lib/gcc/arm-none-eabi/4.4.1/thumb2/crtn.o

.debug_frame    0x00000000     0x145c
 .debug_frame   0x00000000       0xfc Builds/variant.o
 .debug_frame   0x000000fc       0xd8 Builds/syscalls_sam3.o
 .debug_frame   0x000001d4      0x1c8 Builds/RXPacket.o
 .debug_frame   0x0000039c      0x15c Builds/TXPacket.o
 .debug_frame   0x000004f8       0x74 Builds/main.o
 .debug_frame   0x0000056c       0xc8 Builds/embeddedcomputing.a(WInterrupts.o)
 .debug_frame   0x00000634       0x5c Builds/embeddedcomputing.a(cortex_handlers.o)
 .debug_frame   0x00000690       0x40 Builds/embeddedcomputing.a(hooks.o)
 .debug_frame   0x000006d0       0x68 Builds/embeddedcomputing.a(wiring.o)
 .debug_frame   0x00000738       0xc4 Builds/embeddedcomputing.a(wiring_analog.o)
 .debug_frame   0x000007fc       0x74 Builds/embeddedcomputing.a(wiring_digital.o)
 .debug_frame   0x00000870       0x5c Builds/embeddedcomputing.a(Reset.o)
 .debug_frame   0x000008cc       0x64 Builds/embeddedcomputing.a(RingBuffer.o)
 .debug_frame   0x00000930      0x104 Builds/embeddedcomputing.a(UARTClass.o)
 .debug_frame   0x00000a34      0x104 Builds/embeddedcomputing.a(USARTClass.o)
 .debug_frame   0x00000b38       0x20 Builds/embeddedcomputing.a(cxxabi-compat.o)
 .debug_frame   0x00000b58      0x280 Builds/embeddedcomputing.a(USBCore.o)
 .debug_frame   0x00000dd8      0x320 Builds/embeddedcomputing.a(Print.o)
 .debug_frame   0x000010f8      0x154 Builds/embeddedcomputing.a(CDC.o)
 .debug_frame   0x0000124c      0x1f0 Builds/embeddedcomputing.a(HID.o)
 .debug_frame   0x0000143c       0x20 /Applications/Arduino.app/Contents/Resources/Java/hardware/tools/g++_arm_none_eabi/bin/../lib/gcc/arm-none-eabi/4.4.1/thumb2/libgcc.a(_udivsi3.o)

.debug_loc      0x00000000     0x26c6
 .debug_loc     0x00000000       0x70 Builds/variant.o
 .debug_loc     0x00000070       0xf4 Builds/syscalls_sam3.o
 .debug_loc     0x00000164      0x168 Builds/RXPacket.o
 .debug_loc     0x000002cc      0x10e Builds/TXPacket.o
 .debug_loc     0x000003da       0x5d Builds/main.o
 .debug_loc     0x00000437      0x113 Builds/embeddedcomputing.a(WInterrupts.o)
 .debug_loc     0x0000054a       0x1f Builds/embeddedcomputing.a(cortex_handlers.o)
 .debug_loc     0x00000569       0xc1 Builds/embeddedcomputing.a(wiring.o)
 .debug_loc     0x0000062a      0x23a Builds/embeddedcomputing.a(wiring_analog.o)
 .debug_loc     0x00000864      0x114 Builds/embeddedcomputing.a(wiring_digital.o)
 .debug_loc     0x00000978       0x1f Builds/embeddedcomputing.a(Reset.o)
 .debug_loc     0x00000997       0x99 Builds/embeddedcomputing.a(RingBuffer.o)
 .debug_loc     0x00000a30      0x1cc Builds/embeddedcomputing.a(UARTClass.o)
 .debug_loc     0x00000bfc      0x1cc Builds/embeddedcomputing.a(USARTClass.o)
 .debug_loc     0x00000dc8      0x6e4 Builds/embeddedcomputing.a(USBCore.o)
 .debug_loc     0x000014ac      0xa0d Builds/embeddedcomputing.a(Print.o)
 .debug_loc     0x00001eb9      0x329 Builds/embeddedcomputing.a(CDC.o)
 .debug_loc     0x000021e2      0x4e4 Builds/embeddedcomputing.a(HID.o)

.debug_pubnames
                0x00000000     0x1365
 .debug_pubnames
                0x00000000      0x13c Builds/variant.o
 .debug_pubnames
                0x0000013c       0x87 Builds/syscalls_sam3.o
 .debug_pubnames
                0x000001c3      0x268 Builds/RXPacket.o
 .debug_pubnames
                0x0000042b      0x1c9 Builds/TXPacket.o
 .debug_pubnames
                0x000005f4       0x48 Builds/main.o
 .debug_pubnames
                0x0000063c       0x7e Builds/embeddedcomputing.a(WInterrupts.o)
 .debug_pubnames
                0x000006ba       0x49 Builds/embeddedcomputing.a(cortex_handlers.o)
 .debug_pubnames
                0x00000703       0x32 Builds/embeddedcomputing.a(wiring.o)
 .debug_pubnames
                0x00000735       0xa2 Builds/embeddedcomputing.a(wiring_analog.o)
 .debug_pubnames
                0x000007d7       0x3f Builds/embeddedcomputing.a(wiring_digital.o)
 .debug_pubnames
                0x00000816       0x4d Builds/embeddedcomputing.a(Reset.o)
 .debug_pubnames
                0x00000863       0x63 Builds/embeddedcomputing.a(RingBuffer.o)
 .debug_pubnames
                0x000008c6      0x10e Builds/embeddedcomputing.a(UARTClass.o)
 .debug_pubnames
                0x000009d4      0x11b Builds/embeddedcomputing.a(USARTClass.o)
 .debug_pubnames
                0x00000aef       0x29 Builds/embeddedcomputing.a(cxxabi-compat.o)
 .debug_pubnames
                0x00000b18      0x29c Builds/embeddedcomputing.a(USBCore.o)
 .debug_pubnames
                0x00000db4      0x200 Builds/embeddedcomputing.a(Print.o)
 .debug_pubnames
                0x00000fb4      0x159 Builds/embeddedcomputing.a(CDC.o)
 .debug_pubnames