Archive member included because of file (symbol)

/Applications/Arduino.app/Contents/Resources/Java/hardware/arduino/sam/variants/arduino_due_x/libsam_sam3x8e_gcc_rel.a(pio.o)
                              Builds/variant.o (PIO_Configure)
/Applications/Arduino.app/Contents/Resources/Java/hardware/arduino/sam/variants/arduino_due_x/libsam_sam3x8e_gcc_rel.a(pmc.o)
                              Builds/variant.o (pmc_enable_periph_clk)
/Applications/Arduino.app/Contents/Resources/Java/hardware/arduino/sam/variants/arduino_due_x/libsam_sam3x8e_gcc_rel.a(wdt.o)
                              Builds/variant.o (WDT_Disable)
/Applications/Arduino.app/Contents/Resources/Java/hardware/arduino/sam/variants/arduino_due_x/libsam_sam3x8e_gcc_rel.a(system_sam3xa.o)
                              Builds/variant.o (SystemInit)
/Applications/Arduino.app/Contents/Resources/Java/hardware/arduino/sam/variants/arduino_due_x/libsam_sam3x8e_gcc_rel.a(startup_sam3xa.o)
                              (Reset_Handler)
/Applications/Arduino.app/Contents/Resources/Java/hardware/arduino/sam/variants/arduino_due_x/libsam_sam3x8e_gcc_rel.a(adc.o)
                              Builds/variant.o (adc_init)
/Applications/Arduino.app/Contents/Resources/Java/hardware/arduino/sam/variants/arduino_due_x/libsam_sam3x8e_gcc_rel.a(uotghs.o)
                              /Applications/Arduino.app/Contents/Resources/Java/hardware/arduino/sam/variants/arduino_due_x/libsam_sam3x8e_gcc_rel.a(startup_sam3xa.o) (UOTGHS_Handler)
Builds/embeddedcomputing.a(WInterrupts.o)
                              /Applications/Arduino.app/Contents/Resources/Java/hardware/arduino/sam/variants/arduino_due_x/libsam_sam3x8e_gcc_rel.a(startup_sam3xa.o) (PIOA_Handler)
Builds/embeddedcomputing.a(cortex_handlers.o)
                              /Applications/Arduino.app/Contents/Resources/Java/hardware/arduino/sam/variants/arduino_due_x/libsam_sam3x8e_gcc_rel.a(startup_sam3xa.o) (SysTick_Handler)
Builds/embeddedcomputing.a(hooks.o)
                              Builds/embeddedcomputing.a(cortex_handlers.o) (sysTickHook)
Builds/embeddedcomputing.a(wiring.o)
                              Builds/main.o (delay)
Builds/embeddedcomputing.a(wiring_analog.o)
                              Builds/variant.o (analogOutputInit)
Builds/embeddedcomputing.a(wiring_digital.o)
                              Builds/variant.o (digitalWrite)
Builds/embeddedcomputing.a(Reset.o)
                              Builds/embeddedcomputing.a(cortex_handlers.o) (tickReset)
Builds/embeddedcomputing.a(RingBuffer.o)
                              Builds/variant.o (_ZN10RingBufferC1Ev)
Builds/embeddedcomputing.a(UARTClass.o)
                              Builds/variant.o (_ZN9UARTClassC1EP4Uart4IRQnmP10RingBuffer)
Builds/embeddedcomputing.a(USARTClass.o)
                              Builds/variant.o (_ZN10USARTClassC1EP5Usart4IRQnmP10RingBuffer)
Builds/embeddedcomputing.a(WString.o)
                              Builds/RXPacket.o (_ZN6StringC1EPKc)
Builds/embeddedcomputing.a(cxxabi-compat.o)
                              Builds/embeddedcomputing.a(UARTClass.o) (__cxa_pure_virtual)
Builds/embeddedcomputing.a(USBCore.o)
                              Builds/main.o (_ZN10USBDevice_6attachEv)
Builds/embeddedcomputing.a(itoa.o)
                              Builds/embeddedcomputing.a(WString.o) (ltoa)
Builds/embeddedcomputing.a(dtostrf.o)
                              Builds/embeddedcomputing.a(WString.o) (dtostrf)
Builds/embeddedcomputing.a(Print.o)
                              Builds/embeddedcomputing.a(UARTClass.o) (_ZN5Print5writeEPKhj)
Builds/embeddedcomputing.a(CDC.o)
                              Builds/embeddedcomputing.a(USBCore.o) (_ZN7Serial_6acceptEv)
Builds/embeddedcomputing.a(HID.o)
                              Builds/embeddedcomputing.a(USBCore.o) (_Z9HID_SetupR5Setup)
/Applications/Arduino.app/Contents/Resources/Java/hardware/arduino/sam/variants/arduino_due_x/libsam_sam3x8e_gcc_rel.a(pwmc.o)
                              Builds/embeddedcomputing.a(wiring_analog.o) (PWMC_ConfigureChannel)
/Applications/Arduino.app/Contents/Resources/Java/hardware/arduino/sam/variants/arduino_due_x/libsam_sam3x8e_gcc_rel.a(tc.o)
                              Builds/embeddedcomputing.a(wiring_analog.o) (TC_Configure)
/Applications/Arduino.app/Contents/Resources/Java/hardware/arduino/sam/variants/arduino_due_x/libsam_sam3x8e_gcc_rel.a(timetick.o)
                              Builds/embeddedcomputing.a(cortex_handlers.o) (TimeTick_Increment)
/Applications/Arduino.app/Contents/Resources/Java/hardware/arduino/sam/variants/arduino_due_x/libsam_sam3x8e_gcc_rel.a(interrupt_sam_nvic.o)
                              Builds/embeddedcomputing.a(USBCore.o) (g_interrupt_enabled)
/Applications/Arduino.app/Contents/Resources/Java/hardware/arduino/sam/variants/arduino_due_x/libsam_sam3x8e_gcc_rel.a(uotghs_device.o)
                              Builds/embeddedcomputing.a(USBCore.o) (UDD_SetStack)
[...]
Memory Configuration

Name             Origin             Length             Attributes
rom              0x00080000         0x00080000         xr
sram0            0x20000000         0x00010000         xrw
sram1            0x20080000         0x00008000         xrw
ram              0x20070000         0x00018000         xrw
*default*        0x00000000         0xffffffff

Linker script and memory map

LOAD /Applications/Arduino.app/Contents/Resources/Java/hardware/tools/g++_arm_none_eabi/bin/../lib/gcc/arm-none-eabi/4.4.1/thumb2/crti.o
LOAD /Applications/Arduino.app/Contents/Resources/Java/hardware/tools/g++_arm_none_eabi/bin/../lib/gcc/arm-none-eabi/4.4.1/thumb2/crtbegin.o
LOAD Builds/variant.o
LOAD /Applications/Arduino.app/Contents/Resources/Java/hardware/tools/g++_arm_none_eabi/bin/../lib/gcc/arm-none-eabi/4.4.1/thumb2/libgcc.a
START GROUP
LOAD Builds/syscalls_sam3.o
LOAD /Applications/Arduino.app/Contents/Resources/Java/hardware/arduino/sam/variants/arduino_due_x/libsam_sam3x8e_gcc_rel.a
LOAD Builds/LocalLibrary.o
LOAD Builds/RXPacket.o
LOAD Builds/TXPacket.o
LOAD Builds/main.o
LOAD Builds/embeddedcomputing.a
END GROUP
LOAD /Applications/Arduino.app/Contents/Resources/Java/hardware/tools/g++_arm_none_eabi/bin/../lib/gcc/arm-none-eabi/4.4.1/../../../../arm-none-eabi/lib/thumb2/libstdc++.a
LOAD /Applications/Arduino.app/Contents/Resources/Java/hardware/tools/g++_arm_none_eabi/bin/../lib/gcc/arm-none-eabi/4.4.1/../../../../arm-none-eabi/lib/thumb2/libm.a
START GROUP
LOAD /Applications/Arduino.app/Contents/Resources/Java/hardware/tools/g++_arm_none_eabi/bin/../lib/gcc/arm-none-eabi/4.4.1/thumb2/libgcc.a
LOAD /Applications/Arduino.app/Contents/Resources/Java/hardware/tools/g++_arm_none_eabi/bin/../lib/gcc/arm-none-eabi/4.4.1/../../../../arm-none-eabi/lib/thumb2/libc.a
END GROUP
LOAD /Applications/Arduino.app/Contents/Resources/Java/hardware/tools/g++_arm_none_eabi/bin/../lib/gcc/arm-none-eabi/4.4.1/thumb2/crtend.o
LOAD /Applications/Arduino.app/Contents/Resources/Java/hardware/tools/g++_arm_none_eabi/bin/../lib/gcc/arm-none-eabi/4.4.1/thumb2/crtn.o

.text           0x00080000     0x286c
                0x00080000                . = ALIGN (0x4)
                0x00080000                _sfixed = .
 *(.vectors .vectors.*)
 .vectors       0x00080000       0xf4 /Applications/Arduino.app/Contents/Resources/Java/hardware/arduino/sam/variants/arduino_due_x/libsam_sam3x8e_gcc_rel.a(startup_sam3xa.o)
                0x00080000                exception_table
 *(.text .text.* .gnu.linkonce.t.*)
 .text          0x000800f4       0x30 /Applications/Arduino.app/Contents/Resources/Java/hardware/tools/g++_arm_none_eabi/bin/../lib/gcc/arm-none-eabi/4.4.1/thumb2/crtbegin.o
 .text._Z11serialEventv
                0x00080124        0x2 Builds/variant.o
                0x00080124                _Z11serialEventv
 .text._Z12serialEvent1v
                0x00080126        0x2 Builds/variant.o
                0x00080126                _Z12serialEvent1v
 .text._Z12serialEvent2v
                0x00080128        0x2 Builds/variant.o
                0x00080128                _Z12serialEvent2v
 .text._Z12serialEvent3v
                0x0008012a        0x2 Builds/variant.o
                0x0008012a                _Z12serialEvent3v
 .text.init     0x0008012c      0x134 Builds/variant.o
                0x0008012c                init
 .text._Z14serialEventRunv
                0x00080260       0x48 Builds/variant.o
                0x00080260                _Z14serialEventRunv
 .text.USART3_Handler
                0x000802a8        0xc Builds/variant.o
                0x000802a8                USART3_Handler
 .text.USART1_Handler
                0x000802b4        0xc Builds/variant.o
                0x000802b4                USART1_Handler
 .text.USART0_Handler
                0x000802c0        0xc Builds/variant.o
                0x000802c0                USART0_Handler
 .text.UART_Handler
                0x000802cc        0xc Builds/variant.o
                0x000802cc                UART_Handler
 .text._GLOBAL__I_g_APinDescription
                0x000802d8       0x8c Builds/variant.o
 .text.PIO_DisableInterrupt
                0x00080364        0x4 /Applications/Arduino.app/Contents/Resources/Java/hardware/arduino/sam/variants/arduino_due_x/libsam_sam3x8e_gcc_rel.a(pio.o)
                0x00080364                PIO_DisableInterrupt
 .text.PIO_PullUp
                0x00080368        0xa /Applications/Arduino.app/Contents/Resources/Java/hardware/arduino/sam/variants/arduino_due_x/libsam_sam3x8e_gcc_rel.a(pio.o)
                0x00080368                PIO_PullUp
 .text.PIO_SetPeripheral
                0x00080372       0x2a /Applications/Arduino.app/Contents/Resources/Java/hardware/arduino/sam/variants/arduino_due_x/libsam_sam3x8e_gcc_rel.a(pio.o)
                0x00080372                PIO_SetPeripheral
 .text.PIO_SetInput
                0x0008039c       0x40 /Applications/Arduino.app/Contents/Resources/Java/hardware/arduino/sam/variants/arduino_due_x/libsam_sam3x8e_gcc_rel.a(pio.o)
                0x0008039c                PIO_SetInput
 .text.PIO_SetOutput
                0x000803dc       0x38 /Applications/Arduino.app/Contents/Resources/Java/hardware/arduino/sam/variants/arduino_due_x/libsam_sam3x8e_gcc_rel.a(pio.o)
                0x000803dc                PIO_SetOutput
 .text.PIO_Configure
                0x00080414       0x74 /Applications/Arduino.app/Contents/Resources/Java/hardware/arduino/sam/variants/arduino_due_x/libsam_sam3x8e_gcc_rel.a(pio.o)
                0x00080414                PIO_Configure
 .text.PIO_GetOutputDataStatus
                0x00080488       0x16 /Applications/Arduino.app/Contents/Resources/Java/hardware/arduino/sam/variants/arduino_due_x/libsam_sam3x8e_gcc_rel.a(pio.o)
                0x00080488                PIO_GetOutputDataStatus
 *fill*         0x0008049e        0x2 00
 .text.pmc_enable_upll_clock
                0x000804a0       0x18 /Applications/Arduino.app/Contents/Resources/Java/hardware/arduino/sam/variants/arduino_due_x/libsam_sam3x8e_gcc_rel.a(pmc.o)
                0x000804a0                pmc_enable_upll_clock
 .text.pmc_enable_periph_clk
                0x000804b8       0x48 /Applications/Arduino.app/Contents/Resources/Java/hardware/arduino/sam/variants/arduino_due_x/libsam_sam3x8e_gcc_rel.a(pmc.o)
                0x000804b8                pmc_enable_periph_clk
 .text.pmc_disable_periph_clk
                0x00080500       0x48 /Applications/Arduino.app/Contents/Resources/Java/hardware/arduino/sam/variants/arduino_due_x/libsam_sam3x8e_gcc_rel.a(pmc.o)
                0x00080500                pmc_disable_periph_clk
 .text.pmc_switch_udpck_to_upllck
                0x00080548       0x14 /Applications/Arduino.app/Contents/Resources/Java/hardware/arduino/sam/variants/arduino_due_x/libsam_sam3x8e_gcc_rel.a(pmc.o)
                0x00080548                pmc_switch_udpck_to_upllck
 .text.pmc_enable_udpck
                0x0008055c        0xc /Applications/Arduino.app/Contents/Resources/Java/hardware/arduino/sam/variants/arduino_due_x/libsam_sam3x8e_gcc_rel.a(pmc.o)
                0x0008055c                pmc_enable_udpck
 .text.WDT_Disable
                0x00080568        0x8 /Applications/Arduino.app/Contents/Resources/Java/hardware/arduino/sam/variants/arduino_due_x/libsam_sam3x8e_gcc_rel.a(wdt.o)
                0x00080568                WDT_Disable
 .text.SystemInit
                0x00080570       0x9c /Applications/Arduino.app/Contents/Resources/Java/hardware/arduino/sam/variants/arduino_due_x/libsam_sam3x8e_gcc_rel.a(system_sam3xa.o)
                0x00080570                SystemInit
 .text.Reset_Handler
                0x0008060c       0x70 /Applications/Arduino.app/Contents/Resources/Java/hardware/arduino/sam/variants/arduino_due_x/libsam_sam3x8e_gcc_rel.a(startup_sam3xa.o)
                0x0008060c                Reset_Handler
 .text.adc_init
                0x0008067c       0xa0 /Applications/Arduino.app/Contents/Resources/Java/hardware/arduino/sam/variants/arduino_due_x/libsam_sam3x8e_gcc_rel.a(adc.o)
                0x0008067c                adc_init
 .text.adc_configure_trigger
                0x0008071c       0x10 /Applications/Arduino.app/Contents/Resources/Java/hardware/arduino/sam/variants/arduino_due_x/libsam_sam3x8e_gcc_rel.a(adc.o)
                0x0008071c                adc_configure_trigger
 .text.adc_configure_timing
                0x0008072c       0x1a /Applications/Arduino.app/Contents/Resources/Java/hardware/arduino/sam/variants/arduino_due_x/libsam_sam3x8e_gcc_rel.a(adc.o)
                0x0008072c                adc_configure_timing
 .text.adc_disable_all_channel
                0x00080746        0x8 /Applications/Arduino.app/Contents/Resources/Java/hardware/arduino/sam/variants/arduino_due_x/libsam_sam3x8e_gcc_rel.a(adc.o)
                0x00080746                adc_disable_all_channel
 .text.adc_disable_interrupt
                0x0008074e        0x4 /Applications/Arduino.app/Contents/Resources/Java/hardware/arduino/sam/variants/arduino_due_x/libsam_sam3x8e_gcc_rel.a(adc.o)
                0x0008074e                adc_disable_interrupt
 *fill*         0x00080752        0x2 00
 .text.UOTGHS_Handler
                0x00080754       0x10 /Applications/Arduino.app/Contents/Resources/Java/hardware/arduino/sam/variants/arduino_due_x/libsam_sam3x8e_gcc_rel.a(uotghs.o)
                0x00080754                UOTGHS_Handler
 .text.main     0x00080764       0x28 Builds/main.o
                0x00080764                main
 .text.PIOA_Handler
                0x0008078c       0x2c Builds/embeddedcomputing.a(WInterrupts.o)
                0x0008078c                PIOA_Handler
 .text.PIOB_Handler
                0x000807b8       0x2c Builds/embeddedcomputing.a(WInterrupts.o)
                0x000807b8                PIOB_Handler
 .text.PIOC_Handler
                0x000807e4       0x2c Builds/embeddedcomputing.a(WInterrupts.o)
                0x000807e4                PIOC_Handler
 .text.PIOD_Handler
                0x00080810       0x2c Builds/embeddedcomputing.a(WInterrupts.o)
                0x00080810                PIOD_Handler
 .text.__halt   0x0008083c        0x2 Builds/embeddedcomputing.a(cortex_handlers.o)
                0x0008083c                SPI0_Handler
                0x0008083c                DebugMon_Handler
                0x0008083c                DMAC_Handler
                0x0008083c                TRNG_Handler
                0x0008083c                HardFault_Handler
                0x0008083c                TC2_Handler
                0x0008083c                TWI1_Handler
                0x0008083c                NMI_Handler
                0x0008083c                TC7_Handler
                0x0008083c                ADC_Handler
                0x0008083c                SMC_Handler
                0x0008083c                RTT_Handler
                0x0008083c                EFC1_Handler
                0x0008083c                RTC_Handler
                0x0008083c                UsageFault_Handler
                0x0008083c                TC6_Handler
                0x0008083c                WDT_Handler
                0x0008083c                CAN0_Handler
                0x0008083c                TC4_Handler
                0x0008083c                TC1_Handler
                0x0008083c                HSMCI_Handler
                0x0008083c                TC3_Handler
                0x0008083c                TWI0_Handler
                0x0008083c                SSC_Handler
                0x0008083c                EFC0_Handler
                0x0008083c                PMC_Handler
                0x0008083c                PWM_Handler
                0x0008083c                CAN1_Handler
                0x0008083c                MemManage_Handler
                0x0008083c                SUPC_Handler
                0x0008083c                TC8_Handler
                0x0008083c                USART2_Handler
                0x0008083c                EMAC_Handler
                0x0008083c                BusFault_Handler
                0x0008083c                RSTC_Handler
                0x0008083c                TC0_Handler
                0x0008083c                TC5_Handler
                0x0008083c                DACC_Handler
 .text.SysTick_Handler
                0x0008083e       0x16 Builds/embeddedcomputing.a(cortex_handlers.o)
                0x0008083e                SysTick_Handler
 .text.PendSV_Handler
                0x00080854        0x4 Builds/embeddedcomputing.a(cortex_handlers.o)
                0x00080854                PendSV_Handler
 .text.SVC_Handler
                0x00080858        0x4 Builds/embeddedcomputing.a(cortex_handlers.o)
                0x00080858                SVC_Handler
 .text.__empty  0x0008085c        0x2 Builds/embeddedcomputing.a(hooks.o)
                0x0008085c                yield
 .text.__false  0x0008085e        0x4 Builds/embeddedcomputing.a(hooks.o)
                0x0008085e                sysTickHook
 .text.__halt   0x00080862        0x2 Builds/embeddedcomputing.a(hooks.o)
                0x00080862                pendSVHook
                0x00080862                svcHook
 .text.delay    0x00080864       0x1c Builds/embeddedcomputing.a(wiring.o)
                0x00080864                delay
 .text.analogOutputInit
                0x00080880       0x14 Builds/embeddedcomputing.a(wiring_analog.o)
                0x00080880                analogOutputInit
 .text.digitalWrite
                0x00080894       0x48 Builds/embeddedcomputing.a(wiring_digital.o)
                0x00080894                digitalWrite
 .text.initiateReset
                0x000808dc        0xc Builds/embeddedcomputing.a(Reset.o)
                0x000808dc                initiateReset
 .text.cancelReset
                0x000808e8       0x10 Builds/embeddedcomputing.a(Reset.o)
                0x000808e8                cancelReset
 .text.tickReset
                0x000808f8       0x20 Builds/embeddedcomputing.a(Reset.o)
                0x000808f8                tickReset
 .text._ZN10RingBuffer10store_charEh
                0x00080918       0x16 Builds/embeddedcomputing.a(RingBuffer.o)
                0x00080918                _ZN10RingBuffer10store_charEh
 .text._ZN10RingBufferC1Ev
                0x0008092e       0x16 Builds/embeddedcomputing.a(RingBuffer.o)
                0x0008092e                _ZN10RingBufferC1Ev
 .text._ZN9UARTClasscvbEv
                0x00080944        0x4 Builds/embeddedcomputing.a(UARTClass.o)
                0x00080944                _ZN9UARTClasscvbEv
 .text._ZN9UARTClassC1EP4Uart4IRQnmP10RingBuffer
                0x00080948       0x24 Builds/embeddedcomputing.a(UARTClass.o)
                0x00080948                _ZN9UARTClassC1EP4Uart4IRQnmP10RingBuffer
 .text._ZN9UARTClass9availableEv
                0x0008096c        0xe Builds/embeddedcomputing.a(UARTClass.o)
                0x0008096c                _ZN9UARTClass9availableEv
 .text._ZN9UARTClass4peekEv
                0x0008097a       0x12 Builds/embeddedcomputing.a(UARTClass.o)
                0x0008097a                _ZN9UARTClass4peekEv
 .text._ZN9UARTClass4readEv
                0x0008098c       0x1c Builds/embeddedcomputing.a(UARTClass.o)
                0x0008098c                _ZN9UARTClass4readEv
 .text._ZN9UARTClass5flushEv
                0x000809a8        0xc Builds/embeddedcomputing.a(UARTClass.o)
                0x000809a8                _ZN9UARTClass5flushEv
 .text._ZN9UARTClass5writeEh
                0x000809b4       0x10 Builds/embeddedcomputing.a(UARTClass.o)
                0x000809b4                _ZN9UARTClass5writeEh
 .text._ZN9UARTClass10IrqHandlerEv
                0x000809c4       0x2a Builds/embeddedcomputing.a(UARTClass.o)
                0x000809c4                _ZN9UARTClass10IrqHandlerEv
 *fill*         0x000809ee        0x2 00
 .text._ZN9UARTClass3endEv
                0x000809f0       0x38 Builds/embeddedcomputing.a(UARTClass.o)
                0x000809f0                _ZN9UARTClass3endEv
 .text._ZN9UARTClass5beginEm
                0x00080a28       0x5c Builds/embeddedcomputing.a(UARTClass.o)
                0x00080a28                _ZN9UARTClass5beginEm
 .text._ZN10USARTClasscvbEv
                0x00080a84        0x4 Builds/embeddedcomputing.a(USARTClass.o)
                0x00080a84                _ZN10USARTClasscvbEv
 .text._ZN10USARTClassC1EP5Usart4IRQnmP10RingBuffer
                0x00080a88       0x24 Builds/embeddedcomputing.a(USARTClass.o)
                0x00080a88                _ZN10USARTClassC1EP5Usart4IRQnmP10RingBuffer
 .text._ZN10USARTClass9availableEv
                0x00080aac        0xe Builds/embeddedcomputing.a(USARTClass.o)
                0x00080aac                _ZN10USARTClass9availableEv
 .text._ZN10USARTClass4peekEv
                0x00080aba       0x12 Builds/embeddedcomputing.a(USARTClass.o)
                0x00080aba                _ZN10USARTClass4peekEv
 .text._ZN10USARTClass4readEv
                0x00080acc       0x1c Builds/embeddedcomputing.a(USARTClass.o)
                0x00080acc                _ZN10USARTClass4readEv
 .text._ZN10USARTClass5flushEv
                0x00080ae8        0xc Builds/embeddedcomputing.a(USARTClass.o)
                0x00080ae8                _ZN10USARTClass5flushEv
 .text._ZN10USARTClass5writeEh
                0x00080af4       0x10 Builds/embeddedcomputing.a(USARTClass.o)
                0x00080af4                _ZN10USARTClass5writeEh
 .text._ZN10USARTClass10IrqHandlerEv
                0x00080b04       0x2a Builds/embeddedcomputing.a(USARTClass.o)
                0x00080b04                _ZN10USARTClass10IrqHandlerEv
 *fill*         0x00080b2e        0x2 00
 .text._ZN10USARTClass3endEv
                0x00080b30       0x38 Builds/embeddedcomputing.a(USARTClass.o)
                0x00080b30                _ZN10USARTClass3endEv
 .text._ZN10USARTClass5beginEm
                0x00080b68       0x5c Builds/embeddedcomputing.a(USARTClass.o)
                0x00080b68                _ZN10USARTClass5beginEm
 .text._Z16USBD_InitControli
                0x00080bc4       0x14 Builds/embeddedcomputing.a(USBCore.o)
                0x00080bc4                _Z16USBD_InitControli
 .text._ZL11USB_SendZlpv
                0x00080bd8       0x24 Builds/embeddedcomputing.a(USBCore.o)
 .text._ZN10USBDevice_6attachEv
                0x00080bfc       0x20 Builds/embeddedcomputing.a(USBCore.o)
                0x00080bfc                _ZN10USBDevice_6attachEv
 .text._ZN10USBDevice_C1Ev
                0x00080c1c       0x24 Builds/embeddedcomputing.a(USBCore.o)
                0x00080c1c                _ZN10USBDevice_C1Ev
 .text._Z14USBD_Availablem
                0x00080c40       0x2c Builds/embeddedcomputing.a(USBCore.o)
                0x00080c40                _Z14USBD_Availablem
 .text._Z10USBD_Flushm
                0x00080c6c       0x16 Builds/embeddedcomputing.a(USBCore.o)
                0x00080c6c                _Z10USBD_Flushm
 .text._Z24USBD_SendOtherInterfacesv
                0x00080c82       0x1c Builds/embeddedcomputing.a(USBCore.o)
                0x00080c82                _Z24USBD_SendOtherInterfacesv
 .text._Z19USBD_SendInterfacesv
                0x00080c9e       0x1c Builds/embeddedcomputing.a(USBCore.o)
                0x00080c9e                _Z19USBD_SendInterfacesv
 .text._Z26USBD_ClassInterfaceRequestR5Setup
                0x00080cba       0x14 Builds/embeddedcomputing.a(USBCore.o)
                0x00080cba                _Z26USBD_ClassInterfaceRequestR5Setup
 .text._Z16USBD_RecvControlPvm
                0x00080cce       0x1c Builds/embeddedcomputing.a(USBCore.o)
                0x00080cce                _Z16USBD_RecvControlPvm
 *fill*         0x00080cea        0x2 00
 .text._Z16USBD_SendControlhPKvm
                0x00080cec       0x40 Builds/embeddedcomputing.a(USBCore.o)
                0x00080cec                _Z16USBD_SendControlhPKvm
 .text._ZL24USB_SendStringDescriptorPKhi
                0x00080d2c       0x42 Builds/embeddedcomputing.a(USBCore.o)
 *fill*         0x00080d6e        0x2 00
 .text._ZL7USB_ISRv
                0x00080d70      0x438 Builds/embeddedcomputing.a(USBCore.o)
 .text._Z9USBD_SendmPKvm
                0x000811a8       0x4c Builds/embeddedcomputing.a(USBCore.o)
                0x000811a8                _Z9USBD_SendmPKvm
 .text._Z9USBD_RecvmPvm
                0x000811f4       0x7c Builds/embeddedcomputing.a(USBCore.o)
                0x000811f4                _Z9USBD_RecvmPvm
 .text._Z9USBD_Recvm
                0x00081270       0x1e Builds/embeddedcomputing.a(USBCore.o)
                0x00081270                _Z9USBD_Recvm
 *fill*         0x0008128e        0x2 00
 .text._GLOBAL__I_TxLEDPulse
                0x00081290        0xc Builds/embeddedcomputing.a(USBCore.o)
 .text._ZN5Print5writeEPKhj
                0x0008129c       0x2e Builds/embeddedcomputing.a(Print.o)
                0x0008129c                _ZN5Print5writeEPKhj
 *fill*         0x000812ca        0x2 00
 .text._ZN7Serial_9availableEv
                0x000812cc       0x18 Builds/embeddedcomputing.a(CDC.o)
                0x000812cc                _ZN7Serial_9availableEv
 .text._ZN7Serial_4peekEv
                0x000812e4       0x20 Builds/embeddedcomputing.a(CDC.o)
                0x000812e4                _ZN7Serial_4peekEv
 .text._ZN7Serial_5writeEh
                0x00081304       0x14 Builds/embeddedcomputing.a(CDC.o)
                0x00081304                _ZN7Serial_5writeEh
 .text._ZN7Serial_5writeEPKhj
                0x00081318       0x28 Builds/embeddedcomputing.a(CDC.o)
                0x00081318                _ZN7Serial_5writeEPKhj
 .text._ZN7Serial_5flushEv
                0x00081340        0x6 Builds/embeddedcomputing.a(CDC.o)
                0x00081340                _ZN7Serial_5flushEv
 *fill*         0x00081346        0x2 00
 .text._ZN7Serial_4readEv
                0x00081348       0x44 Builds/embeddedcomputing.a(CDC.o)
                0x00081348                _ZN7Serial_4readEv
 .text._ZN7Serial_6acceptEv
                0x0008138c       0x6c Builds/embeddedcomputing.a(CDC.o)
                0x0008138c                _ZN7Serial_6acceptEv
 .text._Z21CDC_GetOtherInterfacePh
                0x000813f8       0x14 Builds/embeddedcomputing.a(CDC.o)
                0x000813f8                _Z21CDC_GetOtherInterfacePh
 .text._Z16CDC_GetInterfacePh
                0x0008140c       0x14 Builds/embeddedcomputing.a(CDC.o)
                0x0008140c                _Z16CDC_GetInterfacePh
 .text._Z9CDC_SetupR5Setup
                0x00081420       0x60 Builds/embeddedcomputing.a(CDC.o)
                0x00081420                _Z9CDC_SetupR5Setup
 .text._GLOBAL__I_cdc_rx_buffer
                0x00081480       0x1c Builds/embeddedcomputing.a(CDC.o)
 .text._Z9HID_SetupR5Setup
                0x0008149c       0x44 Builds/embeddedcomputing.a(HID.o)
                0x0008149c                _Z9HID_SetupR5Setup
 .text._ZN6Mouse_C1Ev
                0x000814e0        0x6 Builds/embeddedcomputing.a(HID.o)
                0x000814e0                _ZN6Mouse_C1Ev
 *fill*         0x000814e6        0x2 00
 .text._ZN9Keyboard_C1Ev
                0x000814e8       0x10 Builds/embeddedcomputing.a(HID.o)
                0x000814e8                _ZN9Keyboard_C1Ev
 .text._ZN9Keyboard_5writeEh
                0x000814f8       0x1c Builds/embeddedcomputing.a(HID.o)
                0x000814f8                _ZN9Keyboard_5writeEh
 .text._Z14HID_SendReporthPKvm
                0x00081514       0x2c Builds/embeddedcomputing.a(HID.o)
                0x00081514                _Z14HID_SendReporthPKvm
 .text._ZN9Keyboard_10sendReportEP9KeyReport
                0x00081540        0x8 Builds/embeddedcomputing.a(HID.o)
                0x00081540                _ZN9Keyboard_10sendReportEP9KeyReport
 .text._ZN9Keyboard_10releaseAllEv
                0x00081548       0x18 Builds/embeddedcomputing.a(HID.o)
                0x00081548                _ZN9Keyboard_10releaseAllEv
 .text._ZN9Keyboard_7releaseEh
                0x00081560       0x74 Builds/embeddedcomputing.a(HID.o)
                0x00081560                _ZN9Keyboard_7releaseEh
 .text._ZN9Keyboard_5pressEh
                0x000815d4       0x9c Builds/embeddedcomputing.a(HID.o)
                0x000815d4                _ZN9Keyboard_5pressEh
 .text._Z17HID_GetDescriptori
                0x00081670       0x10 Builds/embeddedcomputing.a(HID.o)
                0x00081670                _Z17HID_GetDescriptori
 .text._Z16HID_GetInterfacePh
                0x00081680       0x14 Builds/embeddedcomputing.a(HID.o)
                0x00081680                _Z16HID_GetInterfacePh
 .text._GLOBAL__I_Mouse
                0x00081694       0x1c Builds/embeddedcomputing.a(HID.o)
 .text.TimeTick_Increment
                0x000816b0       0x10 /Applications/Arduino.app/Contents/Resources/Java/hardware/arduino/sam/variants/arduino_due_x/libsam_sam3x8e_gcc_rel.a(timetick.o)
                0x000816b0                TimeTick_Increment
 .text.GetTickCount
                0x000816c0        0xc /Applications/Arduino.app/Contents/Resources/Java/hardware/arduino/sam/variants/arduino_due_x/libsam_sam3x8e_gcc_rel.a(timetick.o)
                0x000816c0                GetTickCount
 .text.UDD_SetStack
                0x000816cc        0xc /Applications/Arduino.app/Contents/Resources/Java/hardware/arduino/sam/variants/arduino_due_x/libsam_sam3x8e_gcc_rel.a(uotghs_device.o)
                0x000816cc                UDD_SetStack
 .text.UDD_Init
                0x000816d8       0xd0 /Applications/Arduino.app/Contents/Resources/Java/hardware/arduino/sam/variants/arduino_due_x/libsam_sam3x8e_gcc_rel.a(uotghs_device.o)
                0x000816d8                UDD_Init
 .text.UDD_Attach
                0x000817a8       0x4c /Applications/Arduino.app/Contents/Resources/Java/hardware/arduino/sam/variants/arduino_due_x/libsam_sam3x8e_gcc_rel.a(uotghs_device.o)
                0x000817a8                UDD_Attach
 .text.UDD_InitEP
                0x000817f4       0x30 /Applications/Arduino.app/Contents/Resources/Java/hardware/arduino/sam/variants/arduino_due_x/libsam_sam3x8e_gcc_rel.a(uotghs_device.o)
                0x000817f4                UDD_InitEP
 .text.UDD_InitEndpoints
                0x00081824       0x3c /Applications/Arduino.app/Contents/Resources/Java/hardware/arduino/sam/variants/arduino_due_x/libsam_sam3x8e_gcc_rel.a(uotghs_device.o)
                0x00081824                UDD_InitEndpoints
 .text.UDD_WaitIN
                0x00081860       0x14 /Applications/Arduino.app/Contents/Resources/Java/hardware/arduino/sam/variants/arduino_due_x/libsam_sam3x8e_gcc_rel.a(uotghs_device.o)
                0x00081860                UDD_WaitIN
 .text.UDD_WaitOUT
                0x00081874       0x14 /Applications/Arduino.app/Contents/Resources/Java/hardware/arduino/sam/variants/arduino_due_x/libsam_sam3x8e_gcc_rel.a(uotghs_device.o)
                0x00081874                UDD_WaitOUT
 .text.UDD_ClearIN
                0x00081888       0x18 /Applications/Arduino.app/Contents/Resources/Java/hardware/arduino/sam/variants/arduino_due_x/libsam_sam3x8e_gcc_rel.a(uotghs_device.o)
                0x00081888                UDD_ClearIN
 .text.UDD_ClearOUT
                0x000818a0       0x18 /Applications/Arduino.app/Contents/Resources/Java/hardware/arduino/sam/variants/arduino_due_x/libsam_sam3x8e_gcc_rel.a(uotghs_device.o)
                0x000818a0                UDD_ClearOUT
 .text.UDD_ReceivedSetupInt
                0x000818b8       0x10 /Applications/Arduino.app/Contents/Resources/Java/hardware/arduino/sam/variants/arduino_due_x/libsam_sam3x8e_gcc_rel.a(uotghs_device.o)
                0x000818b8                UDD_ReceivedSetupInt
 .text.UDD_ClearSetupInt
                0x000818c8       0x10 /Applications/Arduino.app/Contents/Resources/Java/hardware/arduino/sam/variants/arduino_due_x/libsam_sam3x8e_gcc_rel.a(uotghs_device.o)
                0x000818c8                UDD_ClearSetupInt
 .text.UDD_Send
                0x000818d8       0x90 /Applications/Arduino.app/Contents/Resources/Java/hardware/arduino/sam/variants/arduino_due_x/libsam_sam3x8e_gcc_rel.a(uotghs_device.o)
                0x000818d8                UDD_Send
 .text.UDD_Send8
                0x00081968       0x28 /Applications/Arduino.app/Contents/Resources/Java/hardware/arduino/sam/variants/arduino_due_x/libsam_sam3x8e_gcc_rel.a(uotghs_device.o)
                0x00081968                UDD_Send8
 .text.UDD_Recv8
                0x00081990       0x28 /Applications/Arduino.app/Contents/Resources/Java/hardware/arduino/sam/variants/arduino_due_x/libsam_sam3x8e_gcc_rel.a(uotghs_device.o)
                0x00081990                UDD_Recv8
 .text.UDD_Recv
                0x000819b8       0x34 /Applications/Arduino.app/Contents/Resources/Java/hardware/arduino/sam/variants/arduino_due_x/libsam_sam3x8e_gcc_rel.a(uotghs_device.o)
                0x000819b8                UDD_Recv
 .text.UDD_Stall
                0x000819ec       0x14 /Applications/Arduino.app/Contents/Resources/Java/hardware/arduino/sam/variants/arduino_due_x/libsam_sam3x8e_gcc_rel.a(uotghs_device.o)
                0x000819ec                UDD_Stall
 .text.UDD_FifoByteCount
                0x00081a00       0x1c /Applications/Arduino.app/Contents/Resources/Java/hardware/arduino/sam/variants/arduino_due_x/libsam_sam3x8e_gcc_rel.a(uotghs_device.o)
                0x00081a00                UDD_FifoByteCount
 .text.UDD_ReleaseRX
                0x00081a1c       0x2c /Applications/Arduino.app/Contents/Resources/Java/hardware/arduino/sam/variants/arduino_due_x/libsam_sam3x8e_gcc_rel.a(uotghs_device.o)
                0x00081a1c                UDD_ReleaseRX
 .text.UDD_ReleaseTX
                0x00081a48       0x2c /Applications/Arduino.app/Contents/Resources/Java/hardware/arduino/sam/variants/arduino_due_x/libsam_sam3x8e_gcc_rel.a(uotghs_device.o)
                0x00081a48                UDD_ReleaseTX
 .text.UDD_SetAddress
                0x00081a74       0x20 /Applications/Arduino.app/Contents/Resources/Java/hardware/arduino/sam/variants/arduino_due_x/libsam_sam3x8e_gcc_rel.a(uotghs_device.o)
                0x00081a74                UDD_SetAddress
 .text.__libc_init_array
                0x00081a94       0x4c /Applications/Arduino.app/Contents/Resources/Java/hardware/tools/g++_arm_none_eabi/bin/../lib/gcc/arm-none-eabi/4.4.1/../../../../arm-none-eabi/lib/thumb2/libc.a(lib_a-init.o)
                0x00081a94                __libc_init_array
 .text.memset   0x00081ae0       0x12 /Applications/Arduino.app/Contents/Resources/Java/hardware/tools/g++_arm_none_eabi/bin/../lib/gcc/arm-none-eabi/4.4.1/../../../../arm-none-eabi/lib/thumb2/libc.a(lib_a-memset.o)
                0x00081ae0                memset
 *(.glue_7t)
 .glue_7t       0x00000000        0x0 linker stubs
 *(.glue_7)
 .glue_7        0x00000000        0x0 linker stubs
 *(.rodata .rodata* .gnu.linkonce.r.*)
 *fill*         0x00081af2        0x2 00
 .rodata.g_APinDescription
                0x00081af4      0xa2c Builds/variant.o
                0x00081af4                g_APinDescription
 .rodata.C.0.8141
                0x00082520       0x40 /Applications/Arduino.app/Contents/Resources/Java/hardware/arduino/sam/variants/arduino_due_x/libsam_sam3x8e_gcc_rel.a(adc.o)
 .rodata._ZTV9UARTClass
                0x00082560       0x30 Builds/embeddedcomputing.a(UARTClass.o)
                0x00082560                _ZTV9UARTClass
 .rodata._ZTV10USARTClass
                0x00082590       0x30 Builds/embeddedcomputing.a(USARTClass.o)
                0x00082590                _ZTV10USARTClass
 .rodata.USB_DeviceDescriptorA
                0x000825c0       0x14 Builds/embeddedcomputing.a(USBCore.o)
                0x000825c0                USB_DeviceDescriptorA
 .rodata.USB_DeviceDescriptor
                0x000825d4       0x14 Builds/embeddedcomputing.a(USBCore.o)
                0x000825d4                USB_DeviceDescriptor
 .rodata._ZL9EndPoints
                0x000825e8       0x14 Builds/embeddedcomputing.a(USBCore.o)
 .rodata.STRING_LANGUAGE
                0x000825fc        0x4 Builds/embeddedcomputing.a(USBCore.o)
                0x000825fc                STRING_LANGUAGE
 .rodata._ZL18test_packet_buffer
                0x00082600       0x38 Builds/embeddedcomputing.a(USBCore.o)
 .rodata.STRING_PRODUCT
                0x00082638        0xc Builds/embeddedcomputing.a(USBCore.o)
                0x00082638                STRING_PRODUCT
 .rodata.STRING_MANUFACTURER
                0x00082644        0xc Builds/embeddedcomputing.a(USBCore.o)
                0x00082644                STRING_MANUFACTURER
 .rodata._ZL19USB_DeviceQualifier
                0x00082650       0x14 Builds/embeddedcomputing.a(USBCore.o)
 *fill*         0x00082664        0x4 00
 .rodata._ZTV7Serial_
                0x00082668       0x28 Builds/embeddedcomputing.a(CDC.o)
                0x00082668                _ZTV7Serial_
 .rodata._ZL18_cdcOtherInterface
                0x00082690       0x44 Builds/embeddedcomputing.a(CDC.o)
 .rodata._ZL13_cdcInterface
                0x000826d4       0x44 Builds/embeddedcomputing.a(CDC.o)
 .rodata._ZTV9Keyboard_
                0x00082718       0x20 Builds/embeddedcomputing.a(HID.o)
                0x00082718                _ZTV9Keyboard_
 .rodata._asciimap
                0x00082738       0x80 Builds/embeddedcomputing.a(HID.o)
                0x00082738                _asciimap
 .rodata._hidInterface
                0x000827b8       0x1c Builds/embeddedcomputing.a(HID.o)
                0x000827b8                _hidInterface
 .rodata._hidReportDescriptor
                0x000827d4       0x68 Builds/embeddedcomputing.a(HID.o)
                0x000827d4                _hidReportDescriptor
 *(.ARM.extab* .gnu.linkonce.armextab.*)
                0x0008283c                . = ALIGN (0x4)
 *(.init)
 .init          0x0008283c        0x4 /Applications/Arduino.app/Contents/Resources/Java/hardware/tools/g++_arm_none_eabi/bin/../lib/gcc/arm-none-eabi/4.4.1/thumb2/crti.o
                0x0008283c                _init
 .init          0x00082840        0x8 /Applications/Arduino.app/Contents/Resources/Java/hardware/tools/g++_arm_none_eabi/bin/../lib/gcc/arm-none-eabi/4.4.1/thumb2/crtn.o
                0x00082848                . = ALIGN (0x4)
                0x00082848                __preinit_array_start = .
 *(.preinit_array)
                0x00082848                __preinit_array_end = .
                0x00082848                . = ALIGN (0x4)
                0x00082848                __init_array_start = .
 *(SORT(.init_array.*))
 *(.init_array)
 .init_array    0x00082848        0x4 /Applications/Arduino.app/Contents/Resources/Java/hardware/tools/g++_arm_none_eabi/bin/../lib/gcc/arm-none-eabi/4.4.1/thumb2/crtbegin.o
 .init_array    0x0008284c        0x4 Builds/variant.o
 .init_array    0x00082850        0x4 Builds/embeddedcomputing.a(USBCore.o)
 .init_array    0x00082854        0x4 Builds/embeddedcomputing.a(CDC.o)
 .init_array    0x00082858        0x4 Builds/embeddedcomputing.a(HID.o)
                0x0008285c                __init_array_end = .
                0x0008285c                . = ALIGN (0x4)
 *crtbegin.o(.ctors)
 *(EXCLUDE_FILE(*crtend.o) .ctors)
 *(SORT(.ctors.*))
 *crtend.o(.ctors)
                0x0008285c                . = ALIGN (0x4)
 *(.fini)
 .fini          0x0008285c        0x4 /Applications/Arduino.app/Contents/Resources/Java/hardware/tools/g++_arm_none_eabi/bin/../lib/gcc/arm-none-eabi/4.4.1/thumb2/crti.o
                0x0008285c                _fini
 .fini          0x00082860        0x8 /Applications/Arduino.app/Contents/Resources/Java/hardware/tools/g++_arm_none_eabi/bin/../lib/gcc/arm-none-eabi/4.4.1/thumb2/crtn.o
                0x00082868                . = ALIGN (0x4)
                0x00082868                __fini_array_start = .
 *(.fini_array)
 .fini_array    0x00082868        0x4 /Applications/Arduino.app/Contents/Resources/Java/hardware/tools/g++_arm_none_eabi/bin/../lib/gcc/arm-none-eabi/4.4.1/thumb2/crtbegin.o
 *(SORT(.fini_array.*))
                0x0008286c                __fini_array_end = .
 *crtbegin.o(.dtors)
 *(EXCLUDE_FILE(*crtend.o) .dtors)
 *(SORT(.dtors.*))
 *crtend.o(.dtors)
                0x0008286c                . = ALIGN (0x4)
                0x0008286c                _efixed = .
                0x0008286c                PROVIDE (__exidx_start, .)

.jcr            0x0008286c        0x0
 .jcr           0x0008286c        0x0 /Applications/Arduino.app/Contents/Resources/Java/hardware/tools/g++_arm_none_eabi/bin/../lib/gcc/arm-none-eabi/4.4.1/thumb2/crtbegin.o

.vfp11_veneer   0x0008286c        0x0
 .vfp11_veneer  0x00000000        0x0 linker stubs

.v4_bx          0x0008286c        0x0
 .v4_bx         0x00000000        0x0 linker stubs

.ARM.exidx
 *(.ARM.exidx* .gnu.linkonce.armexidx.*)
                0x0008286c                PROVIDE (__exidx_end, .)
                0x0008286c                . = ALIGN (0x4)
                0x0008286c                _etext = .

.relocate       0x20070000       0x4c load address 0x0008286c
                0x20070000                . = ALIGN (0x4)
                0x20070000                _srelocate = .
 *(.ramfunc .ramfunc.*)
 .ramfunc       0x20070000       0x34 Builds/embeddedcomputing.a(Reset.o)
                0x20070000                banzai
 *(.data .data.*)
 .data.SystemCoreClock
                0x20070034        0x4 /Applications/Arduino.app/Contents/Resources/Java/hardware/arduino/sam/variants/arduino_due_x/libsam_sam3x8e_gcc_rel.a(system_sam3xa.o)
                0x20070034                SystemCoreClock
 .data._ZL5ticks
                0x20070038        0x4 Builds/embeddedcomputing.a(Reset.o)
 .data._ZL12_usbLineInfo
                0x2007003c        0x8 Builds/embeddedcomputing.a(CDC.o)
 .data._hid_protocol
                0x20070044        0x1 Builds/embeddedcomputing.a(HID.o)
                0x20070044                _hid_protocol
 .data._hid_idle
                0x20070045        0x1 Builds/embeddedcomputing.a(HID.o)
                0x20070045                _hid_idle
 *fill*         0x20070046        0x2 00
 .data.g_interrupt_enabled
                0x20070048        0x4 /Applications/Arduino.app/Contents/Resources/Java/hardware/arduino/sam/variants/arduino_due_x/libsam_sam3x8e_gcc_rel.a(interrupt_sam_nvic.o)
                0x20070048                g_interrupt_enabled
                0x2007004c                . = ALIGN (0x4)
                0x2007004c                _erelocate = .

.bss            0x2007004c      0x6a4 load address 0x000828b8
                0x2007004c                . = ALIGN (0x4)
                0x2007004c                _sbss = .
                0x2007004c                _szero = .
 *(.bss .bss.*)
 .bss           0x2007004c        0x1 /Applications/Arduino.app/Contents/Resources/Java/hardware/tools/g++_arm_none_eabi/bin/../lib/gcc/arm-none-eabi/4.4.1/thumb2/crtbegin.o
 *fill*         0x2007004d        0x3 00
 .bss.Serial    0x20070050       0x20 Builds/variant.o
                0x20070050                Serial
 .bss.rx_buffer1
                0x20070070       0x48 Builds/variant.o
                0x20070070                rx_buffer1
 .bss.Serial1   0x200700b8       0x20 Builds/variant.o
                0x200700b8                Serial1
 .bss.Serial2   0x200700d8       0x20 Builds/variant.o
                0x200700d8                Serial2
 .bss.Serial3   0x200700f8       0x20 Builds/variant.o
                0x200700f8                Serial3
 .bss.rx_buffer2
                0x20070118       0x48 Builds/variant.o
                0x20070118                rx_buffer2
 .bss.rx_buffer3
                0x20070160       0x48 Builds/variant.o
                0x20070160                rx_buffer3
 .bss.rx_buffer4
                0x200701a8       0x48 Builds/variant.o
                0x200701a8                rx_buffer4
 .bss.gpf_isr   0x200701f0        0x4 /Applications/Arduino.app/Contents/Resources/Java/hardware/arduino/sam/variants/arduino_due_x/libsam_sam3x8e_gcc_rel.a(uotghs.o)
                0x200701f0                gpf_isr
 .bss.callbacksPioA
                0x200701f4       0x80 Builds/embeddedcomputing.a(WInterrupts.o)
 .bss.callbacksPioB
                0x20070274       0x80 Builds/embeddedcomputing.a(WInterrupts.o)
 .bss.callbacksPioC
                0x200702f4       0x80 Builds/embeddedcomputing.a(WInterrupts.o)
 .bss.callbacksPioD
                0x20070374       0x80 Builds/embeddedcomputing.a(WInterrupts.o)
 .bss.pinEnabled
                0x200703f4       0x50 Builds/embeddedcomputing.a(wiring_analog.o)
 .bss._ZL14isEndpointHalt
                0x20070444        0x1 Builds/embeddedcomputing.a(USBCore.o)
 *fill*         0x20070445        0x3 00
 .bss._cmark    0x20070448        0x4 Builds/embeddedcomputing.a(USBCore.o)
                0x20070448                _cmark
 .bss._cend     0x2007044c        0x4 Builds/embeddedcomputing.a(USBCore.o)
                0x2007044c                _cend
 .bss._cdcComposite
                0x20070450        0x4 Builds/embeddedcomputing.a(USBCore.o)
                0x20070450                _cdcComposite
 .bss._usbInitialized
                0x20070454        0x4 Builds/embeddedcomputing.a(USBCore.o)
                0x20070454                _usbInitialized
 .bss.USBDevice
                0x20070458        0x4 Builds/embeddedcomputing.a(USBCore.o)
                0x20070458                USBDevice
 .bss._usbSetInterface
                0x2007045c        0x4 Builds/embeddedcomputing.a(USBCore.o)
                0x2007045c                _usbSetInterface
 .bss._ZL21isRemoteWakeUpEnabled
                0x20070460        0x1 Builds/embeddedcomputing.a(USBCore.o)
 *fill*         0x20070461        0x3 00
 .bss._usbConfiguration
                0x20070464        0x4 Builds/embeddedcomputing.a(USBCore.o)
                0x20070464                _usbConfiguration
 .bss.cdc_rx_buffer
                0x20070468      0x208 Builds/embeddedcomputing.a(CDC.o)
                0x20070468                cdc_rx_buffer
 .bss._ZZN7Serial_6acceptEvE5guard
                0x20070670        0x4 Builds/embeddedcomputing.a(CDC.o)
 .bss.SerialUSB
                0x20070674       0x14 Builds/embeddedcomputing.a(CDC.o)
                0x20070674                SerialUSB
 .bss.Mouse     0x20070688        0x4 Builds/embeddedcomputing.a(HID.o)
                0x20070688                Mouse
 .bss.Keyboard  0x2007068c       0x10 Builds/embeddedcomputing.a(HID.o)
                0x2007068c                Keyboard
 .bss._dwTickCount
                0x2007069c        0x4 /Applications/Arduino.app/Contents/Resources/Java/hardware/arduino/sam/variants/arduino_due_x/libsam_sam3x8e_gcc_rel.a(timetick.o)
 .bss.ul_recv_fifo_ptr
                0x200706a0       0x28 /Applications/Arduino.app/Contents/Resources/Java/hardware/arduino/sam/variants/arduino_due_x/libsam_sam3x8e_gcc_rel.a(uotghs_device.o)
 .bss.ul_send_fifo_ptr
                0x200706c8       0x28 /Applications/Arduino.app/Contents/Resources/Java/hardware/arduino/sam/variants/arduino_due_x/libsam_sam3x8e_gcc_rel.a(uotghs_device.o)
 *(COMMON)
                0x200706f0                . = ALIGN (0x4)
                0x200706f0                _ebss = .
                0x200706f0                _ezero = .
                0x200706f0                . = ALIGN (0x4)
                0x200706f0                _end = .

.stack_dummy    0x200706f0        0x0
 *(.stack*)
                0x20088000                __StackTop = 0x20088000
                0x20088000                __StackLimit = (__StackTop - SIZEOF (.stack_dummy))
                0x20088000                PROVIDE (_sstack, __StackLimit)
                0x20088000                PROVIDE (_estack, __StackTop)
OUTPUT(Builds/embeddedcomputing.elf elf32-littlearm)

.ARM.attributes
                0x00000000       0x25
 .ARM.attributes
                0x00000000       0x19 /Applications/Arduino.app/Contents/Resources/Java/hardware/tools/g++_arm_none_eabi/bin/../lib/gcc/arm-none-eabi/4.4.1/thumb2/crti.o
 .ARM.attributes
                0x00000019       0x29 /Applications/Arduino.app/Contents/Resources/Java/hardware/tools/g++_arm_none_eabi/bin/../lib/gcc/arm-none-eabi/4.4.1/thumb2/crtbegin.o
 .ARM.attributes
                0x00000042       0x31 Builds/variant.o
 .ARM.attributes
                0x00000073       0x31 Builds/syscalls_sam3.o
 .ARM.attributes
                0x000000a4       0x31 /Applications/Arduino.app/Contents/Resources/Java/hardware/arduino/sam/variants/arduino_due_x/libsam_sam3x8e_gcc_rel.a(pio.o)
 .ARM.attributes
                0x000000d5       0x31 /Applications/Arduino.app/Contents/Resources/Java/hardware/arduino/sam/variants/arduino_due_x/libsam_sam3x8e_gcc_rel.a(pmc.o)
 .ARM.attributes
                0x00000106       0x31 /Applications/Arduino.app/Contents/Resources/Java/hardware/arduino/sam/variants/arduino_due_x/libsam_sam3x8e_gcc_rel.a(wdt.o)
 .ARM.attributes
                0x00000137       0x31 /Applications/Arduino.app/Contents/Resources/Java/hardware/arduino/sam/variants/arduino_due_x/libsam_sam3x8e_gcc_rel.a(system_sam3xa.o)
 .ARM.attributes
                0x00000168       0x31 /Applications/Arduino.app/Contents/Resources/Java/hardware/arduino/sam/variants/arduino_due_x/libsam_sam3x8e_gcc_rel.a(startup_sam3xa.o)
 .ARM.attributes
                0x00000199       0x31 /Applications/Arduino.app/Contents/Resources/Java/hardware/arduino/sam/variants/arduino_due_x/libsam_sam3x8e_gcc_rel.a(adc.o)
 .ARM.attributes
                0x000001ca       0x31 /Applications/Arduino.app/Contents/Resources/Java/hardware/arduino/sam/variants/arduino_due_x/libsam_sam3x8e_gcc_rel.a(uotghs.o)
 .ARM.attributes
                0x000001fb       0x31 Builds/LocalLibrary.o
 .ARM.attributes
                0x0000022c       0x31 Builds/RXPacket.o
 .ARM.attributes
                0x0000025d       0x31 Builds/TXPacket.o
 .ARM.attributes
                0x0000028e       0x31 Builds/main.o
 .ARM.attributes
                0x000002bf       0x31 Builds/embeddedcomputing.a(WInterrupts.o)
 .ARM.attributes
                0x000002f0       0x31 Builds/embeddedcomputing.a(cortex_handlers.o)
 .ARM.attributes
                0x00000321       0x31 Builds/embeddedcomputing.a(hooks.o)
 .ARM.attributes
                0x00000352       0x31 Builds/embeddedcomputing.a(wiring.o)
 .ARM.attributes
                0x00000383       0x31 Builds/embeddedcomputing.a(wiring_analog.o)
 .ARM.attributes
                0x000003b4       0x31 Builds/embeddedcomputing.a(wiring_digital.o)
 .ARM.attributes
                0x000003e5       0x31 Builds/embeddedcomputing.a(Reset.o)
 .ARM.attributes
                0x00000416       0x31 Builds/embeddedcomputing.a(RingBuffer.o)
 .ARM.attributes
                0x00000447       0x31 Builds/embeddedcomputing.a(UARTClass.o)
 .ARM.attributes
                0x00000478       0x31 Builds/embeddedcomputing.a(USARTClass.o)
 .ARM.attributes
                0x000004a9       0x31 Builds/embeddedcomputing.a(WString.o)
 .ARM.attributes
                0x000004da       0x31 Builds/embeddedcomputing.a(cxxabi-compat.o)
 .ARM.attributes
                0x0000050b       0x31 Builds/embeddedcomputing.a(USBCore.o)
 .ARM.attributes
                0x0000053c       0x31 Builds/embeddedcomputing.a(itoa.o)
 .ARM.attributes
                0x0000056d       0x31 Builds/embeddedcomputing.a(dtostrf.o)
 .ARM.attributes
                0x0000059e       0x31 Builds/embeddedcomputing.a(Print.o)
 .ARM.attributes
                0x000005cf       0x31 Builds/embeddedcomputing.a(CDC.o)
 .ARM.attributes
                0x00000600       0x31 Builds/embeddedcomputing.a(HID.o)
 .ARM.attributes
                0x00000631       0x31 /Applications/Arduino.app/Contents/Resources/Java/hardware/arduino/sam/variants/arduino_due_x/libsam_sam3x8e_gcc_rel.a(pwmc.o)
 .ARM.attributes
                0x00000662       0x31 /Applications/Arduino.app/Contents/Resources/Java/hardware/arduino/sam/variants/arduino_due_x/libsam_sam3x8e_gcc_rel.a(tc.o)
 .ARM.attributes
                0x00000693       0x31 /Applications/Arduino.app/Contents/Resources/Java/hardware/arduino/sam/variants/arduino_due_x/libsam_sam3x8e_gcc_rel.a(timetick.o)
 .ARM.attributes
                0x000006c4       0x31 /Applications/Arduino.app/Contents/Resources/Java/hardware/arduino/sam/variants/arduino_due_x/libsam_sam3x8e_gcc_rel.a(interrupt_sam_nvic.o)
 .ARM.attributes
                0x000006f5       0x31 /Applications/Arduino.app/Contents/Resources/Java/hardware/arduino/sam/variants/arduino_due_x/libsam_sam3x8e_gcc_rel.a(uotghs_device.o)
 .ARM.attributes
                0x00000726       0x31 /Applications/Arduino.app/Contents/Resources/Java/hardware/arduino/sam/variants/arduino_due_x/libsam_sam3x8e_gcc_rel.a(dacc.o)
 .ARM.attributes
                0x00000757       0x29 /Applications/Arduino.app/Contents/Resources/Java/hardware/tools/g++_arm_none_eabi/bin/../lib/gcc/arm-none-eabi/4.4.1/../../../../arm-none-eabi/lib/thumb2/libm.a(lib_a-s_isinfd.o)
 .ARM.attributes
                0x00000780       0x29 /Applications/Arduino.app/Contents/Resources/Java/hardware/tools/g++_arm_none_eabi/bin/../lib/gcc/arm-none-eabi/4.4.1/../../../../arm-none-eabi/lib/thumb2/libm.a(lib_a-s_isnand.o)
 .ARM.attributes
                0x000007a9       0x1b /Applications/Arduino.app/Contents/Resources/Java/hardware/tools/g++_arm_none_eabi/bin/../lib/gcc/arm-none-eabi/4.4.1/thumb2/libgcc.a(_arm_addsubdf3.o)
 .ARM.attributes
                0x000007c4       0x1b /Applications/Arduino.app/Contents/Resources/Java/hardware/tools/g++_arm_none_eabi/bin/../lib/gcc/arm-none-eabi/4.4.1/thumb2/libgcc.a(_arm_muldivdf3.o)
 .ARM.attributes
                0x000007df       0x1b /Applications/Arduino.app/Contents/Resources/Java/hardware/tools/g++_arm_none_eabi/bin/../lib/gcc/arm-none-eabi/4.4.1/thumb2/libgcc.a(_arm_cmpdf2.o)
 .ARM.attributes
                0x000007fa       0x1b /Applications/Arduino.app/Contents/Resources/Java/hardware/tools/g++_arm_none_eabi/bin/../lib/gcc/arm-none-eabi/4.4.1/thumb2/libgcc.a(_arm_fixdfsi.o)
 .ARM.attributes
                0x00000815       0x1b /Applications/Arduino.app/Contents/Resources/Java/hardware/tools/g++_arm_none_eabi/bin/../lib/gcc/arm-none-eabi/4.4.1/thumb2/libgcc.a(_arm_fixunsdfsi.o)
 .ARM.attributes
                0x00000830       0x1b /Applications/Arduino.app/Contents/Resources/Java/hardware/tools/g++_arm_none_eabi/bin/../lib/gcc/arm-none-eabi/4.4.1/thumb2/libgcc.a(_arm_truncdfsf2.o)
 .ARM.attributes
                0x0000084b       0x29 /Applications/Arduino.app/Contents/Resources/Java/hardware/tools/g++_arm_none_eabi/bin/../lib/gcc/arm-none-eabi/4.4.1/../../../../arm-none-eabi/lib/thumb2/libc.a(lib_a-assert.o)
 .ARM.attributes
                0x00000874       0x29 /Applications/Arduino.app/Contents/Resources/Java/hardware/tools/g++_arm_none_eabi/bin/../lib/gcc/arm-none-eabi/4.4.1/../../../../arm-none-eabi/lib/thumb2/libc.a(lib_a-atof.o)
 .ARM.attributes
                0x0000089d       0x29 /Applications/Arduino.app/Contents/Resources/Java/hardware/tools/g++_arm_none_eabi/bin/../lib/gcc/arm-none-eabi/4.4.1/../../../../arm-none-eabi/lib/thumb2/libc.a(lib_a-atol.o)
 .ARM.attributes
                0x000008c6       0x29 /Applications/Arduino.app/Contents/Resources/Java/hardware/tools/g++_arm_none_eabi/bin/../lib/gcc/arm-none-eabi/4.4.1/../../../../arm-none-eabi/lib/thumb2/libc.a(lib_a-fiprintf.o)
 .ARM.attributes
                0x000008ef       0x29 /Applications/Arduino.app/Contents/Resources/Java/hardware/tools/g++_arm_none_eabi/bin/../lib/gcc/arm-none-eabi/4.4.1/../../../../arm-none-eabi/lib/thumb2/libc.a(lib_a-impure.o)
 .ARM.attributes
                0x00000918       0x29 /Applications/Arduino.app/Contents/Resources/Java/hardware/tools/g++_arm_none_eabi/bin/../lib/gcc/arm-none-eabi/4.4.1/../../../../arm-none-eabi/lib/thumb2/libc.a(lib_a-init.o)
 .ARM.attributes
                0x00000941       0x29 /Applications/Arduino.app/Contents/Resources/Java/hardware/tools/g++_arm_none_eabi/bin/../lib/gcc/arm-none-eabi/4.4.1/../../../../arm-none-eabi/lib/thumb2/libc.a(lib_a-iprintf.o)
 .ARM.attributes
                0x0000096a       0x29 /Applications/Arduino.app/Contents/Resources/Java/hardware/tools/g++_arm_none_eabi/bin/../lib/gcc/arm-none-eabi/4.4.1/../../../../arm-none-eabi/lib/thumb2/libc.a(lib_a-isspace.o)
 .ARM.attributes
                0x00000993       0x29 /Applications/Arduino.app/Contents/Resources/Java/hardware/tools/g++_arm_none_eabi/bin/../lib/gcc/arm-none-eabi/4.4.1/../../../../arm-none-eabi/lib/thumb2/libc.a(lib_a-malloc.o)
 .ARM.attributes
                0x000009bc       0x29 /Applications/Arduino.app/Contents/Resources/Java/hardware/tools/g++_arm_none_eabi/bin/../lib/gcc/arm-none-eabi/4.4.1/../../../../arm-none-eabi/lib/thumb2/libc.a(lib_a-mallocr.o)
 .ARM.attributes
                0x000009e5       0x29 /Applications/Arduino.app/Contents/Resources/Java/hardware/tools/g++_arm_none_eabi/bin/../lib/gcc/arm-none-eabi/4.4.1/../../../../arm-none-eabi/lib/thumb2/libc.a(lib_a-memcpy.o)
 .ARM.attributes
                0x00000a0e       0x29 /Applications/Arduino.app/Contents/Resources/Java/hardware/tools/g++_arm_none_eabi/bin/../lib/gcc/arm-none-eabi/4.4.1/../../../../arm-none-eabi/lib/thumb2/libc.a(lib_a-memmove.o)
 .ARM.attributes
                0x00000a37       0x29 /Applications/Arduino.app/Contents/Resources/Java/hardware/tools/g++_arm_none_eabi/bin/../lib/gcc/arm-none-eabi/4.4.1/../../../../arm-none-eabi/lib/thumb2/libc.a(lib_a-memset.o)
 .ARM.attributes
                0x00000a60       0x29 /Applications/Arduino.app/Contents/Resources/Java/hardware/tools/g++_arm_none_eabi/bin/../lib/gcc/arm-none-eabi/4.4.1/../../../../arm-none-eabi/lib/thumb2/libc.a(lib_a-mlock.o)
 .ARM.attributes
                0x00000a89       0x29 /Applications/Arduino.app/Contents/Resources/Java/hardware/tools/g++_arm_none_eabi/bin/../lib/gcc/arm-none-eabi/4.4.1/../../../../arm-none-eabi/lib/thumb2/libc.a(lib_a-realloc.o)
 .ARM.attributes
                0x00000ab2       0x29 /Applications/Arduino.app/Contents/Resources/Java/hardware/tools/g++_arm_none_eabi/bin/../lib/gcc/arm-none-eabi/4.4.1/../../../../arm-none-eabi/lib/thumb2/libc.a(lib_a-reallocr.o)
 .ARM.attributes
                0x00000adb       0x29 /Applications/Arduino.app/Contents/Resources/Java/hardware/tools/g++_arm_none_eabi/bin/../lib/gcc/arm-none-eabi/4.4.1/../../../../arm-none-eabi/lib/thumb2/libc.a(lib_a-sbrkr.o)
 .ARM.attributes
                0x00000b04       0x29 /Applications/Arduino.app/Contents/Resources/Java/hardware/tools/g++_arm_none_eabi/bin/../lib/gcc/arm-none-eabi/4.4.1/../../../../arm-none-eabi/lib/thumb2/libc.a(lib_a-sprintf.o)
 .ARM.attributes
                0x00000b2d       0x29 /Applications/Arduino.app/Contents/Resources/Java/hardware/tools/g++_arm_none_eabi/bin/../lib/gcc/arm-none-eabi/4.4.1/../../../../arm-none-eabi/lib/thumb2/libc.a(lib_a-strchr.o)
 .ARM.attributes
                0x00000b56       0x29 /Applications/Arduino.app/Contents/Resources/Java/hardware/tools/g++_arm_none_eabi/bin/../lib/gcc/arm-none-eabi/4.4.1/../../../../arm-none-eabi/lib/thumb2/libc.a(lib_a-strcmp.o)
 .ARM.attributes
                0x00000b7f       0x29 /Applications/Arduino.app/Contents/Resources/Java/hardware/tools/g++_arm_none_eabi/bin/../lib/gcc/arm-none-eabi/4.4.1/../../../../arm-none-eabi/lib/thumb2/libc.a(lib_a-strcpy.o)
 .ARM.attributes
                0x00000ba8       0x29 /Applications/Arduino.app/Contents/Resources/Java/hardware/tools/g++_arm_none_eabi/bin/../lib/gcc/arm-none-eabi/4.4.1/../../../../arm-none-eabi/lib/thumb2/libc.a(lib_a-strlen.o)
 .ARM.attributes
                0x00000bd1       0x29 /Applications/Arduino.app/Contents/Resources/Java/hardware/tools/g++_arm_none_eabi/bin/../lib/gcc/arm-none-eabi/4.4.1/../../../../arm-none-eabi/lib/thumb2/libc.a(lib_a-strncmp.o)
 .ARM.attributes
                0x00000bfa       0x29 /Applications/Arduino.app/Contents/Resources/Java/hardware/tools/g++_arm_none_eabi/bin/../lib/gcc/arm-none-eabi/4.4.1/../../../../arm-none-eabi/lib/thumb2/libc.a(lib_a-strncpy.o)
 .ARM.attributes
                0x00000c23       0x29 /Applications/Arduino.app/Contents/Resources/Java/hardware/tools/g++_arm_none_eabi/bin/../lib/gcc/arm-none-eabi/4.4.1/../../../../arm-none-eabi/lib/thumb2/libc.a(lib_a-strrchr.o)
 .ARM.attributes
                0x00000c4c       0x29 /Applications/Arduino.app/Contents/Resources/Java/hardware/tools/g++_arm_none_eabi/bin/../lib/gcc/arm-none-eabi/4.4.1/../../../../arm-none-eabi/lib/thumb2/libc.a(lib_a-strstr.o)
 .ARM.attributes
                0x00000c75       0x29 /Applications/Arduino.app/Contents/Resources/Java/hardware/tools/g++_arm_none_eabi/bin/../lib/gcc/arm-none-eabi/4.4.1/../../../../arm-none-eabi/lib/thumb2/libc.a(lib_a-strtod.o)
 .ARM.attributes
                0x00000c9e       0x29 /Applications/Arduino.app/Contents/Resources/Java/hardware/tools/g++_arm_none_eabi/bin/../lib/gcc/arm-none-eabi/4.4.1/../../../../arm-none-eabi/lib/thumb2/libc.a(lib_a-strtol.o)
 .ARM.attributes
                0x00000cc7       0x29 /Applications/Arduino.app/Contents/Resources/Java/hardware/tools/g++_arm_none_eabi/bin/../lib/gcc/arm-none-eabi/4.4.1/../../../../arm-none-eabi/lib/thumb2/libc.a(lib_a-svfprintf.o)
 .ARM.attributes
                0x00000cf0       0x29 /Applications/Arduino.app/Contents/Resources/Java/hardware/tools/g++_arm_none_eabi/bin/../lib/gcc/arm-none-eabi/4.4.1/../../../../arm-none-eabi/lib/thumb2/libc.a(lib_a-tolower.o)
 .ARM.attributes
                0x00000d19       0x29 /Applications/Arduino.app/Contents/Resources/Java/hardware/tools/g++_arm_none_eabi/bin/../lib/gcc/arm-none-eabi/4.4.1/../../../../arm-none-eabi/lib/thumb2/libc.a(lib_a-toupper.o)
 .ARM.attributes
                0x00000d42       0x29 /Applications/Arduino.app/Contents/Resources/Java/hardware/tools/g++_arm_none_eabi/bin/../lib/gcc/arm-none-eabi/4.4.1/../../../../arm-none-eabi/lib/thumb2/libc.a(lib_a-vfiprintf.o)
 .ARM.attributes
                0x00000d6b       0x29 /Applications/Arduino.app/Contents/Resources/Java/hardware/tools/g++_arm_none_eabi/bin/../lib/gcc/arm-none-eabi/4.4.1/../../../../arm-none-eabi/lib/thumb2/libc.a(lib_a-wsetup.o)
 .ARM.attributes
                0x00000d94       0x29 /Applications/Arduino.app/Contents/Resources/Java/hardware/tools/g++_arm_none_eabi/bin/../lib/gcc/arm-none-eabi/4.4.1/../../../../arm-none-eabi/lib/thumb2/libc.a(lib_a-abort.o)
 .ARM.attributes
                0x00000dbd       0x29 /Applications/Arduino.app/Contents/Resources/Java/hardware/tools/g++_arm_none_eabi/bin/../lib/gcc/arm-none-eabi/4.4.1/../../../../arm-none-eabi/lib/thumb2/libc.a(lib_a-ctype_.o)
 .ARM.attributes
                0x00000de6       0x29 /Applications/Arduino.app/Contents/Resources/Java/hardware/tools/g++_arm_none_eabi/bin/../lib/gcc/arm-none-eabi/4.4.1/../../../../arm-none-eabi/lib/thumb2/libc.a(lib_a-dtoa.o)
 .ARM.attributes
                0x00000e0f       0x29 /Applications/Arduino.app/Contents/Resources/Java/hardware/tools/g++_arm_none_eabi/bin/../lib/gcc/arm-none-eabi/4.4.1/../../../../arm-none-eabi/lib/thumb2/libc.a(lib_a-fflush.o)
 .ARM.attributes
                0x00000e38       0x29 /Applications/Arduino.app/Contents/Resources/Java/hardware/tools/g++_arm_none_eabi/bin/../lib/gcc/arm-none-eabi/4.4.1/../../../../arm-none-eabi/lib/thumb2/libc.a(lib_a-findfp.o)
 .ARM.attributes
                0x00000e61       0x29 /Applications/Arduino.app/Contents/Resources/Java/hardware/tools/g++_arm_none_eabi/bin/../lib/gcc/arm-none-eabi/4.4.1/../../../../arm-none-eabi/lib/thumb2/libc.a(lib_a-freer.o)
 .ARM.attributes
                0x00000e8a       0x29 /Applications/Arduino.app/Contents/Resources/Java/hardware/tools/g++_arm_none_eabi/bin/../lib/gcc/arm-none-eabi/4.4.1/../../../../arm-none-eabi/lib/thumb2/libc.a(lib_a-fvwrite.o)
 .ARM.attributes
                0x00000eb3       0x29 /Applications/Arduino.app/Contents/Resources/Java/hardware/tools/g++_arm_none_eabi/bin/../lib/gcc/arm-none-eabi/4.4.1/../../../../arm-none-eabi/lib/thumb2/libc.a(lib_a-fwalk.o)
 .ARM.attributes
                0x00000edc       0x29 /Applications/Arduino.app/Contents/Resources/Java/hardware/tools/g++_arm_none_eabi/bin/../lib/gcc/arm-none-eabi/4.4.1/../../../../arm-none-eabi/lib/thumb2/libc.a(lib_a-gdtoa-gethex.o)
 .ARM.attributes
                0x00000f05       0x29 /Applications/Arduino.app/Contents/Resources/Java/hardware/tools/g++_arm_none_eabi/bin/../lib/gcc/arm-none-eabi/4.4.1/../../../../arm-none-eabi/lib/thumb2/libc.a(lib_a-gdtoa-hexnan.o)
 .ARM.attributes
                0x00000f2e       0x29 /Applications/Arduino.app/Contents/Resources/Java/hardware/tools/g++_arm_none_eabi/bin/../lib/gcc/arm-none-eabi/4.4.1/../../../../arm-none-eabi/lib/thumb2/libc.a(lib_a-locale.o)
 .ARM.attributes
                0x00000f57       0x29 /Applications/Arduino.app/Contents/Resources/Java/hardware/tools/g++_arm_none_eabi/bin/../lib/gcc/arm-none-eabi/4.4.1/../../../../arm-none-eabi/lib/thumb2/libc.a(lib_a-makebuf.o)
 .ARM.attributes
                0x00000f80       0x29 /Applications/Arduino.app/Contents/Resources/Java/hardware/tools/g++_arm_none_eabi/bin/../lib/gcc/arm-none-eabi/4.4.1/../../../../arm-none-eabi/lib/thumb2/libc.a(lib_a-memchr.o)
 .ARM.attributes
                0x00000fa9       0x29 /Applications/Arduino.app/Contents/Resources/Java/hardware/tools/g++_arm_none_eabi/bin/../lib/gcc/arm-none-eabi/4.4.1/../../../../arm-none-eabi/lib/thumb2/libc.a(lib_a-mprec.o)
 .ARM.attributes
                0x00000fd2       0x29 /Applications/Arduino.app/Contents/Resources/Java/hardware/tools/g++_arm_none_eabi/bin/../lib/gcc/arm-none-eabi/4.4.1/../../../../arm-none-eabi/lib/thumb2/libc.a(lib_a-reent.o)
 .ARM.attributes
                0x00000ffb       0x29 /Applications/Arduino.app/Contents/Resources/Java/hardware/tools/g++_arm_none_eabi/bin/../lib/gcc/arm-none-eabi/4.4.1/../../../../arm-none-eabi/lib/thumb2/libc.a(lib_a-signal.o)
 .ARM.attributes
                0x00001024       0x29 /Applications/Arduino.app/Contents/Resources/Java/hardware/tools/g++_arm_none_eabi/bin/../lib/gcc/arm-none-eabi/4.4.1/../../../../arm-none-eabi/lib/thumb2/libc.a(lib_a-signalr.o)
 .ARM.attributes
                0x0000104d       0x29 /Applications/Arduino.app/Contents/Resources/Java/hardware/tools/g++_arm_none_eabi/bin/../lib/gcc/arm-none-eabi/4.4.1/../../../../arm-none-eabi/lib/thumb2/libc.a(lib_a-stdio.o)
 .ARM.attributes
                0x00001076       0x29 /Applications/Arduino.app/Contents/Resources/Java/hardware/tools/g++_arm_none_eabi/bin/../lib/gcc/arm-none-eabi/4.4.1/../../../../arm-none-eabi/lib/thumb2/libc.a(lib_a-writer.o)
 .ARM.attributes
                0x0000109f       0x29 /Applications/Arduino.app/Contents/Resources/Java/hardware/tools/g++_arm_none_eabi/bin/../lib/gcc/arm-none-eabi/4.4.1/../../../../arm-none-eabi/lib/thumb2/libc.a(lib_a-callocr.o)
 .ARM.attributes
                0x000010c8       0x29 /Applications/Arduino.app/Contents/Resources/Java/hardware/tools/g++_arm_none_eabi/bin/../lib/gcc/arm-none-eabi/4.4.1/../../../../arm-none-eabi/lib/thumb2/libc.a(lib_a-closer.o)
 .ARM.attributes
                0x000010f1       0x29 /Applications/Arduino.app/Contents/Resources/Java/hardware/tools/g++_arm_none_eabi/bin/../lib/gcc/arm-none-eabi/4.4.1/../../../../arm-none-eabi/lib/thumb2/libc.a(lib_a-fclose.o)
 .ARM.attributes
                0x0000111a       0x29 /Applications/Arduino.app/Contents/Resources/Java/hardware/tools/g++_arm_none_eabi/bin/../lib/gcc/arm-none-eabi/4.4.1/../../../../arm-none-eabi/lib/thumb2/libc.a(lib_a-fstatr.o)
 .ARM.attributes
                0x00001143       0x29 /Applications/Arduino.app/Contents/Resources/Java/hardware/tools/g++_arm_none_eabi/bin/../lib/gcc/arm-none-eabi/4.4.1/../../../../arm-none-eabi/lib/thumb2/libc.a(lib_a-isattyr.o)
 .ARM.attributes
                0x0000116c       0x29 /Applications/Arduino.app/Contents/Resources/Java/hardware/tools/g++_arm_none_eabi/bin/../lib/gcc/arm-none-eabi/4.4.1/../../../../arm-none-eabi/lib/thumb2/libc.a(lib_a-lseekr.o)
 .ARM.attributes
                0x00001195       0x29 /Applications/Arduino.app/Contents/Resources/Java/hardware/tools/g++_arm_none_eabi/bin/../lib/gcc/arm-none-eabi/4.4.1/../../../../arm-none-eabi/lib/thumb2/libc.a(lib_a-readr.o)
 .ARM.attributes
                0x000011be       0x1b /Applications/Arduino.app/Contents/Resources/Java/hardware/tools/g++_arm_none_eabi/bin/../lib/gcc/arm-none-eabi/4.4.1/thumb2/libgcc.a(_udivsi3.o)
 .ARM.attributes
                0x000011d9       0x1b /Applications/Arduino.app/Contents/Resources/Java/hardware/tools/g++_arm_none_eabi/bin/../lib/gcc/arm-none-eabi/4.4.1/thumb2/libgcc.a(_divsi3.o)
 .ARM.attributes
                0x000011f4       0x1b /Applications/Arduino.app/Contents/Resources/Java/hardware/tools/g++_arm_none_eabi/bin/../lib/gcc/arm-none-eabi/4.4.1/thumb2/libgcc.a(_dvmd_tls.o)
 .ARM.attributes
                0x0000120f       0x1b /Applications/Arduino.app/Contents/Resources/Java/hardware/tools/g++_arm_none_eabi/bin/../lib/gcc/arm-none-eabi/4.4.1/thumb2/libgcc.a(_arm_cmpsf2.o)
 .ARM.attributes
                0x0000122a       0x29 /Applications/Arduino.app/Contents/Resources/Java/hardware/tools/g++_arm_none_eabi/bin/../lib/gcc/arm-none-eabi/4.4.1/thumb2/crtend.o
 .ARM.attributes
                0x00001253       0x19 /Applications/Arduino.app/Contents/Resources/Java/hardware/tools/g++_arm_none_eabi/bin/../lib/gcc/arm-none-eabi/4.4.1/thumb2/crtn.o

.comment        0x00000000      0x648
 .comment       0x00000000       0x12 /Applications/Arduino.app/Contents/Resources/Java/hardware/tools/g++_arm_none_eabi/bin/../lib/gcc/arm-none-eabi/4.4.1/thumb2/crtbegin.o
 .comment       0x00000012       0x12 Builds/variant.o
 .comment       0x00000024       0x12 Builds/syscalls_sam3.o
 .comment       0x00000036       0x2a /Applications/Arduino.app/Contents/Resources/Java/hardware/arduino/sam/variants/arduino_due_x/libsam_sam3x8e_gcc_rel.a(pio.o)
                                 0x2b (size before relaxing)
 .comment       0x00000000       0x2b /Applications/Arduino.app/Contents/Resources/Java/hardware/arduino/sam/variants/arduino_due_x/libsam_sam3x8e_gcc_rel.a(pmc.o)
 .comment       0x00000000       0x2b /Applications/Arduino.app/Contents/Resources/Java/hardware/arduino/sam/variants/arduino_due_x/libsam_sam3x8e_gcc_rel.a(wdt.o)
 .comment       0x00000000       0x2b /Applications/Arduino.app/Contents/Resources/Java/hardware/arduino/sam/variants/arduino_due_x/libsam_sam3x8e_gcc_rel.a(system_sam3xa.o)
 .comment       0x00000000       0x2b /Applications/Arduino.app/Contents/Resources/Java/hardware/arduino/sam/variants/arduino_due_x/libsam_sam3x8e_gcc_rel.a(startup_sam3xa.o)
 .comment       0x00000000       0x2b /Applications/Arduino.app/Contents/Resources/Java/hardware/arduino/sam/variants/arduino_due_x/libsam_sam3x8e_gcc_rel.a(adc.o)
 .comment       0x00000000       0x2b /Applications/Arduino.app/Contents/Resources/Java/hardware/arduino/sam/variants/arduino_due_x/libsam_sam3x8e_gcc_rel.a(uotghs.o)
 .comment       0x00000060       0x12 Builds/LocalLibrary.o
 .comment       0x00000072       0x12 Builds/RXPacket.o
 .comment       0x00000084       0x12 Builds/TXPacket.o
 .comment       0x00000096       0x12 Builds/main.o
 .comment       0x000000a8       0x12 Builds/embeddedcomputing.a(WInterrupts.o)
 .comment       0x000000ba       0x12 Builds/embeddedcomputing.a(cortex_handlers.o)
 .comment       0x000000cc       0x12 Builds/embeddedcomputing.a(hooks.o)
 .comment       0x000000de       0x12 Builds/embeddedcomputing.a(wiring.o)
 .comment       0x000000f0       0x12 Builds/embeddedcomputing.a(wiring_analog.o)
 .comment       0x00000102       0x12 Builds/embeddedcomputing.a(wiring_digital.o)
 .comment       0x00000114       0x12 Builds/embeddedcomputing.a(Reset.o)
 .comment       0x00000126       0x12 Builds/embeddedcomputing.a(RingBuffer.o)
 .comment       0x00000138       0x12 Builds/embeddedcomputing.a(UARTClass.o)
 .comment       0x0000014a       0x12 Builds/embeddedcomputing.a(USARTClass.o)
 .comment       0x0000015c       0x12 Builds/embeddedcomputing.a(WString.o)
 .comment       0x0000016e       0x12 Builds/embeddedcomputing.a(cxxabi-compat.o)
 .comment       0x00000180       0x12 Builds/embeddedcomputing.a(USBCore.o)
 .comment       0x00000192       0x12 Builds/embeddedcomputing.a(itoa.o)
 .comment       0x000001a4       0x12 Builds/embeddedcomputing.a(dtostrf.o)
 .comment       0x000001b6       0x12 Builds/embeddedcomputing.a(Print.o)
 .comment       0x000001c8       0x12 Builds/embeddedcomputing.a(CDC.o)
 .comment       0x000001da       0x12 Builds/embeddedcomputing.a(HID.o)
 .comment       0x00000000       0x2b /Applications/Arduino.app/Contents/Resources/Java/hardware/arduino/sam/variants/arduino_due_x/libsam_sam3x8e_gcc_rel.a(pwmc.o)
 .comment       0x00000000       0x2b /Applications/Arduino.app/Contents/Resources/Java/hardware/arduino/sam/variants/arduino_due_x/libsam_sam3x8e_gcc_rel.a(tc.o)
 .comment       0x00000000       0x2b /Applications/Arduino.app/Contents/Resources/Java/hardware/arduino/sam/variants/arduino_due_x/libsam_sam3x8e_gcc_rel.a(timetick.o)
 .comment       0x00000000       0x2b /Applications/Arduino.app/Contents/Resources/Java/hardware/arduino/sam/variants/arduino_due_x/libsam_sam3x8e_gcc_rel.a(interrupt_sam_nvic.o)
 .comment       0x00000000       0x2b /Applications/Arduino.app/Contents/Resources/Java/hardware/arduino/sam/variants/arduino_due_x/libsam_sam3x8e_gcc_rel.a(uotghs_device.o)
 .comment       0x00000000       0x2b /Applications/Arduino.app/Contents/Resources/Java/hardware/arduino/sam/variants/arduino_due_x/libsam_sam3x8e_gcc_rel.a(dacc.o)
 .comment       0x000001ec       0x12 /Applications/Arduino.app/Contents/Resources/Java/hardware/tools/g++_arm_none_eabi/bin/../lib/gcc/arm-none-eabi/4.4.1/../../../../arm-none-eabi/lib/thumb2/libm.a(lib_a-s_isinfd.o)
 .comment       0x000001fe       0x12 /Applications/Arduino.app/Contents/Resources/Java/hardware/tools/g++_arm_none_eabi/bin/../lib/gcc/arm-none-eabi/4.4.1/../../../../arm-none-eabi/lib/thumb2/libm.a(lib_a-s_isnand.o)
 .comment       0x00000210       0x12 /Applications/Arduino.app/Contents/Resources/Java/hardware/tools/g++_arm_none_eabi/bin/../lib/gcc/arm-none-eabi/4.4.1/../../../../arm-none-eabi/lib/thumb2/libc.a(lib_a-assert.o)
 .comment       0x00000222       0x12 /Applications/Arduino.app/Contents/Resources/Java/hardware/tools/g++_arm_none_eabi/bin/../lib/gcc/arm-none-eabi/4.4.1/../../../../arm-none-eabi/lib/thumb2/libc.a(lib_a-atof.o)
 .comment       0x00000234       0x12 /Applications/Arduino.app/Contents/Resources/Java/hardware/tools/g++_arm_none_eabi/bin/../lib/gcc/arm-none-eabi/4.4.1/../../../../arm-none-eabi/lib/thumb2/libc.a(lib_a-atol.o)
 .comment       0x00000246       0x12 /Applications/Arduino.app/Contents/Resources/Java/hardware/tools/g++_arm_none_eabi/bin/../lib/gcc/arm-none-eabi/4.4.1/../../../../arm-none-eabi/lib/thumb2/libc.a(lib_a-fiprintf.o)
 .comment       0x00000258       0x12 /Applications/Arduino.app/Contents/Resources/Java/hardware/tools/g++_arm_none_eabi/bin/../lib/gcc/arm-none-eabi/4.4.1/../../../../arm-none-eabi/lib/thumb2/libc.a(lib_a-impure.o)
 .comment       0x0000026a       0x12 /Applications/Arduino.app/Contents/Resources/Java/hardware/tools/g++_arm_none_eabi/bin/../lib/gcc/arm-none-eabi/4.4.1/../../../../arm-none-eabi/lib/thumb2/libc.a(lib_a-init.o)
 .comment       0x0000027c       0x12 /Applications/Arduino.app/Contents/Resources/Java/hardware/tools/g++_arm_none_eabi/bin/../lib/gcc/arm-none-eabi/4.4.1/../../../../arm-none-eabi/lib/thumb2/libc.a(lib_a-iprintf.o)
 .comment       0x0000028e       0x12 /Applications/Arduino.app/Contents/Resources/Java/hardware/tools/g++_arm_none_eabi/bin/../lib/gcc/arm-none-eabi/4.4.1/../../../../arm-none-eabi/lib/thumb2/libc.a(lib_a-isspace.o)
 .comment       0x000002a0       0x12 /Applications/Arduino.app/Contents/Resources/Java/hardware/tools/g++_arm_none_eabi/bin/../lib/gcc/arm-none-eabi/4.4.1/../../../../arm-none-eabi/lib/thumb2/libc.a(lib_a-malloc.o)
 .comment       0x000002b2       0x12 /Applications/Arduino.app/Contents/Resources/Java/hardware/tools/g++_arm_none_eabi/bin/../lib/gcc/arm-none-eabi/4.4.1/../../../../arm-none-eabi/lib/thumb2/libc.a(lib_a-mallocr.o)
 .comment       0x000002c4       0x12 /Applications/Arduino.app/Contents/Resources/Java/hardware/tools/g++_arm_none_eabi/bin/../lib/gcc/arm-none-eabi/4.4.1/../../../../arm-none-eabi/lib/thumb2/libc.a(lib_a-memcpy.o)
 .comment       0x000002d6       0x12 /Applications/Arduino.app/Contents/Resources/Java/hardware/tools/g++_arm_none_eabi/bin/../lib/gcc/arm-none-eabi/4.4.1/../../../../arm-none-eabi/lib/thumb2/libc.a(lib_a-memmove.o)
 .comment       0x000002e8       0x12 /Applications/Arduino.app/Contents/Resources/Java/hardware/tools/g++_arm_none_eabi/bin/../lib/gcc/arm-none-eabi/4.4.1/../../../../arm-none-eabi/lib/thumb2/libc.a(lib_a-memset.o)
 .comment       0x000002fa       0x12 /Applications/Arduino.app/Contents/Resources/Java/hardware/tools/g++_arm_none_eabi/bin/../lib/gcc/arm-none-eabi/4.4.1/../../../../arm-none-eabi/lib/thumb2/libc.a(lib_a-mlock.o)
 .comment       0x0000030c       0x12 /Applications/Arduino.app/Contents/Resources/Java/hardware/tools/g++_arm_none_eabi/bin/../lib/gcc/arm-none-eabi/4.4.1/../../../../arm-none-eabi/lib/thumb2/libc.a(lib_a-realloc.o)
 .comment       0x0000031e       0x12 /Applications/Arduino.app/Contents/Resources/Java/hardware/tools/g++_arm_none_eabi/bin/../lib/gcc/arm-none-eabi/4.4.1/../../../../arm-none-eabi/lib/thumb2/libc.a(lib_a-reallocr.o)
 .comment       0x00000330       0x12 /Applications/Arduino.app/Contents/Resources/Java/hardware/tools/g++_arm_none_eabi/bin/../lib/gcc/arm-none-eabi/4.4.1/../../../../arm-none-eabi/lib/thumb2/libc.a(lib_a-sbrkr.o)
 .comment       0x00000342       0x12 /Applications/Arduino.app/Contents/Resources/Java/hardware/tools/g++_arm_none_eabi/bin/../lib/gcc/arm-none-eabi/4.4.1/../../../../arm-none-eabi/lib/thumb2/libc.a(lib_a-sprintf.o)
 .comment       0x00000354       0x12 /Applications/Arduino.app/Contents/Resources/Java/hardware/tools/g++_arm_none_eabi/bin/../lib/gcc/arm-none-eabi/4.4.1/../../../../arm-none-eabi/lib/thumb2/libc.a(lib_a-strchr.o)
 .comment       0x00000366       0x12 /Applications/Arduino.app/Contents/Resources/Java/hardware/tools/g++_arm_none_eabi/bin/../lib/gcc/arm-none-eabi/4.4.1/../../../../arm-none-eabi/lib/thumb2/libc.a(lib_a-strcmp.o)
 .comment       0x00000378       0x12 /Applications/Arduino.app/Contents/Resources/Java/hardware/tools/g++_arm_none_eabi/bin/../lib/gcc/arm-none-eabi/4.4.1/../../../../arm-none-eabi/lib/thumb2/libc.a(lib_a-strcpy.o)
 .comment       0x0000038a       0x12 /Applications/Arduino.app/Contents/Resources/Java/hardware/tools/g++_arm_none_eabi/bin/../lib/gcc/arm-none-eabi/4.4.1/../../../../arm-none-eabi/lib/thumb2/libc.a(lib_a-strlen.o)
 .comment       0x0000039c       0x12 /Applications/Arduino.app/Contents/Resources/Java/hardware/tools/g++_arm_none_eabi/bin/../lib/gcc/arm-none-eabi/4.4.1/../../../../arm-none-eabi/lib/thumb2/libc.a(lib_a-strncmp.o)
 .comment       0x000003ae       0x12 /Applications/Arduino.app/Contents/Resources/Java/hardware/tools/g++_arm_none_eabi/bin/../lib/gcc/arm-none-eabi/4.4.1/../../../../arm-none-eabi/lib/thumb2/libc.a(lib_a-strncpy.o)
 .comment       0x000003c0       0x12 /Applications/Arduino.app/Contents/Resources/Java/hardware/tools/g++_arm_none_eabi/bin/../lib/gcc/arm-none-eabi/4.4.1/../../../../arm-none-eabi/lib/thumb2/libc.a(lib_a-strrchr.o)
 .comment       0x000003d2       0x12 /Applications/Arduino.app/Contents/Resources/Java/hardware/tools/g++_arm_none_eabi/bin/../lib/gcc/arm-none-eabi/4.4.1/../../../../arm-none-eabi/lib/thumb2/libc.a(lib_a-strstr.o)
 .comment       0x000003e4       0x12 /Applications/Arduino.app/Contents/Resources/Java/hardware/tools/g++_arm_none_eabi/bin/../lib/gcc/arm-none-eabi/4.4.1/../../../../arm-none-eabi/lib/thumb2/libc.a(lib_a-strtod.o)
 .comment       0x000003f6       0x12 /Applications/Arduino.app/Contents/Resources/Java/hardware/tools/g++_arm_none_eabi/bin/../lib/gcc/arm-none-eabi/4.4.1/../../../../arm-none-eabi/lib/thumb2/libc.a(lib_a-strtol.o)
 .comment       0x00000408       0x12 /Applications/Arduino.app/Contents/Resources/Java/hardware/tools/g++_arm_none_eabi/bin/../lib/gcc/arm-none-eabi/4.4.1/../../../../arm-none-eabi/lib/thumb2/libc.a(lib_a-svfprintf.o)
 .comment       0x0000041a       0x12 /Applications/Arduino.app/Contents/Resources/Java/hardware/tools/g++_arm_none_eabi/bin/../lib/gcc/arm-none-eabi/4.4.1/../../../../arm-none-eabi/lib/thumb2/libc.a(lib_a-tolower.o)
 .comment       0x0000042c       0x12 /Applications/Arduino.app/Contents/Resources/Java/hardware/tools/g++_arm_none_eabi/bin/../lib/gcc/arm-none-eabi/4.4.1/../../../../arm-none-eabi/lib/thumb2/libc.a(lib_a-toupper.o)
 .comment       0x0000043e       0x12 /Applications/Arduino.app/Contents/Resources/Java/hardware/tools/g++_arm_none_eabi/bin/../lib/gcc/arm-none-eabi/4.4.1/../../../../arm-none-eabi/lib/thumb2/libc.a(lib_a-vfiprintf.o)
 .comment       0x00000450       0x12 /Applications/Arduino.app/Contents/Resources/Java/hardware/tools/g++_arm_none_eabi/bin/../lib/gcc/arm-none-eabi/4.4.1/../../../../arm-none-eabi/lib/thumb2/libc.a(lib_a-wsetup.o)
 .comment       0x00000462       0x12 /Applications/Arduino.app/Contents/Resources/Java/hardware/tools/g++_arm_none_eabi/bin/../lib/gcc/arm-none-eabi/4.4.1/../../../../arm-none-eabi/lib/thumb2/libc.a(lib_a-abort.o)
 .comment       0x00000474       0x12 /Applications/Arduino.app/Contents/Resources/Java/hardware/tools/g++_arm_none_eabi/bin/../lib/gcc/arm-none-eabi/4.4.1/../../../../arm-none-eabi/lib/thumb2/libc.a(lib_a-ctype_.o)
 .comment       0x00000486       0x12 /Applications/Arduino.app/Contents/Resources/Java/hardware/tools/g++_arm_none_eabi/bin/../lib/gcc/arm-none-eabi/4.4.1/../../../../arm-none-eabi/lib/thumb2/libc.a(lib_a-dtoa.o)
 .comment       0x00000498       0x12 /Applications/Arduino.app/Contents/Resources/Java/hardware/tools/g++_arm_none_eabi/bin/../lib/gcc/arm-none-eabi/4.4.1/../../../../arm-none-eabi/lib/thumb2/libc.a(lib_a-fflush.o)
 .comment       0x000004aa       0x12 /Applications/Arduino.app/Contents/Resources/Java/hardware/tools/g++_arm_none_eabi/bin/../lib/gcc/arm-none-eabi/4.4.1/../../../../arm-none-eabi/lib/thumb2/libc.a(lib_a-findfp.o)
 .comment       0x000004bc       0x12 /Applications/Arduino.app/Contents/Resources/Java/hardware/tools/g++_arm_none_eabi/bin/../lib/gcc/arm-none-eabi/4.4.1/../../../../arm-none-eabi/lib/thumb2/libc.a(lib_a-freer.o)
 .comment       0x000004ce       0x12 /Applications/Arduino.app/Contents/Resources/Java/hardware/tools/g++_arm_none_eabi/bin/../lib/gcc/arm-none-eabi/4.4.1/../../../../arm-none-eabi/lib/thumb2/libc.a(lib_a-fvwrite.o)
 .comment       0x000004e0       0x12 /Applications/Arduino.app/Contents/Resources/Java/hardware/tools/g++_arm_none_eabi/bin/../lib/gcc/arm-none-eabi/4.4.1/../../../../arm-none-eabi/lib/thumb2/libc.a(lib_a-fwalk.o)
 .comment       0x000004f2       0x12 /Applications/Arduino.app/Contents/Resources/Java/hardware/tools/g++_arm_none_eabi/bin/../lib/gcc/arm-none-eabi/4.4.1/../../../../arm-none-eabi/lib/thumb2/libc.a(lib_a-gdtoa-gethex.o)
 .comment       0x00000504       0x12 /Applications/Arduino.app/Contents/Resources/Java/hardware/tools/g++_arm_none_eabi/bin/../lib/gcc/arm-none-eabi/4.4.1/../../../../arm-none-eabi/lib/thumb2/libc.a(lib_a-gdtoa-hexnan.o)
 .comment       0x00000516       0x12 /Applications/Arduino.app/Contents/Resources/Java/hardware/tools/g++_arm_none_eabi/bin/../lib/gcc/arm-none-eabi/4.4.1/../../../../arm-none-eabi/lib/thumb2/libc.a(lib_a-locale.o)
 .comment       0x00000528       0x12 /Applications/Arduino.app/Contents/Resources/Java/hardware/tools/g++_arm_none_eabi/bin/../lib/gcc/arm-none-eabi/4.4.1/../../../../arm-none-eabi/lib/thumb2/libc.a(lib_a-makebuf.o)
 .comment       0x0000053a       0x12 /Applications/Arduino.app/Contents/Resources/Java/hardware/tools/g++_arm_none_eabi/bin/../lib/gcc/arm-none-eabi/4.4.1/../../../../arm-none-eabi/lib/thumb2/libc.a(lib_a-memchr.o)
 .comment       0x0000054c       0x12 /Applications/Arduino.app/Contents/Resources/Java/hardware/tools/g++_arm_none_eabi/bin/../lib/gcc/arm-none-eabi/4.4.1/../../../../arm-none-eabi/lib/thumb2/libc.a(lib_a-mprec.o)
 .comment       0x0000055e       0x12 /Applications/Arduino.app/Contents/Resources/Java/hardware/tools/g++_arm_none_eabi/bin/../lib/gcc/arm-none-eabi/4.4.1/../../../../arm-none-eabi/lib/thumb2/libc.a(lib_a-reent.o)
 .comment       0x00000570       0x12 /Applications/Arduino.app/Contents/Resources/Java/hardware/tools/g++_arm_none_eabi/bin/../lib/gcc/arm-none-eabi/4.4.1/../../../../arm-none-eabi/lib/thumb2/libc.a(lib_a-signal.o)
 .comment       0x00000582       0x12 /Applications/Arduino.app/Contents/Resources/Java/hardware/tools/g++_arm_none_eabi/bin/../lib/gcc/arm-none-eabi/4.4.1/../../../../arm-none-eabi/lib/thumb2/libc.a(lib_a-signalr.o)
 .comment       0x00000594       0x12 /Applications/Arduino.app/Contents/Resources/Java/hardware/tools/g++_arm_none_eabi/bin/../lib/gcc/arm-none-eabi/4.4.1/../../../../arm-none-eabi/lib/thumb2/libc.a(lib_a-stdio.o)
 .comment       0x000005a6       0x12 /Applications/Arduino.app/Contents/Resources/Java/hardware/tools/g++_arm_none_eabi/bin/../lib/gcc/arm-none-eabi/4.4.1/../../../../arm-none-eabi/lib/thumb2/libc.a(lib_a-writer.o)
 .comment       0x000005b8       0x12 /Applications/Arduino.app/Contents/Resources/Java/hardware/tools/g++_arm_none_eabi/bin/../lib/gcc/arm-none-eabi/4.4.1/../../../../arm-none-eabi/lib/thumb2/libc.a(lib_a-callocr.o)
 .comment       0x000005ca       0x12 /Applications/Arduino.app/Contents/Resources/Java/hardware/tools/g++_arm_none_eabi/bin/../lib/gcc/arm-none-eabi/4.4.1/../../../../arm-none-eabi/lib/thumb2/libc.a(lib_a-closer.o)
 .comment       0x000005dc       0x12 /Applications/Arduino.app/Contents/Resources/Java/hardware/tools/g++_arm_none_eabi/bin/../lib/gcc/arm-none-eabi/4.4.1/../../../../arm-none-eabi/lib/thumb2/libc.a(lib_a-fclose.o)
 .comment       0x000005ee       0x12 /Applications/Arduino.app/Contents/Resources/Java/hardware/tools/g++_arm_none_eabi/bin/../lib/gcc/arm-none-eabi/4.4.1/../../../../arm-none-eabi/lib/thumb2/libc.a(lib_a-fstatr.o)
 .comment       0x00000600       0x12 /Applications/Arduino.app/Contents/Resources/Java/hardware/tools/g++_arm_none_eabi/bin/../lib/gcc/arm-none-eabi/4.4.1/../../../../arm-none-eabi/lib/thumb2/libc.a(lib_a-isattyr.o)
 .comment       0x00000612       0x12 /Applications/Arduino.app/Contents/Resources/Java/hardware/tools/g++_arm_none_eabi/bin/../lib/gcc/arm-none-eabi/4.4.1/../../../../arm-none-eabi/lib/thumb2/libc.a(lib_a-lseekr.o)
 .comment       0x00000624       0x12 /Applications/Arduino.app/Contents/Resources/Java/hardware/tools/g++_arm_none_eabi/bin/../lib/gcc/arm-none-eabi/4.4.1/../../../../arm-none-eabi/lib/thumb2/libc.a(lib_a-readr.o)
 .comment       0x00000636       0x12 /Applications/Arduino.app/Contents/Resources/Java/hardware/tools/g++_arm_none_eabi/bin/../lib/gcc/arm-none-eabi/4.4.1/thumb2/crtend.o

.debug_line     0x00000000     0x63ec
 .debug_line    0x00000000       0x6f /Applications/Arduino.app/Contents/Resources/Java/hardware/tools/g++_arm_none_eabi/bin/../lib/gcc/arm-none-eabi/4.4.1/thumb2/crti.o
 .debug_line    0x0000006f      0x526 Builds/variant.o
 .debug_line    0x00000595      0x3b2 Builds/syscalls_sam3.o
 .debug_line    0x00000947        0x0 Builds/LocalLibrary.o
 .debug_line    0x00000947      0x2f6 Builds/RXPacket.o
 .debug_line    0x00000c3d      0x2f6 Builds/TXPacket.o
 .debug_line    0x00000f33      0x2cb Builds/main.o
 .debug_line    0x000011fe      0x4b8 Builds/embeddedcomputing.a(WInterrupts.o)
 .debug_line    0x000016b6      0x2be Builds/embeddedcomputing.a(cortex_handlers.o)
 .debug_line    0x00001974       0xac Builds/embeddedcomputing.a(hooks.o)
 .debug_line    0x00001a20      0x2b1 Builds/embeddedcomputing.a(wiring.o)
 .debug_line    0x00001cd1      0x4b5 Builds/embeddedcomputing.a(wiring_analog.o)
 .debug_line    0x00002186      0x370 Builds/embeddedcomputing.a(wiring_digital.o)
 .debug_line    0x000024f6      0x3f9 Builds/embeddedcomputing.a(Reset.o)
 .debug_line    0x000028ef      0x17b Builds/embeddedcomputing.a(RingBuffer.o)
 .debug_line    0x00002a6a      0x546 Builds/embeddedcomputing.a(UARTClass.o)
 .debug_line    0x00002fb0      0x549 Builds/embeddedcomputing.a(USARTClass.o)
 .debug_line    0x000034f9      0x937 Builds/embeddedcomputing.a(WString.o)
 .debug_line    0x00003e30       0x96 Builds/embeddedcomputing.a(cxxabi-compat.o)
 .debug_line    0x00003ec6      0x6df Builds/embeddedcomputing.a(USBCore.o)
 .debug_line    0x000045a5       0xf1 Builds/embeddedcomputing.a(itoa.o)
 .debug_line    0x00004696       0x98 Builds/embeddedcomputing.a(dtostrf.o)
 .debug_line    0x0000472e      0x5f8 Builds/embeddedcomputing.a(Print.o)
 .debug_line    0x00004d26      0x69f Builds/embeddedcomputing.a(CDC.o)
 .debug_line    0x000053c5      0x5f3 Builds/embeddedcomputing.a(HID.o)
 .debug_line    0x000059b8      0x20e /Applications/Arduino.app/Contents/Resources/Java/hardware/tools/g++_arm_none_eabi/bin/../lib/gcc/arm-none-eabi/4.4.1/thumb2/libgcc.a(_arm_addsubdf3.o)
 .debug_line    0x00005bc6      0x22e /Applications/Arduino.app/Contents/Resources/Java/hardware/tools/g++_arm_none_eabi/bin/../lib/gcc/arm-none-eabi/4.4.1/thumb2/libgcc.a(_arm_muldivdf3.o)
 .debug_line    0x00005df4      0x114 /Applications/Arduino.app/Contents/Resources/Java/hardware/tools/g++_arm_none_eabi/bin/../lib/gcc/arm-none-eabi/4.4.1/thumb2/libgcc.a(_arm_cmpdf2.o)
 .debug_line    0x00005f08       0x8c /Applications/Arduino.app/Contents/Resources/Java/hardware/tools/g++_arm_none_eabi/bin/../lib/gcc/arm-none-eabi/4.4.1/thumb2/libgcc.a(_arm_fixdfsi.o)
 .debug_line    0x00005f94       0x88 /Applications/Arduino.app/Contents/Resources/Java/hardware/tools/g++_arm_none_eabi/bin/../lib/gcc/arm-none-eabi/4.4.1/thumb2/libgcc.a(_arm_fixunsdfsi.o)
 .debug_line    0x0000601c       0xa0 /Applications/Arduino.app/Contents/Resources/Java/hardware/tools/g++_arm_none_eabi/bin/../lib/gcc/arm-none-eabi/4.4.1/thumb2/libgcc.a(_arm_truncdfsf2.o)
 .debug_line    0x000060bc       0x98 /Applications/Arduino.app/Contents/Resources/Java/hardware/tools/g++_arm_none_eabi/bin/../lib/gcc/arm-none-eabi/4.4.1/thumb2/libgcc.a(_udivsi3.o)
 .debug_line    0x00006154       0xa9 /Applications/Arduino.app/Contents/Resources/Java/hardware/tools/g++_arm_none_eabi/bin/../lib/gcc/arm-none-eabi/4.4.1/thumb2/libgcc.a(_divsi3.o)
 .debug_line    0x000061fd       0x75 /Applications/Arduino.app/Contents/Resources/Java/hardware/tools/g++_arm_none_eabi/bin/../lib/gcc/arm-none-eabi/4.4.1/thumb2/libgcc.a(_dvmd_tls.o)
 .debug_line    0x00006272      0x108 /Applications/Arduino.app/Contents/Resources/Java/hardware/tools/g++_arm_none_eabi/bin/../lib/gcc/arm-none-eabi/4.4.1/thumb2/libgcc.a(_arm_cmpsf2.o)
 .debug_line    0x0000637a       0x72 /Applications/Arduino.app/Contents/Resources/Java/hardware/tools/g++_arm_none_eabi/bin/../lib/gcc/arm-none-eabi/4.4.1/thumb2/crtn.o

.debug_info     0x00000000    0x14a45
 .debug_info    0x00000000       0x8f /Applications/Arduino.app/Contents/Resources/Java/hardware/tools/g++_arm_none_eabi/bin/../lib/gcc/arm-none-eabi/4.4.1/thumb2/crti.o
 .debug_info    0x0000008f     0x1288 Builds/variant.o
 .debug_info    0x00001317      0x5fb Builds/syscalls_sam3.o
 .debug_info    0x00001912        0x0 Builds/LocalLibrary.o
 .debug_info    0x00001912      0xf7d Builds/RXPacket.o
 .debug_info    0x0000288f      0xf7d Builds/TXPacket.o
 .debug_info    0x0000380c      0x2db Builds/main.o
 .debug_info    0x00003ae7     0x1161 Builds/embeddedcomputing.a(WInterrupts.o)
 .debug_info    0x00004c48      0x233 Builds/embeddedcomputing.a(cortex_handlers.o)
 .debug_info    0x00004e7b       0x64 Builds/embeddedcomputing.a(hooks.o)
 .debug_info    0x00004edf      0x4a8 Builds/embeddedcomputing.a(wiring.o)
 .debug_info    0x00005387     0x16aa Builds/embeddedcomputing.a(wiring_analog.o)
 .debug_info    0x00006a31      0x8bc Builds/embeddedcomputing.a(wiring_digital.o)
 .debug_info    0x000072ed      0x355 Builds/embeddedcomputing.a(Reset.o)
 .debug_info    0x00007642      0x195 Builds/embeddedcomputing.a(RingBuffer.o)
 .debug_info    0x000077d7     0x1b3c Builds/embeddedcomputing.a(UARTClass.o)
 .debug_info    0x00009313     0x1c24 Builds/embeddedcomputing.a(USARTClass.o)
 .debug_info    0x0000af37     0x2ad9 Builds/embeddedcomputing.a(WString.o)
 .debug_info    0x0000da10       0x38 Builds/embeddedcomputing.a(cxxabi-compat.o)
 .debug_info    0x0000da48     0x1602 Builds/embeddedcomputing.a(USBCore.o)
 .debug_info    0x0000f04a      0x23f Builds/embeddedcomputing.a(itoa.o)
 .debug_info    0x0000f289       0xc2 Builds/embeddedcomputing.a(dtostrf.o)
 .debug_info    0x0000f34b     0x1bc4 Builds/embeddedcomputing.a(Print.o)
 .debug_info    0x00010f0f     0x24e8 Builds/embeddedcomputing.a(CDC.o)
 .debug_info    0x000133f7      0xe46 Builds/embeddedcomputing.a(HID.o)
 .debug_info    0x0001423d       0xbf /Applications/Arduino.app/Contents/Resources/Java/hardware/tools/g++_arm_none_eabi/bin/../lib/gcc/arm-none-eabi/4.4.1/thumb2/libgcc.a(_arm_addsubdf3.o)
 .debug_info    0x000142fc       0xbf /Applications/Arduino.app/Contents/Resources/Java/hardware/tools/g++_arm_none_eabi/bin/../lib/gcc/arm-none-eabi/4.4.1/thumb2/libgcc.a(_arm_muldivdf3.o)
 .debug_info    0x000143bb       0xbf /Applications/Arduino.app/Contents/Resources/Java/hardware/tools/g++_arm_none_eabi/bin/../lib/gcc/arm-none-eabi/4.4.1/thumb2/libgcc.a(_arm_cmpdf2.o)
 .debug_info    0x0001447a       0xbf /Applications/Arduino.app/Contents/Resources/Java/hardware/tools/g++_arm_none_eabi/bin/../lib/gcc/arm-none-eabi/4.4.1/thumb2/libgcc.a(_arm_fixdfsi.o)
 .debug_info    0x00014539       0xbf /Applications/Arduino.app/Contents/Resources/Java/hardware/tools/g++_arm_none_eabi/bin/../lib/gcc/arm-none-eabi/4.4.1/thumb2/libgcc.a(_arm_fixunsdfsi.o)
 .debug_info    0x000145f8       0xbf /Applications/Arduino.app/Contents/Resources/Java/hardware/tools/g++_arm_none_eabi/bin/../lib/gcc/arm-none-eabi/4.4.1/thumb2/libgcc.a(_arm_truncdfsf2.o)
 .debug_info    0x000146b7       0xc0 /Applications/Arduino.app/Contents/Resources/Java/hardware/tools/g++_arm_none_eabi/bin/../lib/gcc/arm-none-eabi/4.4.1/thumb2/libgcc.a(_udivsi3.o)
 .debug_info    0x00014777       0xc0 /Applications/Arduino.app/Contents/Resources/Java/hardware/tools/g++_arm_none_eabi/bin/../lib/gcc/arm-none-eabi/4.4.1/thumb2/libgcc.a(_divsi3.o)
 .debug_info    0x00014837       0xc0 /Applications/Arduino.app/Contents/Resources/Java/hardware/tools/g++_arm_none_eabi/bin/../lib/gcc/arm-none-eabi/4.4.1/thumb2/libgcc.a(_dvmd_tls.o)
 .debug_info    0x000148f7       0xbf /Applications/Arduino.app/Contents/Resources/Java/hardware/tools/g++_arm_none_eabi/bin/../lib/gcc/arm-none-eabi/4.4.1/thumb2/libgcc.a(_arm_cmpsf2.o)
 .debug_info    0x000149b6       0x8f /Applications/Arduino.app/Contents/Resources/Java/hardware/tools/g++_arm_none_eabi/bin/../lib/gcc/arm-none-eabi/4.4.1/thumb2/crtn.o

.debug_abbrev   0x00000000     0x3420
 .debug_abbrev  0x00000000       0x12 /Applications/Arduino.app/Contents/Resources/Java/hardware/tools/g++_arm_none_eabi/bin/../lib/gcc/arm-none-eabi/4.4.1/thumb2/crti.o
 .debug_abbrev  0x00000012      0x2a6 Builds/variant.o
 .debug_abbrev  0x000002b8      0x169 Builds/syscalls_sam3.o
 .debug_abbrev  0x00000421        0x1 Builds/LocalLibrary.o
 .debug_abbrev  0x00000422      0x240 Builds/RXPacket.o
 .debug_abbrev  0x00000662      0x240 Builds/TXPacket.o
 .debug_abbrev  0x000008a2      0x11d Builds/main.o
 .debug_abbrev  0x000009bf      0x265 Builds/embeddedcomputing.a(WInterrupts.o)
 .debug_abbrev  0x00000c24       0xc9 Builds/embeddedcomputing.a(cortex_handlers.o)
 .debug_abbrev  0x00000ced       0x43 Builds/embeddedcomputing.a(hooks.o)
 .debug_abbrev  0x00000d30      0x14c Builds/embeddedcomputing.a(wiring.o)
 .debug_abbrev  0x00000e7c      0x28f Builds/embeddedcomputing.a(wiring_analog.o)
 .debug_abbrev  0x0000110b      0x146 Builds/embeddedcomputing.a(wiring_digital.o)
 .debug_abbrev  0x00001251      0x146 Builds/embeddedcomputing.a(Reset.o)
 .debug_abbrev  0x00001397      0x139 Builds/embeddedcomputing.a(RingBuffer.o)
 .debug_abbrev  0x000014d0      0x3dd Builds/embeddedcomputing.a(UARTClass.o)
 .debug_abbrev  0x000018ad      0x3dd Builds/embeddedcomputing.a(USARTClass.o)
 .debug_abbrev  0x00001c8a      0x35c Builds/embeddedcomputing.a(WString.o)
 .debug_abbrev  0x00001fe6       0x27 Builds/embeddedcomputing.a(cxxabi-compat.o)
 .debug_abbrev  0x0000200d      0x507 Builds/embeddedcomputing.a(USBCore.o)
 .debug_abbrev  0x00002514       0xe0 Builds/embeddedcomputing.a(itoa.o)
 .debug_abbrev  0x000025f4       0x98 Builds/embeddedcomputing.a(dtostrf.o)
 .debug_abbrev  0x0000268c      0x33e Builds/embeddedcomputing.a(Print.o)
 .debug_abbrev  0x000029ca      0x4d6 Builds/embeddedcomputing.a(CDC.o)
 .debug_abbrev  0x00002ea0      0x4a6 Builds/embeddedcomputing.a(HID.o)
 .debug_abbrev  0x00003346       0x14 /Applications/Arduino.app/Contents/Resources/Java/hardware/tools/g++_arm_none_eabi/bin/../lib/gcc/arm-none-eabi/4.4.1/thumb2/libgcc.a(_arm_addsubdf3.o)
 .debug_abbrev  0x0000335a       0x14 /Applications/Arduino.app/Contents/Resources/Java/hardware/tools/g++_arm_none_eabi/bin/../lib/gcc/arm-none-eabi/4.4.1/thumb2/libgcc.a(_arm_muldivdf3.o)
 .debug_abbrev  0x0000336e       0x14 /Applications/Arduino.app/Contents/Resources/Java/hardware/tools/g++_arm_none_eabi/bin/../lib/gcc/arm-none-eabi/4.4.1/thumb2/libgcc.a(_arm_cmpdf2.o)
 .debug_abbrev  0x00003382       0x14 /Applications/Arduino.app/Contents/Resources/Java/hardware/tools/g++_arm_none_eabi/bin/../lib/gcc/arm-none-eabi/4.4.1/thumb2/libgcc.a(_arm_fixdfsi.o)
 .debug_abbrev  0x00003396       0x14 /Applications/Arduino.app/Contents/Resources/Java/hardware/tools/g++_arm_none_eabi/bin/../lib/gcc/arm-none-eabi/4.4.1/thumb2/libgcc.a(_arm_fixunsdfsi.o)
 .debug_abbrev  0x000033aa       0x14 /Applications/Arduino.app/Contents/Resources/Java/hardware/tools/g++_arm_none_eabi/bin/../lib/gcc/arm-none-eabi/4.4.1/thumb2/libgcc.a(_arm_truncdfsf2.o)
 .debug_abbrev  0x000033be       0x14 /Applications/Arduino.app/Contents/Resources/Java/hardware/tools/g++_arm_none_eabi/bin/../lib/gcc/arm-none-eabi/4.4.1/thumb2/libgcc.a(_udivsi3.o)
 .debug_abbrev  0x000033d2       0x14 /Applications/Arduino.app/Contents/Resources/Java/hardware/tools/g++_arm_none_eabi/bin/../lib/gcc/arm-none-eabi/4.4.1/thumb2/libgcc.a(_divsi3.o)
 .debug_abbrev  0x000033e6       0x14 /Applications/Arduino.app/Contents/Resources/Java/hardware/tools/g++_arm_none_eabi/bin/../lib/gcc/arm-none-eabi/4.4.1/thumb2/libgcc.a(_dvmd_tls.o)